data/complex_sales_dataset.csv
date,product,category,region,store,price,promotion,inventory,weekday,month,sales
2023-01-01,laptop,computers,north,store_3,900.0,0,18,6,1,7
2023-01-27,laptop,computers,north,store_3,900.0,0,14,4,1,5
2023-02-13,laptop,computers,north,store_3,900.0,0,30,0,2,3
2023-03-19,laptop,computers,north,store_3,900.0,0,26,6,3,10
2023-04-15,laptop,computers,north,store_3,900.0,0,20,5,4,3
2023-04-19,laptop,computers,north,store_3,900.0,0,23,2,4,6
2023-05-05,laptop,computers,north,store_3,900.0,0,17,4,5,5
2023-05-07,laptop,computers,north,store_3,900.0,0,25,6,5,4
2023-05-19,laptop,computers,north,store_3,900.0,0,22,4,5,11
2023-06-15,laptop,computers,north,store_3,900.0,0,26,3,6,2
2023-07-15,laptop,computers,north,store_3,900.0,0,34,5,7,8
2023-07-17,laptop,computers,north,store_3,900.0,0,24,0,7,9
2023-08-20,laptop,computers,north,store_3,900.0,0,13,6,8,5
2023-09-04,laptop,computers,north,store_3,900.0,0,20,0,9,4
2023-09-09,laptop,computers,north,store_3,810.0,1,26,5,9,12
2023-10-04,laptop,computers,north,store_3,900.0,0,29,2,10,5
2023-10-05,laptop,computers,north,store_3,810.0,1,16,3,10,9
2023-10-11,laptop,computers,north,store_3,900.0,0,33,2,10,4
2023-10-30,laptop,computers,north,store_3,900.0,0,20,0,10,1
2023-11-11,laptop,computers,north,store_3,900.0,0,22,5,11,6
2023-11-12,laptop,computers,north,store_3,900.0,0,19,6,11,6
2023-11-20,laptop,computers,north,store_3,900.0,0,28,0,11,7
2023-12-03,laptop,computers,north,store_3,900.0,0,36,6,12,10
2023-12-08,laptop,computers,north,store_3,900.0,0,10,4,12,4
2023-12-28,laptop,computers,north,store_3,900.0,0,34,3,12,6
2024-01-06,laptop,computers,north,store_3,900.0,0,24,5,1,7
2024-02-01,laptop,computers,north,store_3,900.0,0,19,3,2,9
2024-02-05,laptop,computers,north,store_3,900.0,0,19,0,2,4
2024-02-17,laptop,computers,north,store_3,900.0,0,32,5,2,8
2024-02-19,laptop,computers,north,store_3,900.0,0,24,0,2,5
2024-02-25,laptop,computers,north,store_3,900.0,0,10,6,2,5
2024-03-10,laptop,computers,north,store_3,900.0,0,7,6,3,1
2024-03-14,laptop,computers,north,store_3,900.0,0,20,3,3,6
2024-03-21,laptop,computers,north,store_3,900.0,0,26,3,3,6
2024-03-22,laptop,computers,north,store_3,900.0,0,24,4,3,2
2024-04-06,laptop,computers,north,store_3,900.0,0,32,5,4,6
2024-04-12,laptop,computers,north,store_3,810.0,1,26,4,4,10
2024-04-20,laptop,computers,north,store_3,900.0,0,21,5,4,5
2024-04-21,laptop,computers,north,store_3,900.0,0,18,6,4,8
2024-05-06,laptop,computers,north,store_3,900.0,0,13,0,5,2
2024-05-09,laptop,computers,north,store_3,900.0,0,33,3,5,7
2024-05-23,laptop,computers,north,store_3,810.0,1,34,3,5,9
2024-06-13,laptop,computers,north,store_3,900.0,0,31,3,6,2
2024-06-22,laptop,computers,north,store_3,900.0,0,15,5,6,7
2024-07-01,laptop,computers,north,store_3,900.0,0,25,0,7,7
2024-07-08,laptop,computers,north,store_3,900.0,0,27,0,7,5
2024-07-29,laptop,computers,north,store_3,900.0,0,29,0,7,6
2024-08-03,laptop,computers,north,store_3,900.0,0,30,5,8,9
2024-08-09,laptop,computers,north,store_3,900.0,0,24,4,8,7
2024-08-31,laptop,computers,north,store_3,900.0,0,26,5,8,7
2024-09-03,laptop,computers,north,store_3,900.0,0,34,1,9,7
2024-09-07,laptop,computers,north,store_3,900.0,0,22,5,9,2
2024-09-08,laptop,computers,north,store_3,900.0,0,32,6,9,6
2024-09-18,laptop,computers,north,store_3,900.0,0,24,2,9,5
2024-09-19,laptop,computers,north,store_3,900.0,0,19,3,9,3
2024-10-18,laptop,computers,north,store_3,900.0,0,14,4,10,1
2024-10-24,laptop,computers,north,store_3,900.0,0,29,3,10,5
2024-12-03,laptop,computers,north,store_3,900.0,0,21,1,12,4
2024-12-10,laptop,computers,north,store_3,810.0,1,17,1,12,10
2024-12-11,laptop,computers,north,store_3,900.0,0,23,2,12,6
2024-12-12,laptop,computers,north,store_3,810.0,1,29,3,12,13
2024-12-29,laptop,computers,north,store_3,900.0,0,30,6,12,5
2023-01-01,mouse,accessories,south,store_3,25.0,0,41,6,1,26
2023-01-05,mouse,accessories,south,store_3,25.0,0,27,3,1,22
2023-01-06,mouse,accessories,south,store_3,22.5,1,35,4,1,27
2023-01-16,mouse,accessories,south,store_3,25.0,0,27,0,1,18
2023-02-01,mouse,accessories,south,store_3,25.0,0,36,2,2,21
2023-02-07,mouse,accessories,south,store_3,25.0,0,41,1,2,17
2023-02-18,mouse,accessories,south,store_3,25.0,0,48,5,2,24
2023-03-23,mouse,accessories,south,store_3,25.0,0,25,3,3,17
2023-03-29,mouse,accessories,south,store_3,25.0,0,33,2,3,21
2023-03-30,mouse,accessories,south,store_3,22.5,1,36,3,3,25
2023-04-05,mouse,accessories,south,store_3,25.0,0,27,2,4,19
2023-04-17,mouse,accessories,south,store_3,25.0,0,30,0,4,20
2023-04-25,mouse,accessories,south,store_3,25.0,0,30,1,4,18
2023-04-27,mouse,accessories,south,store_3,25.0,0,33,3,4,17
2023-05-02,mouse,accessories,south,store_3,22.5,1,47,1,5,23
2023-05-17,mouse,accessories,south,store_3,25.0,0,47,2,5,20
2023-05-23,mouse,accessories,south,store_3,25.0,0,44,1,5,18
2023-05-27,mouse,accessories,south,store_3,22.5,1,48,5,5,25
2023-06-10,mouse,accessories,south,store_3,25.0,0,30,5,6,22
2023-07-16,mouse,accessories,south,store_3,25.0,0,30,6,7,22
2023-07-17,mouse,accessories,south,store_3,25.0,0,39,0,7,20
2023-07-25,mouse,accessories,south,store_3,25.0,0,27,1,7,17
2023-08-07,mouse,accessories,south,store_3,25.0,0,28,0,8,23
2023-08-12,mouse,accessories,south,store_3,25.0,0,50,5,8,23
2023-09-06,mouse,accessories,south,store_3,25.0,0,26,2,9,20
2023-09-24,mouse,accessories,south,store_3,22.5,1,35,6,9,28
2023-09-25,mouse,accessories,south,store_3,25.0,0,45,0,9,18
2023-10-17,mouse,accessories,south,store_3,25.0,0,32,1,10,16
2023-11-09,mouse,accessories,south,store_3,25.0,0,39,3,11,28
2023-11-24,mouse,accessories,south,store_3,25.0,0,52,4,11,26
2023-12-10,mouse,accessories,south,store_3,22.5,1,40,6,12,32
2023-12-26,mouse,accessories,south,store_3,25.0,0,49,1,12,23
2024-02-13,mouse,accessories,south,store_3,22.5,1,40,1,2,27
2024-03-06,mouse,accessories,south,store_3,25.0,0,51,2,3,23
2024-03-13,mouse,accessories,south,store_3,25.0,0,47,2,3,22
2024-03-21,mouse,accessories,south,store_3,25.0,0,40,3,3,19
2024-04-11,mouse,accessories,south,store_3,25.0,0,35,3,4,19
2024-04-17,mouse,accessories,south,store_3,25.0,0,33,2,4,20
2024-04-18,mouse,accessories,south,store_3,25.0,0,37,3,4,19
2024-04-19,mouse,accessories,south,store_3,25.0,0,37,4,4,19
2024-05-04,mouse,accessories,south,store_3,25.0,0,45,5,5,25
2024-05-07,mouse,accessories,south,store_3,25.0,0,42,1,5,19
2024-05-31,mouse,accessories,south,store_3,25.0,0,28,4,5,17
2024-06-05,mouse,accessories,south,store_3,25.0,0,30,2,6,21
2024-06-20,mouse,accessories,south,store_3,25.0,0,21,3,6,16
2024-06-21,mouse,accessories,south,store_3,25.0,0,37,4,6,19
2024-07-20,mouse,accessories,south,store_3,25.0,0,30,5,7,23
2024-07-26,mouse,accessories,south,store_3,25.0,0,43,4,7,24
2024-07-31,mouse,accessories,south,store_3,25.0,0,25,2,7,19
2024-09-05,mouse,accessories,south,store_3,25.0,0,49,3,9,22
2024-09-11,mouse,accessories,south,store_3,25.0,0,40,2,9,19
2024-09-22,mouse,accessories,south,store_3,22.5,1,51,6,9,27
2024-10-05,mouse,accessories,south,store_3,25.0,0,42,5,10,24
2024-10-29,mouse,accessories,south,store_3,25.0,0,26,1,10,18
2024-11-07,mouse,accessories,south,store_3,25.0,0,46,3,11,25
2024-11-14,mouse,accessories,south,store_3,25.0,0,39,3,11,22
2024-11-23,mouse,accessories,south,store_3,25.0,0,36,5,11,26
2024-11-24,mouse,accessories,south,store_3,22.5,1,47,6,11,32
2024-11-30,mouse,accessories,south,store_3,25.0,0,52,5,11,28
2024-12-03,mouse,accessories,south,store_3,22.5,1,55,1,12,31
2023-01-01,keyboard,accessories,south,store_2,54.0,1,26,6,1,16
2023-01-05,keyboard,accessories,south,store_2,60.0,0,37,3,1,10
2023-01-20,keyboard,accessories,south,store_2,60.0,0,16,4,1,7
2023-02-23,keyboard,accessories,south,store_2,60.0,0,16,3,2,7
2023-03-04,keyboard,accessories,south,store_2,60.0,0,18,5,3,13
2023-03-08,keyboard,accessories,south,store_2,60.0,0,29,2,3,7
2023-03-24,keyboard,accessories,south,store_2,60.0,0,17,4,3,11
2023-04-01,keyboard,accessories,south,store_2,60.0,0,20,5,4,9
2023-05-06,keyboard,accessories,south,store_2,60.0,0,41,5,5,13
2023-06-03,keyboard,accessories,south,store_2,60.0,0,21,5,6,11
2023-06-06,keyboard,accessories,south,store_2,60.0,0,33,1,6,10
2023-06-10,keyboard,accessories,south,store_2,60.0,0,27,5,6,12
2023-07-12,keyboard,accessories,south,store_2,60.0,0,30,2,7,10
2023-08-04,keyboard,accessories,south,store_2,54.0,1,33,4,8,16
2023-08-11,keyboard,accessories,south,store_2,54.0,1,26,4,8,13
2023-08-13,keyboard,accessories,south,store_2,60.0,0,40,6,8,12
2023-08-26,keyboard,accessories,south,store_2,60.0,0,32,5,8,11
2023-10-05,keyboard,accessories,south,store_2,60.0,0,13,3,10,6
2023-10-24,keyboard,accessories,south,store_2,60.0,0,33,1,10,9
2023-10-26,keyboard,accessories,south,store_2,60.0,0,21,3,10,7
2023-11-09,keyboard,accessories,south,store_2,60.0,0,32,3,11,10
2023-11-12,keyboard,accessories,south,store_2,60.0,0,26,6,11,15
2023-12-01,keyboard,accessories,south,store_2,60.0,0,33,4,12,9
2023-12-22,keyboard,accessories,south,store_2,60.0,0,19,4,12,10
2024-01-04,keyboard,accessories,south,store_2,60.0,0,43,3,1,15
2024-01-18,keyboard,accessories,south,store_2,60.0,0,20,3,1,11
2024-01-29,keyboard,accessories,south,store_2,60.0,0,26,0,1,11
2024-02-07,keyboard,accessories,south,store_2,54.0,1,40,2,2,15
2024-02-14,keyboard,accessories,south,store_2,60.0,0,26,2,2,9
2024-02-22,keyboard,accessories,south,store_2,60.0,0,39,3,2,12
2024-03-06,keyboard,accessories,south,store_2,54.0,1,31,2,3,14
2024-03-10,keyboard,accessories,south,store_2,60.0,0,27,6,3,14
2024-03-11,keyboard,accessories,south,store_2,60.0,0,24,0,3,14
2024-03-18,keyboard,accessories,south,store_2,60.0,0,29,0,3,10
2024-04-13,keyboard,accessories,south,store_2,60.0,0,31,5,4,14
2024-04-16,keyboard,accessories,south,store_2,60.0,0,8,1,4,2
2024-05-01,keyboard,accessories,south,store_2,60.0,0,31,2,5,7
2024-05-02,keyboard,accessories,south,store_2,60.0,0,25,3,5,10
2024-06-05,keyboard,accessories,south,store_2,60.0,0,37,2,6,9
2024-06-16,keyboard,accessories,south,store_2,54.0,1,36,6,6,16
2024-06-23,keyboard,accessories,south,store_2,60.0,0,38,6,6,11
2024-07-07,keyboard,accessories,south,store_2,54.0,1,43,6,7,18
2024-07-21,keyboard,accessories,south,store_2,60.0,0,23,6,7,9
2024-07-27,keyboard,accessories,south,store_2,60.0,0,21,5,7,10
2024-07-28,keyboard,accessories,south,store_2,60.0,0,19,6,7,14
2024-08-03,keyboard,accessories,south,store_2,60.0,0,15,5,8,10
2024-08-16,keyboard,accessories,south,store_2,60.0,0,25,4,8,13
2024-08-29,keyboard,accessories,south,store_2,60.0,0,14,3,8,9
2024-08-31,keyboard,accessories,south,store_2,60.0,0,19,5,8,8
2024-09-01,keyboard,accessories,south,store_2,60.0,0,17,6,9,10
2024-09-11,keyboard,accessories,south,store_2,54.0,1,33,2,9,15
2024-09-12,keyboard,accessories,south,store_2,60.0,0,26,3,9,8
2024-09-26,keyboard,accessories,south,store_2,60.0,0,31,3,9,12
2024-10-20,keyboard,accessories,south,store_2,60.0,0,16,6,10,11
2024-10-31,keyboard,accessories,south,store_2,60.0,0,22,3,10,9
2024-11-02,keyboard,accessories,south,store_2,60.0,0,22,5,11,16
2024-11-06,keyboard,accessories,south,store_2,60.0,0,15,2,11,8
2024-11-18,keyboard,accessories,south,store_2,60.0,0,38,0,11,14
2024-11-22,keyboard,accessories,south,store_2,54.0,1,33,4,11,19
2024-12-09,keyboard,accessories,south,store_2,60.0,0,22,0,12,10
2024-12-14,keyboard,accessories,south,store_2,60.0,0,40,5,12,13
2024-12-27,keyboard,accessories,south,store_2,60.0,0,18,4,12,10
2023-01-01,monitor,displays,north,store_1,250.0,0,22,6,1,6
2023-01-08,monitor,displays,north,store_1,250.0,0,21,6,1,5
2023-01-24,monitor,displays,north,store_1,250.0,0,30,1,1,5
2023-02-02,monitor,displays,north,store_1,250.0,0,18,3,2,8
2023-02-11,monitor,displays,north,store_1,250.0,0,21,5,2,9
2023-03-09,monitor,displays,north,store_1,250.0,0,17,3,3,8
2023-03-11,monitor,displays,north,store_1,250.0,0,34,5,3,10
2023-03-12,monitor,displays,north,store_1,250.0,0,35,6,3,8
2023-04-15,monitor,displays,north,store_1,225.0,1,37,5,4,13
2023-04-21,monitor,displays,north,store_1,250.0,0,26,4,4,3
2023-04-24,monitor,displays,north,store_1,250.0,0,25,0,4,7
2023-04-25,monitor,displays,north,store_1,250.0,0,18,1,4,4
2023-05-05,monitor,displays,north,store_1,250.0,0,10,4,5,4
2023-05-09,monitor,displays,north,store_1,250.0,0,11,1,5,6
2023-05-16,monitor,displays,north,store_1,225.0,1,20,1,5,10
2023-06-10,monitor,displays,north,store_1,225.0,1,17,5,6,11
2023-06-25,monitor,displays,north,store_1,250.0,0,25,6,6,6
2023-06-29,monitor,displays,north,store_1,250.0,0,27,3,6,4
2023-06-30,monitor,displays,north,store_1,250.0,0,9,4,6,3
2023-07-03,monitor,displays,north,store_1,250.0,0,18,0,7,6
2023-07-09,monitor,displays,north,store_1,250.0,0,34,6,7,6
2023-07-18,monitor,displays,north,store_1,250.0,0,33,1,7,5
2023-07-20,monitor,displays,north,store_1,250.0,0,15,3,7,7
2023-07-21,monitor,displays,north,store_1,250.0,0,14,4,7,5
2023-08-20,monitor,displays,north,store_1,250.0,0,29,6,8,8
2023-09-02,monitor,displays,north,store_1,250.0,0,22,5,9,7
2023-09-18,monitor,displays,north,store_1,250.0,0,12,0,9,6
2023-10-07,monitor,displays,north,store_1,250.0,0,29,5,10,5
2023-10-19,monitor,displays,north,store_1,250.0,0,30,3,10,4
2023-11-06,monitor,displays,north,store_1,250.0,0,23,0,11,9
2023-11-17,monitor,displays,north,store_1,250.0,0,25,4,11,8
2023-12-18,monitor,displays,north,store_1,250.0,0,36,0,12,7
2023-12-21,monitor,displays,north,store_1,250.0,0,10,3,12,5
2023-12-24,monitor,displays,north,store_1,250.0,0,15,6,12,7
2024-01-25,monitor,displays,north,store_1,250.0,0,26,3,1,3
2024-01-30,monitor,displays,north,store_1,250.0,0,33,1,1,7
2024-02-09,monitor,displays,north,store_1,250.0,0,11,4,2,6
2024-03-06,monitor,displays,north,store_1,250.0,0,26,2,3,3
2024-03-20,monitor,displays,north,store_1,225.0,1,21,2,3,11
2024-04-05,monitor,displays,north,store_1,225.0,1,38,4,4,13
2024-04-07,monitor,displays,north,store_1,250.0,0,33,6,4,10
2024-04-14,monitor,displays,north,store_1,250.0,0,22,6,4,7
2024-04-19,monitor,displays,north,store_1,250.0,0,14,4,4,4
2024-04-23,monitor,displays,north,store_1,250.0,0,21,1,4,8
2024-05-15,monitor,displays,north,store_1,250.0,0,19,2,5,8
2024-05-26,monitor,displays,north,store_1,250.0,0,13,6,5,6
2024-06-10,monitor,displays,north,store_1,250.0,0,17,0,6,7
2024-06-24,monitor,displays,north,store_1,250.0,0,34,0,6,8
2024-07-09,monitor,displays,north,store_1,250.0,0,36,1,7,9
2024-07-27,monitor,displays,north,store_1,250.0,0,9,5,7,1
2024-08-05,monitor,displays,north,store_1,250.0,0,33,0,8,5
2024-08-21,monitor,displays,north,store_1,225.0,1,34,2,8,15
2024-09-01,monitor,displays,north,store_1,225.0,1,18,6,9,12
2024-09-07,monitor,displays,north,store_1,250.0,0,18,5,9,6
2024-09-19,monitor,displays,north,store_1,250.0,0,11,3,9,6
2024-09-20,monitor,displays,north,store_1,250.0,0,21,4,9,6
2024-09-24,monitor,displays,north,store_1,250.0,0,15,1,9,3
2024-10-05,monitor,displays,north,store_1,225.0,1,31,5,10,10
2024-10-10,monitor,displays,north,store_1,250.0,0,33,3,10,9
2024-12-07,monitor,displays,north,store_1,225.0,1,41,5,12,14
2024-12-17,monitor,displays,north,store_1,250.0,0,27,1,12,8
2024-12-29,monitor,displays,north,store_1,250.0,0,26,6,12,8
