data/complex_sales_dataset.csv
date,product,category,region,store,price,promotion,inventory,weekday,month,sales
2023-01-01,headphones,audio,north,store_4,120.0,0,23,6,1,9
2023-01-04,headphones,audio,north,store_4,108.0,1,29,2,1,13
2023-01-12,headphones,audio,north,store_4,120.0,0,27,3,1,9
2023-01-25,headphones,audio,north,store_4,120.0,0,21,2,1,4
2023-02-05,headphones,audio,north,store_4,120.0,0,35,6,2,9
2023-02-11,headphones,audio,north,store_4,120.0,0,26,5,2,9
2023-02-12,headphones,audio,north,store_4,120.0,0,24,6,2,6
2023-03-05,headphones,audio,north,store_4,120.0,0,25,6,3,10
2023-03-16,headphones,audio,north,store_4,120.0,0,16,3,3,9
2023-03-20,headphones,audio,north,store_4,120.0,0,34,0,3,8
2023-03-26,headphones,audio,north,store_4,120.0,0,33,6,3,11
2023-03-28,headphones,audio,north,store_4,108.0,1,35,1,3,15
2023-04-12,headphones,audio,north,store_4,120.0,0,11,2,4,4
2023-04-14,headphones,audio,north,store_4,108.0,1,25,4,4,10
2023-05-04,headphones,audio,north,store_4,120.0,0,21,3,5,9
2023-05-13,headphones,audio,north,store_4,108.0,1,43,5,5,14
2023-06-07,headphones,audio,north,store_4,120.0,0,23,2,6,12
2023-06-08,headphones,audio,north,store_4,120.0,0,33,3,6,7
2023-06-12,headphones,audio,north,store_4,120.0,0,18,0,6,11
2023-07-12,headphones,audio,north,store_4,120.0,0,27,2,7,8
2023-07-19,headphones,audio,north,store_4,120.0,0,33,2,7,9
2023-07-22,headphones,audio,north,store_4,120.0,0,35,5,7,8
2023-07-23,headphones,audio,north,store_4,120.0,0,20,6,7,7
2023-09-05,headphones,audio,north,store_4,120.0,0,20,1,9,4
2023-09-09,headphones,audio,north,store_4,108.0,1,30,5,9,13
2023-10-12,headphones,audio,north,store_4,108.0,1,38,3,10,16
2023-10-20,headphones,audio,north,store_4,120.0,0,28,4,10,6
2023-11-17,headphones,audio,north,store_4,120.0,0,28,4,11,10
2023-12-04,headphones,audio,north,store_4,120.0,0,17,0,12,8
2023-12-13,headphones,audio,north,store_4,120.0,0,19,2,12,5
2023-12-23,headphones,audio,north,store_4,108.0,1,44,5,12,15
2024-01-15,headphones,audio,north,store_4,108.0,1,25,0,1,12
2024-01-20,headphones,audio,north,store_4,120.0,0,32,5,1,10
2024-01-24,headphones,audio,north,store_4,120.0,0,26,2,1,9
2024-01-31,headphones,audio,north,store_4,120.0,0,16,2,1,8
2024-02-06,headphones,audio,north,store_4,108.0,1,35,1,2,11
2024-02-10,headphones,audio,north,store_4,120.0,0,33,5,2,7
2024-02-16,headphones,audio,north,store_4,120.0,0,35,4,2,7
2024-02-28,headphones,audio,north,store_4,120.0,0,30,2,2,7
2024-03-04,headphones,audio,north,store_4,120.0,0,27,0,3,7
2024-03-08,headphones,audio,north,store_4,108.0,1,29,4,3,12
2024-03-20,headphones,audio,north,store_4,120.0,0,19,2,3,8
2024-05-09,headphones,audio,north,store_4,108.0,1,30,3,5,15
2024-05-13,headphones,audio,north,store_4,108.0,1,25,0,5,14
2024-05-14,headphones,audio,north,store_4,108.0,1,37,1,5,11
2024-05-29,headphones,audio,north,store_4,120.0,0,24,2,5,8
2024-07-01,headphones,audio,north,store_4,120.0,0,16,0,7,11
2024-07-15,headphones,audio,north,store_4,120.0,0,26,0,7,5
2024-08-03,headphones,audio,north,store_4,120.0,0,21,5,8,4
2024-08-04,headphones,audio,north,store_4,120.0,0,29,6,8,7
2024-10-15,headphones,audio,north,store_4,120.0,0,30,1,10,7
2024-10-22,headphones,audio,north,store_4,120.0,0,23,1,10,8
2024-11-03,headphones,audio,north,store_4,108.0,1,24,6,11,18
2024-11-09,headphones,audio,north,store_4,120.0,0,18,5,11,11
2024-11-25,headphones,audio,north,store_4,120.0,0,22,0,11,11
2024-11-28,headphones,audio,north,store_4,108.0,1,22,3,11,15
2024-12-19,headphones,audio,north,store_4,120.0,0,30,3,12,10
2024-12-31,headphones,audio,north,store_4,120.0,0,21,1,12,9
2023-01-02,laptop,computers,south,store_2,900.0,0,23,0,1,4
2023-01-10,laptop,computers,south,store_2,900.0,0,16,1,1,4
2023-02-05,laptop,computers,south,store_2,900.0,0,24,6,2,8
2023-02-07,laptop,computers,south,store_2,810.0,1,24,1,2,6
2023-02-17,laptop,computers,south,store_2,900.0,0,23,4,2,6
2023-02-25,laptop,computers,south,store_2,900.0,0,21,5,2,4
2023-02-28,laptop,computers,south,store_2,900.0,0,27,1,2,6
2023-03-06,laptop,computers,south,store_2,900.0,0,21,0,3,8
2023-03-26,laptop,computers,south,store_2,900.0,0,19,6,3,6
2023-03-27,laptop,computers,south,store_2,900.0,0,12,0,3,5
2023-04-12,laptop,computers,south,store_2,900.0,0,14,2,4,7
2023-05-08,laptop,computers,south,store_2,900.0,0,9,0,5,3
2023-05-13,laptop,computers,south,store_2,900.0,0,15,5,5,5
2023-05-17,laptop,computers,south,store_2,900.0,0,10,2,5,1
2023-05-28,laptop,computers,south,store_2,900.0,0,21,6,5,2
2023-06-02,laptop,computers,south,store_2,900.0,0,27,4,6,6
2023-06-26,laptop,computers,south,store_2,810.0,1,30,0,6,11
2023-07-02,laptop,computers,south,store_2,900.0,0,31,6,7,7
2023-07-24,laptop,computers,south,store_2,810.0,1,40,0,7,11
2023-07-30,laptop,computers,south,store_2,900.0,0,36,6,7,8
2023-08-02,laptop,computers,south,store_2,900.0,0,20,2,8,3
2023-08-09,laptop,computers,south,store_2,900.0,0,31,2,8,3
2023-08-10,laptop,computers,south,store_2,900.0,0,8,3,8,2
2023-08-13,laptop,computers,south,store_2,900.0,0,18,6,8,3
2023-08-27,laptop,computers,south,store_2,900.0,0,14,6,8,5
2023-08-31,laptop,computers,south,store_2,900.0,0,19,3,8,3
2023-09-06,laptop,computers,south,store_2,900.0,0,22,2,9,8
2023-09-12,laptop,computers,south,store_2,900.0,0,31,1,9,4
2023-09-18,laptop,computers,south,store_2,810.0,1,15,0,9,8
2023-09-21,laptop,computers,south,store_2,900.0,0,8,3,9,2
2023-09-30,laptop,computers,south,store_2,900.0,0,9,5,9,3
2023-10-10,laptop,computers,south,store_2,900.0,0,20,1,10,3
2023-10-18,laptop,computers,south,store_2,810.0,1,29,2,10,11
2023-10-19,laptop,computers,south,store_2,900.0,0,28,3,10,6
2023-10-25,laptop,computers,south,store_2,900.0,0,22,2,10,2
2023-11-01,laptop,computers,south,store_2,900.0,0,18,2,11,6
2023-11-13,laptop,computers,south,store_2,900.0,0,11,0,11,4
2023-11-16,laptop,computers,south,store_2,810.0,1,23,3,11,12
2023-12-17,laptop,computers,south,store_2,810.0,1,17,6,12,7
2023-12-21,laptop,computers,south,store_2,900.0,0,32,3,12,4
2023-12-22,laptop,computers,south,store_2,900.0,0,29,4,12,9
2023-12-29,laptop,computers,south,store_2,810.0,1,33,4,12,10
2024-01-05,laptop,computers,south,store_2,900.0,0,18,4,1,3
2024-01-08,laptop,computers,south,store_2,900.0,0,28,0,1,3
2024-01-25,laptop,computers,south,store_2,810.0,1,16,3,1,11
2024-02-07,laptop,computers,south,store_2,900.0,0,23,2,2,4
2024-02-28,laptop,computers,south,store_2,900.0,0,22,2,2,2
2024-03-03,laptop,computers,south,store_2,900.0,0,20,6,3,6
2024-03-04,laptop,computers,south,store_2,900.0,0,22,0,3,6
2024-03-05,laptop,computers,south,store_2,900.0,0,13,1,3,8
2024-04-13,laptop,computers,south,store_2,900.0,0,12,5,4,5
2024-04-16,laptop,computers,south,store_2,900.0,0,21,1,4,4
2024-04-17,laptop,computers,south,store_2,810.0,1,22,2,4,9
2024-05-08,laptop,computers,south,store_2,900.0,0,35,2,5,9
2024-05-24,laptop,computers,south,store_2,810.0,1,36,4,5,9
2024-05-27,laptop,computers,south,store_2,900.0,0,27,0,5,9
2024-06-11,laptop,computers,south,store_2,900.0,0,24,1,6,4
2024-06-25,laptop,computers,south,store_2,810.0,1,27,1,6,13
2024-06-26,laptop,computers,south,store_2,900.0,0,28,2,6,4
2024-06-29,laptop,computers,south,store_2,900.0,0,34,5,6,6
2024-07-05,laptop,computers,south,store_2,900.0,0,30,4,7,5
2024-07-16,laptop,computers,south,store_2,900.0,0,13,1,7,5
2024-08-01,laptop,computers,south,store_2,900.0,0,21,3,8,7
2024-08-07,laptop,computers,south,store_2,810.0,1,35,2,8,10
2024-08-10,laptop,computers,south,store_2,900.0,0,12,5,8,5
2024-08-22,laptop,computers,south,store_2,900.0,0,28,3,8,7
2024-09-20,laptop,computers,south,store_2,900.0,0,21,4,9,6
2024-09-28,laptop,computers,south,store_2,900.0,0,19,5,9,3
2024-10-19,laptop,computers,south,store_2,900.0,0,29,5,10,2
2024-10-30,laptop,computers,south,store_2,900.0,0,14,2,10,8
2024-11-14,laptop,computers,south,store_2,810.0,1,38,3,11,11
2024-11-26,laptop,computers,south,store_2,900.0,0,21,1,11,0
2024-12-08,laptop,computers,south,store_2,900.0,0,24,6,12,7
2024-12-23,laptop,computers,south,store_2,900.0,0,21,0,12,7
2023-01-02,mouse,accessories,south,store_4,25.0,0,41,0,1,18
2023-01-30,mouse,accessories,south,store_4,25.0,0,45,0,1,17
2023-02-20,mouse,accessories,south,store_4,22.5,1,38,0,2,24
2023-03-16,mouse,accessories,south,store_4,25.0,0,42,3,3,23
2023-03-21,mouse,accessories,south,store_4,25.0,0,27,1,3,21
2023-04-06,mouse,accessories,south,store_4,25.0,0,39,3,4,18
2023-04-26,mouse,accessories,south,store_4,25.0,0,35,2,4,20
2023-06-04,mouse,accessories,south,store_4,25.0,0,36,6,6,22
2023-06-11,mouse,accessories,south,store_4,25.0,0,34,6,6,21
2023-06-18,mouse,accessories,south,store_4,22.5,1,51,6,6,23
2023-06-19,mouse,accessories,south,store_4,25.0,0,49,0,6,21
2023-07-01,mouse,accessories,south,store_4,25.0,0,35,5,7,22
2023-07-13,mouse,accessories,south,store_4,25.0,0,34,3,7,19
2023-08-02,mouse,accessories,south,store_4,22.5,1,42,2,8,23
2023-08-15,mouse,accessories,south,store_4,25.0,0,43,1,8,20
2023-09-10,mouse,accessories,south,store_4,25.0,0,34,6,9,22
2023-09-22,mouse,accessories,south,store_4,25.0,0,32,4,9,18
2023-10-05,mouse,accessories,south,store_4,25.0,0,36,3,10,19
2023-10-16,mouse,accessories,south,store_4,22.5,1,48,0,10,26
2023-11-04,mouse,accessories,south,store_4,22.5,1,37,5,11,32
2023-12-19,mouse,accessories,south,store_4,25.0,0,42,1,12,23
2023-12-21,mouse,accessories,south,store_4,25.0,0,49,3,12,27
2024-01-21,mouse,accessories,south,store_4,25.0,0,28,6,1,22
2024-01-30,mouse,accessories,south,store_4,22.5,1,28,1,1,23
2024-02-09,mouse,accessories,south,store_4,25.0,0,49,4,2,23
2024-02-12,mouse,accessories,south,store_4,25.0,0,41,0,2,19
2024-02-16,mouse,accessories,south,store_4,22.5,1,47,4,2,23
2024-02-19,mouse,accessories,south,store_4,25.0,0,28,0,2,19
2024-03-10,mouse,accessories,south,store_4,22.5,1,52,6,3,28
2024-03-16,mouse,accessories,south,store_4,25.0,0,46,5,3,22
2024-03-27,mouse,accessories,south,store_4,25.0,0,43,2,3,23
2024-04-08,mouse,accessories,south,store_4,25.0,0,22,0,4,17
2024-04-15,mouse,accessories,south,store_4,25.0,0,50,0,4,21
2024-04-26,mouse,accessories,south,store_4,22.5,1,39,4,4,26
2024-05-21,mouse,accessories,south,store_4,25.0,0,37,1,5,19
2024-06-06,mouse,accessories,south,store_4,22.5,1,44,3,6,23
2024-06-22,mouse,accessories,south,store_4,25.0,0,35,5,6,23
2024-07-13,mouse,accessories,south,store_4,25.0,0,33,5,7,21
2024-07-18,mouse,accessories,south,store_4,25.0,0,41,3,7,20
2024-08-07,mouse,accessories,south,store_4,25.0,0,37,2,8,17
2024-08-20,mouse,accessories,south,store_4,25.0,0,39,1,8,18
2024-08-31,mouse,accessories,south,store_4,22.5,1,54,5,8,28
2024-09-02,mouse,accessories,south,store_4,22.5,1,47,0,9,27
2024-09-07,mouse,accessories,south,store_4,25.0,0,26,5,9,19
2024-09-08,mouse,accessories,south,store_4,22.5,1,43,6,9,29
2024-09-10,mouse,accessories,south,store_4,25.0,0,35,1,9,20
2024-09-25,mouse,accessories,south,store_4,25.0,0,40,2,9,15
2024-10-13,mouse,accessories,south,store_4,25.0,0,33,6,10,20
2024-10-16,mouse,accessories,south,store_4,22.5,1,31,2,10,23
2024-10-22,mouse,accessories,south,store_4,22.5,1,52,1,10,29
2024-11-02,mouse,accessories,south,store_4,25.0,0,40,5,11,24
2024-12-02,mouse,accessories,south,store_4,25.0,0,44,0,12,22
2024-12-05,mouse,accessories,south,store_4,25.0,0,35,3,12,22
2023-01-02,keyboard,accessories,north,store_3,60.0,0,32,0,1,10
2023-01-21,keyboard,accessories,north,store_3,60.0,0,38,5,1,13
2023-02-14,keyboard,accessories,north,store_3,60.0,0,17,1,2,12
2023-02-20,keyboard,accessories,north,store_3,60.0,0,18,0,2,7
2023-02-21,keyboard,accessories,north,store_3,60.0,0,17,1,2,5
2023-03-20,keyboard,accessories,north,store_3,60.0,0,29,0,3,12
2023-04-03,keyboard,accessories,north,store_3,60.0,0,27,0,4,12
2023-04-14,keyboard,accessories,north,store_3,60.0,0,22,4,4,10
2023-04-26,keyboard,accessories,north,store_3,60.0,0,22,2,4,13
2023-06-19,keyboard,accessories,north,store_3,54.0,1,36,0,6,13
2023-06-25,keyboard,accessories,north,store_3,60.0,0,30,6,6,16
2023-06-30,keyboard,accessories,north,store_3,60.0,0,38,4,6,10
2023-07-02,keyboard,accessories,north,store_3,60.0,0,41,6,7,13
2023-07-21,keyboard,accessories,north,store_3,54.0,1,35,4,7,17
2023-07-25,keyboard,accessories,north,store_3,60.0,0,23,1,7,11
2023-08-01,keyboard,accessories,north,store_3,54.0,1,27,1,8,13
2023-08-02,keyboard,accessories,north,store_3,60.0,0,25,2,8,8
2023-08-24,keyboard,accessories,north,store_3,60.0,0,37,3,8,10
2023-09-26,keyboard,accessories,north,store_3,60.0,0,34,1,9,10
2023-09-28,keyboard,accessories,north,store_3,60.0,0,22,3,9,11
2023-10-03,keyboard,accessories,north,store_3,54.0,1,33,1,10,12
2023-10-11,keyboard,accessories,north,store_3,60.0,0,22,2,10,6
2023-11-06,keyboard,accessories,north,store_3,60.0,0,29,0,11,11
2023-11-24,keyboard,accessories,north,store_3,60.0,0,16,4,11,9
2023-12-23,keyboard,accessories,north,store_3,60.0,0,26,5,12,13
2024-01-19,keyboard,accessories,north,store_3,54.0,1,26,4,1,11
2024-02-06,keyboard,accessories,north,store_3,60.0,0,37,1,2,8
2024-02-21,keyboard,accessories,north,store_3,60.0,0,23,2,2,11
2024-03-02,keyboard,accessories,north,store_3,60.0,0,27,5,3,8
2024-03-09,keyboard,accessories,north,store_3,60.0,0,21,5,3,13
2024-03-12,keyboard,accessories,north,store_3,54.0,1,33,1,3,16
2024-03-15,keyboard,accessories,north,store_3,60.0,0,21,4,3,12
2024-03-17,keyboard,accessories,north,store_3,60.0,0,35,6,3,9
2024-04-18,keyboard,accessories,north,store_3,54.0,1,37,3,4,15
2024-05-13,keyboard,accessories,north,store_3,54.0,1,34,0,5,12
2024-05-21,keyboard,accessories,north,store_3,54.0,1,30,1,5,18
2024-05-26,keyboard,accessories,north,store_3,60.0,0,27,6,5,10
2024-06-02,keyboard,accessories,north,store_3,60.0,0,17,6,6,9
2024-06-27,keyboard,accessories,north,store_3,60.0,0,24,3,6,9
2024-07-19,keyboard,accessories,north,store_3,60.0,0,20,4,7,11
2024-08-13,keyboard,accessories,north,store_3,60.0,0,28,1,8,7
2024-08-18,keyboard,accessories,north,store_3,60.0,0,43,6,8,14
2024-08-30,keyboard,accessories,north,store_3,54.0,1,33,4,8,13
2024-09-06,keyboard,accessories,north,store_3,60.0,0,18,4,9,11
2024-09-22,keyboard,accessories,north,store_3,60.0,0,43,6,9,14
2024-10-12,keyboard,accessories,north,store_3,60.0,0,34,5,10,14
2024-10-19,keyboard,accessories,north,store_3,60.0,0,39,5,10,11
2024-12-02,keyboard,accessories,north,store_3,60.0,0,36,0,12,13
2024-12-16,keyboard,accessories,north,store_3,60.0,0,28,0,12,11
2024-12-19,keyboard,accessories,north,store_3,60.0,0,25,3,12,10
2023-01-02,monitor,displays,center,store_2,225.0,1,16,0,1,10
2023-01-06,monitor,displays,center,store_2,250.0,0,17,4,1,7
2023-02-10,monitor,displays,center,store_2,225.0,1,18,4,2,7
2023-02-12,monitor,displays,center,store_2,250.0,0,20,6,2,10
2023-02-16,monitor,displays,center,store_2,250.0,0,25,3,2,0
2023-02-22,monitor,displays,center,store_2,225.0,1,38,2,2,9
2023-03-06,monitor,displays,center,store_2,250.0,0,21,0,3,6
2023-03-30,monitor,displays,center,store_2,250.0,0,20,3,3,1
2023-04-11,monitor,displays,center,store_2,225.0,1,16,1,4,10
2023-05-11,monitor,displays,center,store_2,250.0,0,13,3,5,8
2023-05-29,monitor,displays,center,store_2,250.0,0,29,0,5,3
2023-06-01,monitor,displays,center,store_2,250.0,0,22,3,6,5
2023-06-02,monitor,displays,center,store_2,250.0,0,20,4,6,8
2023-07-08,monitor,displays,center,store_2,250.0,0,15,5,7,5
2023-08-17,monitor,displays,center,store_2,250.0,0,14,3,8,3
2023-08-30,monitor,displays,center,store_2,250.0,0,25,2,8,8
2023-09-01,monitor,displays,center,store_2,225.0,1,38,4,9,13
2023-10-02,monitor,displays,center,store_2,250.0,0,18,0,10,4
2023-10-18,monitor,displays,center,store_2,250.0,0,29,2,10,6
2023-10-24,monitor,displays,center,store_2,250.0,0,36,1,10,8
2023-10-28,monitor,displays,center,store_2,250.0,0,33,5,10,7
2023-10-30,monitor,displays,center,store_2,250.0,0,17,0,10,5
2023-10-31,monitor,displays,center,store_2,250.0,0,13,1,10,5
2023-12-07,monitor,displays,center,store_2,250.0,0,14,3,12,4
2023-12-15,monitor,displays,center,store_2,225.0,1,20,4,12,15
2023-12-16,monitor,displays,center,store_2,250.0,0,36,5,12,12
2023-12-17,monitor,displays,center,store_2,225.0,1,41,6,12,13
2024-03-09,monitor,displays,center,store_2,250.0,0,23,5,3,7
2024-03-10,monitor,displays,center,store_2,250.0,0,36,6,3,9
2024-03-13,monitor,displays,center,store_2,250.0,0,26,2,3,2
2024-03-22,monitor,displays,center,store_2,250.0,0,20,4,3,9
2024-05-06,monitor,displays,center,store_2,250.0,0,28,0,5,6
2024-05-17,monitor,displays,center,store_2,225.0,1,30,4,5,11
2024-06-05,monitor,displays,center,store_2,250.0,0,29,2,6,4
2024-06-08,monitor,displays,center,store_2,250.0,0,32,5,6,4
2024-06-14,monitor,displays,center,store_2,250.0,0,29,4,6,5
2024-06-27,monitor,displays,center,store_2,250.0,0,22,3,6,8
2024-06-28,monitor,displays,center,store_2,250.0,0,17,4,6,7
2024-07-20,monitor,displays,center,store_2,225.0,1,24,5,7,13
2024-07-29,monitor,displays,center,store_2,250.0,0,24,0,7,4
2024-08-09,monitor,displays,center,store_2,225.0,1,21,4,8,11
2024-08-12,monitor,displays,center,store_2,250.0,0,30,0,8,8
2024-08-26,monitor,displays,center,store_2,250.0,0,26,0,8,2
2024-09-05,monitor,displays,center,store_2,250.0,0,24,3,9,6
2024-09-18,monitor,displays,center,store_2,225.0,1,34,2,9,8
2024-09-29,monitor,displays,center,store_2,225.0,1,31,6,9,12
2024-10-11,monitor,displays,center,store_2,250.0,0,31,4,10,5
2024-11-09,monitor,displays,center,store_2,250.0,0,26,5,11,5
2024-11-13,monitor,displays,center,store_2,250.0,0,31,2,11,5
2024-11-21,monitor,displays,center,store_2,250.0,0,15,3,11,6
2024-11-28,monitor,displays,center,store_2,250.0,0,27,3,11,6
2024-12-06,monitor,displays,center,store_2,250.0,0,24,4,12,4
2024-12-14,monitor,displays,center,store_2,250.0,0,34,5,12,10
2024-12-19,monitor,displays,center,store_2,250.0,0,34,3,12,6
