data/complex_sales_dataset.csv
date,product,category,region,store,price,promotion,inventory,weekday,month,sales
2023-01-02,headphones,audio,south,store_4,120.0,0,18,0,1,7
2023-01-24,headphones,audio,south,store_4,120.0,0,38,1,1,11
2023-01-31,headphones,audio,south,store_4,120.0,0,39,1,1,12
2023-02-13,headphones,audio,south,store_4,120.0,0,33,0,2,5
2023-02-14,headphones,audio,south,store_4,120.0,0,20,1,2,7
2023-02-24,headphones,audio,south,store_4,108.0,1,36,4,2,15
2023-03-06,headphones,audio,south,store_4,120.0,0,32,0,3,5
2023-04-21,headphones,audio,south,store_4,120.0,0,24,4,4,7
2023-05-07,headphones,audio,south,store_4,120.0,0,31,6,5,9
2023-05-16,headphones,audio,south,store_4,120.0,0,29,1,5,9
2023-05-25,headphones,audio,south,store_4,120.0,0,14,3,5,8
2023-06-10,headphones,audio,south,store_4,120.0,0,28,5,6,11
2023-06-15,headphones,audio,south,store_4,120.0,0,16,3,6,7
2023-06-20,headphones,audio,south,store_4,120.0,0,37,1,6,9
2023-07-21,headphones,audio,south,store_4,120.0,0,19,4,7,1
2023-07-28,headphones,audio,south,store_4,108.0,1,37,4,7,15
2023-08-05,headphones,audio,south,store_4,120.0,0,35,5,8,12
2023-08-10,headphones,audio,south,store_4,120.0,0,21,3,8,8
2023-08-17,headphones,audio,south,store_4,108.0,1,22,3,8,10
2023-08-23,headphones,audio,south,store_4,120.0,0,27,2,8,6
2023-08-24,headphones,audio,south,store_4,120.0,0,37,3,8,8
2023-08-30,headphones,audio,south,store_4,120.0,0,14,2,8,6
2023-09-01,headphones,audio,south,store_4,120.0,0,26,4,9,6
2023-09-08,headphones,audio,south,store_4,108.0,1,33,4,9,14
2023-09-23,headphones,audio,south,store_4,120.0,0,28,5,9,7
2023-10-09,headphones,audio,south,store_4,120.0,0,25,0,10,10
2023-10-13,headphones,audio,south,store_4,120.0,0,29,4,10,6
2023-10-21,headphones,audio,south,store_4,108.0,1,40,5,10,15
2023-10-22,headphones,audio,south,store_4,120.0,0,16,6,10,7
2023-10-24,headphones,audio,south,store_4,108.0,1,33,1,10,12
2023-11-05,headphones,audio,south,store_4,120.0,0,27,6,11,14
2023-11-13,headphones,audio,south,store_4,120.0,0,23,0,11,10
2023-12-05,headphones,audio,south,store_4,120.0,0,33,1,12,8
2023-12-10,headphones,audio,south,store_4,120.0,0,23,6,12,10
2023-12-12,headphones,audio,south,store_4,120.0,0,13,1,12,7
2023-12-17,headphones,audio,south,store_4,108.0,1,41,6,12,18
2023-12-19,headphones,audio,south,store_4,108.0,1,23,1,12,14
2023-12-28,headphones,audio,south,store_4,120.0,0,28,3,12,8
2024-01-14,headphones,audio,south,store_4,108.0,1,23,6,1,11
2024-01-18,headphones,audio,south,store_4,120.0,0,15,3,1,8
2024-01-30,headphones,audio,south,store_4,120.0,0,28,1,1,7
2024-02-04,headphones,audio,south,store_4,120.0,0,40,6,2,11
2024-02-15,headphones,audio,south,store_4,120.0,0,29,3,2,6
2024-02-17,headphones,audio,south,store_4,120.0,0,28,5,2,11
2024-04-09,headphones,audio,south,store_4,120.0,0,32,1,4,11
2024-04-22,headphones,audio,south,store_4,120.0,0,30,0,4,7
2024-05-11,headphones,audio,south,store_4,108.0,1,34,5,5,13
2024-05-21,headphones,audio,south,store_4,120.0,0,18,1,5,4
2024-05-26,headphones,audio,south,store_4,120.0,0,13,6,5,8
2024-06-08,headphones,audio,south,store_4,120.0,0,20,5,6,9
2024-06-09,headphones,audio,south,store_4,120.0,0,22,6,6,9
2024-06-10,headphones,audio,south,store_4,120.0,0,20,0,6,11
2024-06-23,headphones,audio,south,store_4,108.0,1,21,6,6,16
2024-06-26,headphones,audio,south,store_4,120.0,0,26,2,6,10
2024-08-21,headphones,audio,south,store_4,120.0,0,11,2,8,6
2024-08-22,headphones,audio,south,store_4,120.0,0,15,3,8,7
2024-08-24,headphones,audio,south,store_4,120.0,0,36,5,8,9
2024-09-01,headphones,audio,south,store_4,120.0,0,27,6,9,5
2024-09-08,headphones,audio,south,store_4,120.0,0,37,6,9,8
2024-09-19,headphones,audio,south,store_4,108.0,1,32,3,9,11
2024-09-29,headphones,audio,south,store_4,120.0,0,33,6,9,8
2024-10-07,headphones,audio,south,store_4,120.0,0,14,0,10,4
2024-10-18,headphones,audio,south,store_4,120.0,0,24,4,10,7
2024-10-19,headphones,audio,south,store_4,120.0,0,39,5,10,10
2024-10-26,headphones,audio,south,store_4,120.0,0,33,5,10,11
2024-10-27,headphones,audio,south,store_4,108.0,1,21,6,10,13
2024-11-04,headphones,audio,south,store_4,120.0,0,23,0,11,6
2024-11-29,headphones,audio,south,store_4,120.0,0,27,4,11,11
2024-12-02,headphones,audio,south,store_4,120.0,0,17,0,12,10
2024-12-27,headphones,audio,south,store_4,120.0,0,20,4,12,7
2023-01-03,laptop,computers,south,store_3,900.0,0,16,1,1,4
2023-01-05,laptop,computers,south,store_3,900.0,0,23,3,1,7
2023-01-30,laptop,computers,south,store_3,900.0,0,26,0,1,7
2023-02-12,laptop,computers,south,store_3,900.0,0,25,6,2,4
2023-03-02,laptop,computers,south,store_3,810.0,1,14,3,3,8
2023-04-28,laptop,computers,south,store_3,900.0,0,23,4,4,4
2023-05-10,laptop,computers,south,store_3,900.0,0,21,2,5,5
2023-05-18,laptop,computers,south,store_3,900.0,0,25,3,5,4
2023-05-30,laptop,computers,south,store_3,900.0,0,9,1,5,3
2023-06-14,laptop,computers,south,store_3,900.0,0,25,2,6,3
2023-06-29,laptop,computers,south,store_3,900.0,0,25,3,6,4
2023-07-13,laptop,computers,south,store_3,900.0,0,24,3,7,5
2023-07-18,laptop,computers,south,store_3,810.0,1,23,1,7,9
2023-07-23,laptop,computers,south,store_3,900.0,0,30,6,7,4
2023-07-29,laptop,computers,south,store_3,900.0,0,22,5,7,4
2023-08-01,laptop,computers,south,store_3,900.0,0,28,1,8,5
2023-08-07,laptop,computers,south,store_3,900.0,0,23,0,8,6
2023-08-15,laptop,computers,south,store_3,900.0,0,32,1,8,4
2023-08-17,laptop,computers,south,store_3,900.0,0,12,3,8,6
2023-09-10,laptop,computers,south,store_3,900.0,0,24,6,9,4
2023-10-20,laptop,computers,south,store_3,810.0,1,15,4,10,10
2023-11-02,laptop,computers,south,store_3,900.0,0,35,3,11,8
2023-11-26,laptop,computers,south,store_3,810.0,1,35,6,11,9
2023-12-12,laptop,computers,south,store_3,900.0,0,30,1,12,3
2023-12-20,laptop,computers,south,store_3,900.0,0,25,2,12,6
2023-12-25,laptop,computers,south,store_3,900.0,0,12,0,12,6
2024-01-02,laptop,computers,south,store_3,810.0,1,15,1,1,6
2024-02-09,laptop,computers,south,store_3,900.0,0,17,4,2,8
2024-02-16,laptop,computers,south,store_3,810.0,1,29,4,2,5
2024-02-20,laptop,computers,south,store_3,810.0,1,36,1,2,10
2024-03-18,laptop,computers,south,store_3,900.0,0,30,0,3,3
2024-03-19,laptop,computers,south,store_3,900.0,0,10,1,3,5
2024-03-28,laptop,computers,south,store_3,900.0,0,27,3,3,4
2024-04-01,laptop,computers,south,store_3,810.0,1,40,0,4,11
2024-04-02,laptop,computers,south,store_3,900.0,0,10,1,4,5
2024-04-19,laptop,computers,south,store_3,810.0,1,18,4,4,7
2024-05-19,laptop,computers,south,store_3,810.0,1,30,6,5,8
2024-06-19,laptop,computers,south,store_3,810.0,1,23,2,6,11
2024-07-06,laptop,computers,south,store_3,900.0,0,29,5,7,7
2024-07-20,laptop,computers,south,store_3,900.0,0,16,5,7,5
2024-07-28,laptop,computers,south,store_3,810.0,1,21,6,7,11
2024-08-30,laptop,computers,south,store_3,900.0,0,22,4,8,6
2024-09-01,laptop,computers,south,store_3,900.0,0,23,6,9,1
2024-09-23,laptop,computers,south,store_3,810.0,1,23,0,9,8
2024-10-31,laptop,computers,south,store_3,900.0,0,28,3,10,4
2024-11-29,laptop,computers,south,store_3,900.0,0,26,4,11,3
2024-12-01,laptop,computers,south,store_3,900.0,0,15,6,12,5
2024-12-02,laptop,computers,south,store_3,900.0,0,31,0,12,5
2023-01-03,mouse,accessories,center,store_2,25.0,0,46,1,1,20
2023-01-09,mouse,accessories,center,store_2,25.0,0,44,0,1,18
2023-01-12,mouse,accessories,center,store_2,25.0,0,27,3,1,21
2023-02-09,mouse,accessories,center,store_2,22.5,1,39,3,2,24
2023-02-19,mouse,accessories,center,store_2,22.5,1,48,6,2,27
2023-02-24,mouse,accessories,center,store_2,22.5,1,40,4,2,25
2023-03-03,mouse,accessories,center,store_2,25.0,0,37,4,3,21
2023-03-04,mouse,accessories,center,store_2,25.0,0,44,5,3,22
2023-03-15,mouse,accessories,center,store_2,25.0,0,45,2,3,20
2023-03-27,mouse,accessories,center,store_2,25.0,0,28,0,3,19
2023-04-04,mouse,accessories,center,store_2,22.5,1,50,1,4,26
2023-04-15,mouse,accessories,center,store_2,25.0,0,49,5,4,22
2023-04-16,mouse,accessories,center,store_2,22.5,1,32,6,4,27
2023-04-30,mouse,accessories,center,store_2,25.0,0,42,6,4,21
2023-05-05,mouse,accessories,center,store_2,25.0,0,39,4,5,21
2023-05-06,mouse,accessories,center,store_2,25.0,0,30,5,5,24
2023-05-07,mouse,accessories,center,store_2,25.0,0,37,6,5,23
2023-05-16,mouse,accessories,center,store_2,22.5,1,29,1,5,22
2023-05-18,mouse,accessories,center,store_2,25.0,0,29,3,5,20
2023-05-30,mouse,accessories,center,store_2,25.0,0,42,1,5,22
2023-06-20,mouse,accessories,center,store_2,25.0,0,42,1,6,18
2023-07-18,mouse,accessories,center,store_2,22.5,1,47,1,7,26
2023-07-28,mouse,accessories,center,store_2,25.0,0,41,4,7,17
2023-08-22,mouse,accessories,center,store_2,25.0,0,43,1,8,20
2023-08-28,mouse,accessories,center,store_2,25.0,0,38,0,8,17
2023-08-30,mouse,accessories,center,store_2,25.0,0,29,2,8,18
2023-09-11,mouse,accessories,center,store_2,22.5,1,49,0,9,24
2023-09-15,mouse,accessories,center,store_2,25.0,0,43,4,9,19
2023-09-23,mouse,accessories,center,store_2,22.5,1,34,5,9,27
2023-10-13,mouse,accessories,center,store_2,25.0,0,29,4,10,17
2023-10-26,mouse,accessories,center,store_2,22.5,1,52,3,10,26
2023-10-27,mouse,accessories,center,store_2,25.0,0,24,4,10,17
2023-11-02,mouse,accessories,center,store_2,22.5,1,52,3,11,32
2023-11-05,mouse,accessories,center,store_2,25.0,0,55,6,11,29
2023-11-29,mouse,accessories,center,store_2,25.0,0,48,2,11,24
2023-12-01,mouse,accessories,center,store_2,25.0,0,32,4,12,23
2023-12-12,mouse,accessories,center,store_2,25.0,0,41,1,12,23
2023-12-16,mouse,accessories,center,store_2,25.0,0,53,5,12,28
2023-12-29,mouse,accessories,center,store_2,25.0,0,38,4,12,23
2024-01-18,mouse,accessories,center,store_2,25.0,0,48,3,1,21
2024-01-22,mouse,accessories,center,store_2,25.0,0,34,0,1,19
2024-03-22,mouse,accessories,center,store_2,22.5,1,41,4,3,27
2024-03-30,mouse,accessories,center,store_2,25.0,0,30,5,3,23
2024-04-05,mouse,accessories,center,store_2,25.0,0,28,4,4,18
2024-04-09,mouse,accessories,center,store_2,25.0,0,38,1,4,18
2024-05-01,mouse,accessories,center,store_2,25.0,0,43,2,5,21
2024-05-28,mouse,accessories,center,store_2,25.0,0,42,1,5,23
2024-06-07,mouse,accessories,center,store_2,25.0,0,46,4,6,21
2024-06-10,mouse,accessories,center,store_2,25.0,0,49,0,6,24
2024-06-18,mouse,accessories,center,store_2,25.0,0,30,1,6,19
2024-07-03,mouse,accessories,center,store_2,25.0,0,32,2,7,20
2024-07-19,mouse,accessories,center,store_2,25.0,0,39,4,7,21
2024-08-09,mouse,accessories,center,store_2,22.5,1,44,4,8,25
2024-08-15,mouse,accessories,center,store_2,25.0,0,43,3,8,17
2024-08-22,mouse,accessories,center,store_2,25.0,0,45,3,8,17
2024-08-24,mouse,accessories,center,store_2,25.0,0,27,5,8,20
2024-08-30,mouse,accessories,center,store_2,25.0,0,29,4,8,21
2024-09-09,mouse,accessories,center,store_2,25.0,0,36,0,9,18
2024-09-16,mouse,accessories,center,store_2,25.0,0,41,0,9,22
2024-09-28,mouse,accessories,center,store_2,25.0,0,51,5,9,24
2024-10-07,mouse,accessories,center,store_2,25.0,0,30,0,10,17
2024-10-09,mouse,accessories,center,store_2,25.0,0,29,2,10,19
2024-10-11,mouse,accessories,center,store_2,25.0,0,38,4,10,17
2024-10-12,mouse,accessories,center,store_2,25.0,0,52,5,10,24
2024-10-14,mouse,accessories,center,store_2,25.0,0,42,0,10,18
2024-10-15,mouse,accessories,center,store_2,25.0,0,34,1,10,18
2024-10-18,mouse,accessories,center,store_2,25.0,0,28,4,10,19
2024-10-21,mouse,accessories,center,store_2,25.0,0,30,0,10,17
2024-10-23,mouse,accessories,center,store_2,25.0,0,45,2,10,21
2024-10-24,mouse,accessories,center,store_2,25.0,0,43,3,10,18
2024-11-04,mouse,accessories,center,store_2,25.0,0,49,0,11,22
2024-11-21,mouse,accessories,center,store_2,25.0,0,44,3,11,27
2024-12-06,mouse,accessories,center,store_2,25.0,0,35,4,12,20
2024-12-18,mouse,accessories,center,store_2,25.0,0,49,2,12,23
2024-12-25,mouse,accessories,center,store_2,25.0,0,39,2,12,24
2024-12-28,mouse,accessories,center,store_2,25.0,0,51,5,12,25
2024-12-30,mouse,accessories,center,store_2,25.0,0,48,0,12,25
2024-12-31,mouse,accessories,center,store_2,25.0,0,41,1,12,25
2023-01-03,keyboard,accessories,center,store_1,60.0,0,23,1,1,11
2023-01-15,keyboard,accessories,center,store_1,60.0,0,14,6,1,9
2023-02-11,keyboard,accessories,center,store_1,60.0,0,33,5,2,12
2023-02-16,keyboard,accessories,center,store_1,60.0,0,25,3,2,9
2023-02-19,keyboard,accessories,center,store_1,60.0,0,37,6,2,10
2023-02-24,keyboard,accessories,center,store_1,60.0,0,21,4,2,11
2023-03-11,keyboard,accessories,center,store_1,60.0,0,36,5,3,11
2023-03-19,keyboard,accessories,center,store_1,60.0,0,43,6,3,14
2023-03-25,keyboard,accessories,center,store_1,54.0,1,27,5,3,17
2023-04-10,keyboard,accessories,center,store_1,60.0,0,37,0,4,9
2023-04-11,keyboard,accessories,center,store_1,60.0,0,33,1,4,7
2023-04-16,keyboard,accessories,center,store_1,60.0,0,33,6,4,10
2023-04-28,keyboard,accessories,center,store_1,60.0,0,15,4,4,7
2023-05-12,keyboard,accessories,center,store_1,60.0,0,24,4,5,8
2023-05-23,keyboard,accessories,center,store_1,60.0,0,27,1,5,7
2023-06-11,keyboard,accessories,center,store_1,60.0,0,35,6,6,14
2023-06-22,keyboard,accessories,center,store_1,60.0,0,27,3,6,11
2023-06-29,keyboard,accessories,center,store_1,60.0,0,35,3,6,11
2023-07-14,keyboard,accessories,center,store_1,60.0,0,35,4,7,11
2023-07-30,keyboard,accessories,center,store_1,60.0,0,23,6,7,12
2023-08-08,keyboard,accessories,center,store_1,60.0,0,31,1,8,9
2023-08-22,keyboard,accessories,center,store_1,60.0,0,29,1,8,9
2023-10-04,keyboard,accessories,center,store_1,60.0,0,38,2,10,11
2023-10-18,keyboard,accessories,center,store_1,54.0,1,20,2,10,14
2023-11-13,keyboard,accessories,center,store_1,60.0,0,33,0,11,11
2023-11-19,keyboard,accessories,center,store_1,60.0,0,29,6,11,12
2023-12-12,keyboard,accessories,center,store_1,54.0,1,38,1,12,18
2023-12-28,keyboard,accessories,center,store_1,60.0,0,41,3,12,14
2023-12-29,keyboard,accessories,center,store_1,60.0,0,39,4,12,13
2024-01-07,keyboard,accessories,center,store_1,60.0,0,14,6,1,9
2024-01-28,keyboard,accessories,center,store_1,60.0,0,21,6,1,13
2024-02-03,keyboard,accessories,center,store_1,60.0,0,23,5,2,13
2024-03-07,keyboard,accessories,center,store_1,60.0,0,33,3,3,10
2024-03-14,keyboard,accessories,center,store_1,54.0,1,34,3,3,11
2024-03-22,keyboard,accessories,center,store_1,54.0,1,26,4,3,13
2024-04-10,keyboard,accessories,center,store_1,54.0,1,42,2,4,13
2024-05-23,keyboard,accessories,center,store_1,60.0,0,22,3,5,8
2024-05-27,keyboard,accessories,center,store_1,60.0,0,29,0,5,9
2024-05-28,keyboard,accessories,center,store_1,60.0,0,37,1,5,11
2024-05-30,keyboard,accessories,center,store_1,60.0,0,40,3,5,13
2024-06-12,keyboard,accessories,center,store_1,60.0,0,19,2,6,9
2024-06-14,keyboard,accessories,center,store_1,60.0,0,33,4,6,12
2024-07-02,keyboard,accessories,center,store_1,60.0,0,39,1,7,10
2024-07-03,keyboard,accessories,center,store_1,60.0,0,22,2,7,10
2024-07-09,keyboard,accessories,center,store_1,60.0,0,36,1,7,11
2024-07-16,keyboard,accessories,center,store_1,54.0,1,27,1,7,14
2024-07-20,keyboard,accessories,center,store_1,54.0,1,42,5,7,16
2024-08-14,keyboard,accessories,center,store_1,60.0,0,30,2,8,8
2024-08-24,keyboard,accessories,center,store_1,60.0,0,39,5,8,12
2024-09-07,keyboard,accessories,center,store_1,60.0,0,24,5,9,12
2024-09-10,keyboard,accessories,center,store_1,60.0,0,37,1,9,9
2024-09-27,keyboard,accessories,center,store_1,54.0,1,28,4,9,12
2024-09-28,keyboard,accessories,center,store_1,60.0,0,30,5,9,9
2024-10-02,keyboard,accessories,center,store_1,60.0,0,13,2,10,8
2024-10-05,keyboard,accessories,center,store_1,60.0,0,32,5,10,11
2024-10-11,keyboard,accessories,center,store_1,60.0,0,22,4,10,8
2024-10-22,keyboard,accessories,center,store_1,54.0,1,25,1,10,17
2024-10-26,keyboard,accessories,center,store_1,60.0,0,29,5,10,12
2024-11-17,keyboard,accessories,center,store_1,60.0,0,40,6,11,14
2024-11-20,keyboard,accessories,center,store_1,54.0,1,29,2,11,14
2024-11-25,keyboard,accessories,center,store_1,54.0,1,31,0,11,16
2024-11-29,keyboard,accessories,center,store_1,60.0,0,38,4,11,12
2024-12-03,keyboard,accessories,center,store_1,60.0,0,22,1,12,13
