data/complex_sales_dataset.csv
date,product,category,region,store,price,promotion,inventory,weekday,month,sales
2023-01-03,monitor,displays,north,store_2,250.0,0,18,1,1,6
2023-01-10,monitor,displays,north,store_2,250.0,0,35,1,1,8
2023-01-11,monitor,displays,north,store_2,250.0,0,33,2,1,8
2023-01-16,monitor,displays,north,store_2,250.0,0,31,0,1,5
2023-01-17,monitor,displays,north,store_2,225.0,1,23,1,1,14
2023-01-29,monitor,displays,north,store_2,250.0,0,28,6,1,7
2023-02-04,monitor,displays,north,store_2,250.0,0,21,5,2,6
2023-03-03,monitor,displays,north,store_2,250.0,0,14,4,3,4
2023-04-02,monitor,displays,north,store_2,250.0,0,39,6,4,11
2023-04-19,monitor,displays,north,store_2,250.0,0,18,2,4,5
2023-05-02,monitor,displays,north,store_2,250.0,0,19,1,5,4
2023-05-27,monitor,displays,north,store_2,250.0,0,11,5,5,6
2023-06-03,monitor,displays,north,store_2,250.0,0,15,5,6,6
2023-06-06,monitor,displays,north,store_2,250.0,0,19,1,6,4
2023-07-02,monitor,displays,north,store_2,250.0,0,30,6,7,9
2023-07-13,monitor,displays,north,store_2,250.0,0,24,3,7,5
2023-07-14,monitor,displays,north,store_2,250.0,0,15,4,7,7
2023-07-31,monitor,displays,north,store_2,250.0,0,22,0,7,6
2023-08-25,monitor,displays,north,store_2,225.0,1,35,4,8,11
2023-09-06,monitor,displays,north,store_2,250.0,0,29,2,9,5
2023-09-07,monitor,displays,north,store_2,250.0,0,35,3,9,9
2023-09-09,monitor,displays,north,store_2,250.0,0,12,5,9,3
2023-10-25,monitor,displays,north,store_2,250.0,0,16,2,10,6
2023-11-04,monitor,displays,north,store_2,250.0,0,19,5,11,6
2023-11-16,monitor,displays,north,store_2,250.0,0,16,3,11,6
2023-11-18,monitor,displays,north,store_2,250.0,0,26,5,11,8
2023-12-26,monitor,displays,north,store_2,250.0,0,33,1,12,10
2024-01-01,monitor,displays,north,store_2,250.0,0,25,0,1,7
2024-01-06,monitor,displays,north,store_2,250.0,0,30,5,1,4
2024-01-24,monitor,displays,north,store_2,250.0,0,30,2,1,5
2024-02-03,monitor,displays,north,store_2,250.0,0,19,5,2,9
2024-02-07,monitor,displays,north,store_2,250.0,0,10,2,2,2
2024-03-01,monitor,displays,north,store_2,250.0,0,35,4,3,6
2024-03-27,monitor,displays,north,store_2,250.0,0,23,2,3,5
2024-03-31,monitor,displays,north,store_2,250.0,0,25,6,3,5
2024-04-04,monitor,displays,north,store_2,250.0,0,13,3,4,5
2024-04-21,monitor,displays,north,store_2,225.0,1,21,6,4,13
2024-04-26,monitor,displays,north,store_2,250.0,0,27,4,4,9
2024-05-09,monitor,displays,north,store_2,250.0,0,19,3,5,9
2024-05-14,monitor,displays,north,store_2,250.0,0,12,1,5,3
2024-05-24,monitor,displays,north,store_2,250.0,0,11,4,5,3
2024-06-02,monitor,displays,north,store_2,250.0,0,27,6,6,5
2024-06-04,monitor,displays,north,store_2,250.0,0,11,1,6,6
2024-06-09,monitor,displays,north,store_2,250.0,0,18,6,6,6
2024-06-21,monitor,displays,north,store_2,250.0,0,12,4,6,4
2024-06-22,monitor,displays,north,store_2,225.0,1,31,5,6,8
2024-07-15,monitor,displays,north,store_2,250.0,0,17,0,7,6
2024-07-24,monitor,displays,north,store_2,250.0,0,24,2,7,3
2024-08-03,monitor,displays,north,store_2,225.0,1,26,5,8,12
2024-08-06,monitor,displays,north,store_2,250.0,0,12,1,8,6
2024-08-08,monitor,displays,north,store_2,225.0,1,36,3,8,10
2024-08-18,monitor,displays,north,store_2,250.0,0,15,6,8,3
2024-08-19,monitor,displays,north,store_2,250.0,0,25,0,8,7
2024-08-20,monitor,displays,north,store_2,250.0,0,30,1,8,9
2024-09-10,monitor,displays,north,store_2,250.0,0,16,1,9,6
2024-09-17,monitor,displays,north,store_2,225.0,1,35,1,9,10
2024-09-21,monitor,displays,north,store_2,250.0,0,19,5,9,6
2024-09-27,monitor,displays,north,store_2,225.0,1,35,4,9,11
2024-10-15,monitor,displays,north,store_2,250.0,0,15,1,10,5
2024-12-04,monitor,displays,north,store_2,250.0,0,32,2,12,7
2024-12-05,monitor,displays,north,store_2,250.0,0,29,3,12,11
2024-12-24,monitor,displays,north,store_2,250.0,0,34,1,12,6
2023-01-03,headphones,audio,north,store_2,108.0,1,46,1,1,17
2023-01-20,headphones,audio,north,store_2,120.0,0,26,4,1,9
2023-01-21,headphones,audio,north,store_2,120.0,0,31,5,1,12
2023-01-29,headphones,audio,north,store_2,120.0,0,21,6,1,6
2023-01-30,headphones,audio,north,store_2,120.0,0,15,0,1,10
2023-02-19,headphones,audio,north,store_2,120.0,0,30,6,2,10
2023-03-24,headphones,audio,north,store_2,120.0,0,18,4,3,8
2023-04-17,headphones,audio,north,store_2,120.0,0,29,0,4,8
2023-04-19,headphones,audio,north,store_2,120.0,0,22,2,4,4
2023-04-26,headphones,audio,north,store_2,120.0,0,21,2,4,6
2023-05-15,headphones,audio,north,store_2,108.0,1,32,0,5,10
2023-05-17,headphones,audio,north,store_2,108.0,1,35,2,5,16
2023-06-03,headphones,audio,north,store_2,120.0,0,19,5,6,8
2023-06-19,headphones,audio,north,store_2,108.0,1,31,0,6,13
2023-06-23,headphones,audio,north,store_2,108.0,1,36,4,6,13
2023-07-01,headphones,audio,north,store_2,120.0,0,40,5,7,11
2023-07-11,headphones,audio,north,store_2,120.0,0,24,1,7,7
2023-07-27,headphones,audio,north,store_2,120.0,0,23,3,7,12
2023-08-03,headphones,audio,north,store_2,120.0,0,38,3,8,9
2023-08-04,headphones,audio,north,store_2,120.0,0,25,4,8,6
2023-08-19,headphones,audio,north,store_2,120.0,0,14,5,8,9
2023-08-29,headphones,audio,north,store_2,120.0,0,30,1,8,10
2023-09-03,headphones,audio,north,store_2,120.0,0,15,6,9,9
2023-09-16,headphones,audio,north,store_2,120.0,0,26,5,9,11
2023-10-02,headphones,audio,north,store_2,120.0,0,22,0,10,9
2023-10-10,headphones,audio,north,store_2,120.0,0,15,1,10,8
2023-10-31,headphones,audio,north,store_2,120.0,0,18,1,10,6
2023-11-14,headphones,audio,north,store_2,120.0,0,16,1,11,5
2023-11-21,headphones,audio,north,store_2,120.0,0,27,1,11,14
2023-12-02,headphones,audio,north,store_2,120.0,0,15,5,12,9
2023-12-07,headphones,audio,north,store_2,120.0,0,36,3,12,7
2023-12-09,headphones,audio,north,store_2,120.0,0,38,5,12,11
2023-12-24,headphones,audio,north,store_2,120.0,0,26,6,12,12
2024-01-09,headphones,audio,north,store_2,108.0,1,19,1,1,12
2024-02-01,headphones,audio,north,store_2,108.0,1,36,3,2,14
2024-02-25,headphones,audio,north,store_2,108.0,1,25,6,2,13
2024-04-08,headphones,audio,north,store_2,120.0,0,12,0,4,3
2024-04-18,headphones,audio,north,store_2,108.0,1,18,3,4,11
2024-05-02,headphones,audio,north,store_2,120.0,0,35,3,5,8
2024-05-03,headphones,audio,north,store_2,108.0,1,20,4,5,9
2024-05-06,headphones,audio,north,store_2,120.0,0,21,0,5,9
2024-05-07,headphones,audio,north,store_2,120.0,0,29,1,5,10
2024-05-08,headphones,audio,north,store_2,120.0,0,28,2,5,4
2024-05-18,headphones,audio,north,store_2,120.0,0,23,5,5,10
2024-05-19,headphones,audio,north,store_2,120.0,0,12,6,5,7
2024-05-23,headphones,audio,north,store_2,120.0,0,27,3,5,6
2024-05-28,headphones,audio,north,store_2,120.0,0,37,1,5,10
2024-06-11,headphones,audio,north,store_2,120.0,0,36,1,6,10
2024-06-16,headphones,audio,north,store_2,120.0,0,24,6,6,7
2024-06-24,headphones,audio,north,store_2,120.0,0,17,0,6,8
2024-08-05,headphones,audio,north,store_2,120.0,0,24,0,8,10
2024-08-11,headphones,audio,north,store_2,120.0,0,35,6,8,7
2024-08-14,headphones,audio,north,store_2,120.0,0,14,2,8,9
2024-08-27,headphones,audio,north,store_2,108.0,1,27,1,8,11
2024-08-30,headphones,audio,north,store_2,120.0,0,31,4,8,7
2024-09-03,headphones,audio,north,store_2,108.0,1,33,1,9,13
2024-09-22,headphones,audio,north,store_2,120.0,0,19,6,9,12
2024-10-04,headphones,audio,north,store_2,120.0,0,26,4,10,3
2024-10-14,headphones,audio,north,store_2,120.0,0,20,0,10,7
2024-10-28,headphones,audio,north,store_2,120.0,0,37,0,10,9
2024-11-08,headphones,audio,north,store_2,120.0,0,19,4,11,9
2024-11-12,headphones,audio,north,store_2,120.0,0,38,1,11,10
2024-11-16,headphones,audio,north,store_2,108.0,1,19,5,11,12
2024-11-22,headphones,audio,north,store_2,120.0,0,35,4,11,12
2024-12-08,headphones,audio,north,store_2,120.0,0,31,6,12,11
2024-12-17,headphones,audio,north,store_2,120.0,0,17,1,12,12
2023-01-04,laptop,computers,north,store_1,900.0,0,26,2,1,7
2023-01-20,laptop,computers,north,store_1,900.0,0,31,4,1,3
2023-02-02,laptop,computers,north,store_1,900.0,0,18,3,2,4
2023-02-16,laptop,computers,north,store_1,900.0,0,17,3,2,7
2023-02-27,laptop,computers,north,store_1,900.0,0,22,0,2,7
2023-03-03,laptop,computers,north,store_1,900.0,0,13,4,3,1
2023-03-12,laptop,computers,north,store_1,900.0,0,17,6,3,2
2023-04-01,laptop,computers,north,store_1,900.0,0,36,5,4,7
2023-05-22,laptop,computers,north,store_1,900.0,0,35,0,5,6
2023-05-25,laptop,computers,north,store_1,810.0,1,31,3,5,7
2023-05-31,laptop,computers,north,store_1,900.0,0,9,2,5,1
2023-06-05,laptop,computers,north,store_1,810.0,1,21,0,6,8
2023-06-10,laptop,computers,north,store_1,900.0,0,22,5,6,4
2023-06-12,laptop,computers,north,store_1,900.0,0,15,0,6,3
2023-07-22,laptop,computers,north,store_1,900.0,0,26,5,7,3
2023-08-16,laptop,computers,north,store_1,900.0,0,27,2,8,6
2023-08-26,laptop,computers,north,store_1,900.0,0,17,5,8,3
2023-09-15,laptop,computers,north,store_1,900.0,0,28,4,9,5
2023-10-09,laptop,computers,north,store_1,810.0,1,24,0,10,10
2023-11-06,laptop,computers,north,store_1,900.0,0,22,0,11,5
2023-11-15,laptop,computers,north,store_1,900.0,0,19,2,11,5
2023-11-21,laptop,computers,north,store_1,900.0,0,31,1,11,3
2023-12-01,laptop,computers,north,store_1,900.0,0,26,4,12,7
2023-12-30,laptop,computers,north,store_1,900.0,0,33,5,12,10
2024-01-04,laptop,computers,north,store_1,900.0,0,31,3,1,7
2024-01-13,laptop,computers,north,store_1,900.0,0,21,5,1,6
2024-01-27,laptop,computers,north,store_1,810.0,1,19,5,1,12
2024-02-12,laptop,computers,north,store_1,900.0,0,21,0,2,7
2024-02-29,laptop,computers,north,store_1,900.0,0,31,3,2,8
2024-03-06,laptop,computers,north,store_1,900.0,0,14,2,3,6
2024-03-07,laptop,computers,north,store_1,900.0,0,17,3,3,5
2024-03-31,laptop,computers,north,store_1,900.0,0,18,6,3,4
2024-04-05,laptop,computers,north,store_1,900.0,0,21,4,4,4
2024-04-22,laptop,computers,north,store_1,900.0,0,25,0,4,5
2024-04-24,laptop,computers,north,store_1,810.0,1,13,2,4,6
2024-05-07,laptop,computers,north,store_1,900.0,0,29,1,5,5
2024-05-14,laptop,computers,north,store_1,900.0,0,27,1,5,3
2024-06-12,laptop,computers,north,store_1,900.0,0,12,2,6,7
2024-07-12,laptop,computers,north,store_1,900.0,0,15,4,7,7
2024-07-22,laptop,computers,north,store_1,810.0,1,39,0,7,10
2024-07-25,laptop,computers,north,store_1,900.0,0,10,3,7,4
2024-07-27,laptop,computers,north,store_1,900.0,0,11,5,7,3
2024-07-30,laptop,computers,north,store_1,900.0,0,35,1,7,6
2024-08-19,laptop,computers,north,store_1,900.0,0,17,0,8,5
2024-08-21,laptop,computers,north,store_1,900.0,0,18,2,8,7
2024-08-25,laptop,computers,north,store_1,810.0,1,32,6,8,10
2024-08-27,laptop,computers,north,store_1,810.0,1,36,1,8,7
2024-08-28,laptop,computers,north,store_1,900.0,0,23,2,8,5
2024-09-02,laptop,computers,north,store_1,900.0,0,20,0,9,5
2024-09-04,laptop,computers,north,store_1,900.0,0,26,2,9,7
2024-09-13,laptop,computers,north,store_1,900.0,0,17,4,9,4
2024-09-17,laptop,computers,north,store_1,810.0,1,30,1,9,15
2024-09-26,laptop,computers,north,store_1,810.0,1,33,3,9,8
2024-10-07,laptop,computers,north,store_1,900.0,0,18,0,10,5
2024-10-12,laptop,computers,north,store_1,900.0,0,33,5,10,8
2024-10-20,laptop,computers,north,store_1,900.0,0,28,6,10,6
2024-11-09,laptop,computers,north,store_1,900.0,0,12,5,11,5
2024-11-11,laptop,computers,north,store_1,900.0,0,18,0,11,3
2024-12-07,laptop,computers,north,store_1,900.0,0,23,5,12,4
2024-12-20,laptop,computers,north,store_1,900.0,0,17,4,12,5
2023-01-04,mouse,accessories,north,store_3,25.0,0,28,2,1,16
2023-01-20,mouse,accessories,north,store_3,22.5,1,32,4,1,21
2023-01-26,mouse,accessories,north,store_3,25.0,0,29,3,1,20
2023-02-06,mouse,accessories,north,store_3,25.0,0,39,0,2,21
2023-03-24,mouse,accessories,north,store_3,25.0,0,45,4,3,20
2023-03-25,mouse,accessories,north,store_3,25.0,0,40,5,3,23
2023-03-26,mouse,accessories,north,store_3,25.0,0,47,6,3,22
2023-05-03,mouse,accessories,north,store_3,25.0,0,39,2,5,19
2023-05-24,mouse,accessories,north,store_3,25.0,0,24,2,5,19
2023-05-25,mouse,accessories,north,store_3,25.0,0,38,3,5,17
2023-06-05,mouse,accessories,north,store_3,25.0,0,29,0,6,20
2023-06-12,mouse,accessories,north,store_3,25.0,0,29,0,6,23
2023-06-15,mouse,accessories,north,store_3,22.5,1,44,3,6,24
2023-06-23,mouse,accessories,north,store_3,25.0,0,34,4,6,23
2023-06-25,mouse,accessories,north,store_3,25.0,0,53,6,6,27
2023-08-08,mouse,accessories,north,store_3,25.0,0,42,1,8,21
2023-08-13,mouse,accessories,north,store_3,25.0,0,48,6,8,22
2023-08-19,mouse,accessories,north,store_3,25.0,0,36,5,8,28
2023-09-07,mouse,accessories,north,store_3,25.0,0,25,3,9,20
2023-09-12,mouse,accessories,north,store_3,25.0,0,32,1,9,19
2023-09-27,mouse,accessories,north,store_3,22.5,1,36,2,9,27
2023-09-28,mouse,accessories,north,store_3,25.0,0,41,3,9,24
2023-10-04,mouse,accessories,north,store_3,25.0,0,30,2,10,20
2023-10-14,mouse,accessories,north,store_3,22.5,1,46,5,10,26
2023-11-25,mouse,accessories,north,store_3,22.5,1,40,5,11,32
2023-12-11,mouse,accessories,north,store_3,22.5,1,52,0,12,28
2023-12-22,mouse,accessories,north,store_3,22.5,1,40,4,12,30
2023-12-24,mouse,accessories,north,store_3,22.5,1,34,6,12,28
2023-12-28,mouse,accessories,north,store_3,25.0,0,52,3,12,26
2024-01-05,mouse,accessories,north,store_3,25.0,0,29,4,1,20
2024-01-14,mouse,accessories,north,store_3,25.0,0,43,6,1,21
2024-02-01,mouse,accessories,north,store_3,25.0,0,41,3,2,17
2024-02-18,mouse,accessories,north,store_3,22.5,1,56,6,2,30
2024-03-01,mouse,accessories,north,store_3,25.0,0,32,4,3,23
2024-03-05,mouse,accessories,north,store_3,25.0,0,26,1,3,15
2024-03-12,mouse,accessories,north,store_3,22.5,1,41,1,3,23
2024-03-31,mouse,accessories,north,store_3,25.0,0,38,6,3,21
2024-04-07,mouse,accessories,north,store_3,25.0,0,42,6,4,21
2024-04-29,mouse,accessories,north,store_3,25.0,0,38,0,4,20
2024-05-29,mouse,accessories,north,store_3,25.0,0,29,2,5,18
2024-06-02,mouse,accessories,north,store_3,25.0,0,51,6,6,22
2024-06-19,mouse,accessories,north,store_3,25.0,0,40,2,6,20
2024-06-25,mouse,accessories,north,store_3,25.0,0,39,1,6,18
2024-06-28,mouse,accessories,north,store_3,25.0,0,37,4,6,21
2024-07-15,mouse,accessories,north,store_3,25.0,0,36,0,7,21
2024-07-17,mouse,accessories,north,store_3,25.0,0,25,2,7,19
2024-08-25,mouse,accessories,north,store_3,25.0,0,46,6,8,23
2024-09-04,mouse,accessories,north,store_3,25.0,0,30,2,9,21
2024-09-20,mouse,accessories,north,store_3,25.0,0,40,4,9,18
2024-10-01,mouse,accessories,north,store_3,25.0,0,44,1,10,18
2024-10-28,mouse,accessories,north,store_3,25.0,0,28,0,10,18
2024-10-31,mouse,accessories,north,store_3,25.0,0,19,3,10,13
2024-11-10,mouse,accessories,north,store_3,25.0,0,43,6,11,31
2024-12-04,mouse,accessories,north,store_3,25.0,0,48,2,12,24
2024-12-17,mouse,accessories,north,store_3,25.0,0,32,1,12,22
