data/complex_sales_dataset.csv
date,product,category,region,store,price,promotion,inventory,weekday,month,sales
2023-01-04,keyboard,accessories,south,store_3,60.0,0,28,2,1,7
2023-01-06,keyboard,accessories,south,store_3,54.0,1,36,4,1,13
2023-01-07,keyboard,accessories,south,store_3,60.0,0,20,5,1,11
2023-01-30,keyboard,accessories,south,store_3,60.0,0,32,0,1,10
2023-02-03,keyboard,accessories,south,store_3,54.0,1,25,4,2,13
2023-02-13,keyboard,accessories,south,store_3,60.0,0,22,0,2,10
2023-02-25,keyboard,accessories,south,store_3,60.0,0,28,5,2,15
2023-03-06,keyboard,accessories,south,store_3,60.0,0,19,0,3,12
2023-03-07,keyboard,accessories,south,store_3,60.0,0,32,1,3,6
2023-03-30,keyboard,accessories,south,store_3,60.0,0,38,3,3,12
2023-04-04,keyboard,accessories,south,store_3,60.0,0,38,1,4,11
2023-04-13,keyboard,accessories,south,store_3,60.0,0,38,3,4,10
2023-04-19,keyboard,accessories,south,store_3,60.0,0,32,2,4,7
2023-04-20,keyboard,accessories,south,store_3,60.0,0,32,3,4,14
2023-04-27,keyboard,accessories,south,store_3,54.0,1,45,3,4,16
2023-05-02,keyboard,accessories,south,store_3,54.0,1,23,1,5,15
2023-05-04,keyboard,accessories,south,store_3,60.0,0,30,3,5,8
2023-05-19,keyboard,accessories,south,store_3,60.0,0,28,4,5,11
2023-05-21,keyboard,accessories,south,store_3,60.0,0,20,6,5,12
2023-05-29,keyboard,accessories,south,store_3,60.0,0,29,0,5,9
2023-06-09,keyboard,accessories,south,store_3,54.0,1,40,4,6,15
2023-06-16,keyboard,accessories,south,store_3,60.0,0,19,4,6,10
2023-06-27,keyboard,accessories,south,store_3,54.0,1,24,1,6,18
2023-07-10,keyboard,accessories,south,store_3,60.0,0,25,0,7,12
2023-07-11,keyboard,accessories,south,store_3,60.0,0,24,1,7,11
2023-08-07,keyboard,accessories,south,store_3,60.0,0,35,0,8,7
2023-08-10,keyboard,accessories,south,store_3,60.0,0,24,3,8,10
2023-09-09,keyboard,accessories,south,store_3,54.0,1,34,5,9,15
2023-09-21,keyboard,accessories,south,store_3,60.0,0,15,3,9,8
2023-10-01,keyboard,accessories,south,store_3,60.0,0,29,6,10,12
2023-10-06,keyboard,accessories,south,store_3,60.0,0,14,4,10,9
2023-10-20,keyboard,accessories,south,store_3,54.0,1,27,4,10,16
2023-10-27,keyboard,accessories,south,store_3,60.0,0,31,4,10,10
2023-11-05,keyboard,accessories,south,store_3,60.0,0,23,6,11,11
2023-11-08,keyboard,accessories,south,store_3,60.0,0,25,2,11,13
2023-11-14,keyboard,accessories,south,store_3,60.0,0,20,1,11,10
2023-11-16,keyboard,accessories,south,store_3,54.0,1,27,3,11,17
2023-11-27,keyboard,accessories,south,store_3,60.0,0,39,0,11,12
2023-12-04,keyboard,accessories,south,store_3,54.0,1,23,0,12,16
2023-12-09,keyboard,accessories,south,store_3,54.0,1,23,5,12,16
2023-12-10,keyboard,accessories,south,store_3,54.0,1,32,6,12,19
2023-12-15,keyboard,accessories,south,store_3,60.0,0,37,4,12,11
2023-12-18,keyboard,accessories,south,store_3,60.0,0,28,0,12,9
2024-01-12,keyboard,accessories,south,store_3,54.0,1,24,4,1,17
2024-01-22,keyboard,accessories,south,store_3,60.0,0,32,0,1,13
2024-01-30,keyboard,accessories,south,store_3,60.0,0,16,1,1,11
2024-02-09,keyboard,accessories,south,store_3,54.0,1,40,4,2,12
2024-02-11,keyboard,accessories,south,store_3,54.0,1,33,6,2,17
2024-02-23,keyboard,accessories,south,store_3,54.0,1,25,4,2,16
2024-03-20,keyboard,accessories,south,store_3,60.0,0,14,2,3,8
2024-04-04,keyboard,accessories,south,store_3,60.0,0,28,3,4,7
2024-04-12,keyboard,accessories,south,store_3,60.0,0,28,4,4,6
2024-04-25,keyboard,accessories,south,store_3,60.0,0,11,3,4,6
2024-05-15,keyboard,accessories,south,store_3,54.0,1,38,2,5,15
2024-05-22,keyboard,accessories,south,store_3,60.0,0,17,2,5,10
2024-05-31,keyboard,accessories,south,store_3,60.0,0,18,4,5,6
2024-06-26,keyboard,accessories,south,store_3,60.0,0,39,2,6,12
2024-07-01,keyboard,accessories,south,store_3,60.0,0,32,0,7,12
2024-07-05,keyboard,accessories,south,store_3,60.0,0,28,4,7,9
2024-07-08,keyboard,accessories,south,store_3,60.0,0,28,0,7,10
2024-07-17,keyboard,accessories,south,store_3,54.0,1,38,2,7,14
2024-08-04,keyboard,accessories,south,store_3,60.0,0,27,6,8,11
2024-09-05,keyboard,accessories,south,store_3,60.0,0,28,3,9,10
2024-10-04,keyboard,accessories,south,store_3,60.0,0,26,4,10,9
2024-10-24,keyboard,accessories,south,store_3,60.0,0,35,3,10,7
2024-10-27,keyboard,accessories,south,store_3,60.0,0,23,6,10,11
2024-11-07,keyboard,accessories,south,store_3,60.0,0,25,3,11,13
2024-11-13,keyboard,accessories,south,store_3,60.0,0,36,2,11,14
2024-11-24,keyboard,accessories,south,store_3,60.0,0,28,6,11,12
2024-11-28,keyboard,accessories,south,store_3,60.0,0,17,3,11,12
2024-12-25,keyboard,accessories,south,store_3,54.0,1,37,2,12,18
2024-12-28,keyboard,accessories,south,store_3,60.0,0,25,5,12,13
2024-12-30,keyboard,accessories,south,store_3,60.0,0,31,0,12,12
2024-12-31,keyboard,accessories,south,store_3,60.0,0,20,1,12,11
2023-01-04,monitor,displays,south,store_1,250.0,0,20,2,1,7
2023-01-20,monitor,displays,south,store_1,250.0,0,25,4,1,4
2023-01-23,monitor,displays,south,store_1,250.0,0,36,0,1,7
2023-01-26,monitor,displays,south,store_1,250.0,0,37,3,1,8
2023-01-31,monitor,displays,south,store_1,250.0,0,29,1,1,5
2023-02-13,monitor,displays,south,store_1,250.0,0,26,0,2,7
2023-03-08,monitor,displays,south,store_1,250.0,0,9,2,3,2
2023-03-10,monitor,displays,south,store_1,250.0,0,26,4,3,7
2023-03-27,monitor,displays,south,store_1,250.0,0,15,0,3,4
2023-03-29,monitor,displays,south,store_1,250.0,0,15,2,3,6
2023-04-04,monitor,displays,south,store_1,250.0,0,13,1,4,5
2023-04-10,monitor,displays,south,store_1,250.0,0,33,0,4,4
2023-04-14,monitor,displays,south,store_1,225.0,1,41,4,4,15
2023-04-17,monitor,displays,south,store_1,250.0,0,12,0,4,5
2023-04-20,monitor,displays,south,store_1,225.0,1,22,3,4,9
2023-06-14,monitor,displays,south,store_1,225.0,1,35,2,6,9
2023-06-23,monitor,displays,south,store_1,250.0,0,24,4,6,7
2023-07-29,monitor,displays,south,store_1,250.0,0,19,5,7,11
2023-08-08,monitor,displays,south,store_1,250.0,0,20,1,8,5
2023-08-13,monitor,displays,south,store_1,225.0,1,26,6,8,10
2023-08-19,monitor,displays,south,store_1,225.0,1,18,5,8,13
2023-09-08,monitor,displays,south,store_1,250.0,0,17,4,9,6
2023-09-12,monitor,displays,south,store_1,250.0,0,26,1,9,4
2023-10-03,monitor,displays,south,store_1,250.0,0,11,1,10,3
2023-10-05,monitor,displays,south,store_1,225.0,1,30,3,10,11
2023-10-11,monitor,displays,south,store_1,250.0,0,27,2,10,8
2023-10-15,monitor,displays,south,store_1,250.0,0,31,6,10,4
2023-10-23,monitor,displays,south,store_1,225.0,1,24,0,10,6
2023-11-29,monitor,displays,south,store_1,250.0,0,27,2,11,6
2023-12-10,monitor,displays,south,store_1,250.0,0,16,6,12,8
2023-12-13,monitor,displays,south,store_1,250.0,0,15,2,12,9
2024-01-22,monitor,displays,south,store_1,250.0,0,25,0,1,5
2024-01-26,monitor,displays,south,store_1,225.0,1,18,4,1,11
2024-02-11,monitor,displays,south,store_1,250.0,0,36,6,2,8
2024-02-21,monitor,displays,south,store_1,225.0,1,20,2,2,13
2024-02-22,monitor,displays,south,store_1,250.0,0,31,3,2,6
2024-02-23,monitor,displays,south,store_1,250.0,0,26,4,2,6
2024-02-27,monitor,displays,south,store_1,250.0,0,18,1,2,2
2024-03-04,monitor,displays,south,store_1,250.0,0,18,0,3,11
2024-03-24,monitor,displays,south,store_1,250.0,0,14,6,3,5
2024-04-03,monitor,displays,south,store_1,225.0,1,27,2,4,13
2024-04-16,monitor,displays,south,store_1,250.0,0,24,1,4,8
2024-05-16,monitor,displays,south,store_1,225.0,1,18,3,5,13
2024-05-27,monitor,displays,south,store_1,250.0,0,24,0,5,1
2024-06-01,monitor,displays,south,store_1,250.0,0,14,5,6,8
2024-06-11,monitor,displays,south,store_1,250.0,0,21,1,6,8
2024-06-25,monitor,displays,south,store_1,250.0,0,28,1,6,3
2024-07-05,monitor,displays,south,store_1,250.0,0,24,4,7,4
2024-07-07,monitor,displays,south,store_1,225.0,1,25,6,7,13
2024-07-08,monitor,displays,south,store_1,250.0,0,24,0,7,4
2024-07-26,monitor,displays,south,store_1,250.0,0,24,4,7,6
2024-07-30,monitor,displays,south,store_1,250.0,0,23,1,7,7
2024-08-04,monitor,displays,south,store_1,250.0,0,31,6,8,6
2024-08-07,monitor,displays,south,store_1,250.0,0,19,2,8,3
2024-08-31,monitor,displays,south,store_1,250.0,0,31,5,8,9
2024-09-28,monitor,displays,south,store_1,250.0,0,10,5,9,3
2024-10-13,monitor,displays,south,store_1,225.0,1,29,6,10,9
2024-10-14,monitor,displays,south,store_1,250.0,0,13,0,10,5
2024-10-16,monitor,displays,south,store_1,225.0,1,37,2,10,12
2024-10-29,monitor,displays,south,store_1,250.0,0,21,1,10,5
2024-11-01,monitor,displays,south,store_1,225.0,1,27,4,11,9
2024-11-07,monitor,displays,south,store_1,250.0,0,27,3,11,8
2024-11-10,monitor,displays,south,store_1,225.0,1,22,6,11,15
2024-11-20,monitor,displays,south,store_1,250.0,0,12,2,11,4
2024-12-02,monitor,displays,south,store_1,225.0,1,40,0,12,14
2024-12-10,monitor,displays,south,store_1,250.0,0,35,1,12,10
2024-12-11,monitor,displays,south,store_1,250.0,0,13,2,12,5
2024-12-16,monitor,displays,south,store_1,225.0,1,38,0,12,12
2024-12-22,monitor,displays,south,store_1,250.0,0,32,6,12,10
2024-12-31,monitor,displays,south,store_1,250.0,0,10,1,12,5
2023-01-05,monitor,displays,south,store_3,250.0,0,20,3,1,7
2023-01-28,monitor,displays,south,store_3,250.0,0,14,5,1,8
2023-01-30,monitor,displays,south,store_3,250.0,0,18,0,1,4
2023-03-01,monitor,displays,south,store_3,250.0,0,22,2,3,4
2023-03-14,monitor,displays,south,store_3,250.0,0,33,1,3,8
2023-04-06,monitor,displays,south,store_3,250.0,0,11,3,4,3
2023-05-20,monitor,displays,south,store_3,250.0,0,36,5,5,9
2023-05-31,monitor,displays,south,store_3,225.0,1,18,2,5,10
2023-06-11,monitor,displays,south,store_3,250.0,0,23,6,6,9
2023-06-13,monitor,displays,south,store_3,225.0,1,21,1,6,9
2023-06-21,monitor,displays,south,store_3,250.0,0,16,2,6,7
2023-07-07,monitor,displays,south,store_3,250.0,0,26,4,7,6
2023-07-12,monitor,displays,south,store_3,250.0,0,26,2,7,7
2023-08-09,monitor,displays,south,store_3,250.0,0,27,2,8,4
2023-08-15,monitor,displays,south,store_3,250.0,0,32,1,8,6
2023-08-24,monitor,displays,south,store_3,250.0,0,24,3,8,5
2023-08-28,monitor,displays,south,store_3,250.0,0,24,0,8,5
2023-09-16,monitor,displays,south,store_3,250.0,0,12,5,9,4
2023-09-25,monitor,displays,south,store_3,225.0,1,27,0,9,13
2023-10-01,monitor,displays,south,store_3,250.0,0,17,6,10,7
2023-11-13,monitor,displays,south,store_3,225.0,1,34,0,11,13
2023-11-20,monitor,displays,south,store_3,250.0,0,16,0,11,7
2023-11-25,monitor,displays,south,store_3,225.0,1,26,5,11,13
2024-01-09,monitor,displays,south,store_3,225.0,1,21,1,1,15
2024-01-14,monitor,displays,south,store_3,250.0,0,25,6,1,4
2024-01-20,monitor,displays,south,store_3,250.0,0,12,5,1,6
2024-01-21,monitor,displays,south,store_3,250.0,0,18,6,1,5
2024-02-14,monitor,displays,south,store_3,250.0,0,31,2,2,5
2024-02-16,monitor,displays,south,store_3,250.0,0,20,4,2,5
2024-02-18,monitor,displays,south,store_3,250.0,0,21,6,2,5
2024-03-26,monitor,displays,south,store_3,225.0,1,30,1,3,15
2024-04-18,monitor,displays,south,store_3,250.0,0,25,3,4,6
2024-04-20,monitor,displays,south,store_3,250.0,0,14,5,4,5
2024-04-22,monitor,displays,south,store_3,250.0,0,14,0,4,8
2024-04-25,monitor,displays,south,store_3,250.0,0,13,3,4,8
2024-04-28,monitor,displays,south,store_3,225.0,1,24,6,4,8
2024-05-02,monitor,displays,south,store_3,225.0,1,18,3,5,12
2024-06-19,monitor,displays,south,store_3,250.0,0,10,2,6,3
2024-06-30,monitor,displays,south,store_3,250.0,0,19,6,6,3
2024-07-17,monitor,displays,south,store_3,250.0,0,16,2,7,7
2024-08-10,monitor,displays,south,store_3,250.0,0,22,5,8,7
2024-09-13,monitor,displays,south,store_3,250.0,0,26,4,9,3
2024-09-14,monitor,displays,south,store_3,250.0,0,35,5,9,6
2024-09-25,monitor,displays,south,store_3,250.0,0,20,2,9,9
2024-10-09,monitor,displays,south,store_3,250.0,0,18,2,10,8
2024-10-20,monitor,displays,south,store_3,225.0,1,32,6,10,14
2024-11-14,monitor,displays,south,store_3,250.0,0,37,3,11,8
2024-11-15,monitor,displays,south,store_3,250.0,0,36,4,11,8
2024-11-25,monitor,displays,south,store_3,250.0,0,33,0,11,9
2024-12-09,monitor,displays,south,store_3,225.0,1,24,0,12,12
2024-12-13,monitor,displays,south,store_3,250.0,0,28,4,12,6
2024-12-15,monitor,displays,south,store_3,225.0,1,40,6,12,12
2024-12-20,monitor,displays,south,store_3,250.0,0,25,4,12,8
2023-01-05,headphones,audio,center,store_2,120.0,0,16,3,1,5
2023-01-06,headphones,audio,center,store_2,120.0,0,25,4,1,10
2023-01-17,headphones,audio,center,store_2,120.0,0,21,1,1,7
2023-02-07,headphones,audio,center,store_2,120.0,0,23,1,2,9
2023-02-08,headphones,audio,center,store_2,108.0,1,37,2,2,10
2023-02-17,headphones,audio,center,store_2,120.0,0,34,4,2,7
2023-02-27,headphones,audio,center,store_2,120.0,0,23,0,2,6
2023-03-23,headphones,audio,center,store_2,120.0,0,25,3,3,8
2023-03-25,headphones,audio,center,store_2,120.0,0,40,5,3,11
2023-04-08,headphones,audio,center,store_2,120.0,0,20,5,4,9
2023-04-18,headphones,audio,center,store_2,120.0,0,34,1,4,7
2023-06-04,headphones,audio,center,store_2,108.0,1,31,6,6,11
2023-06-11,headphones,audio,center,store_2,120.0,0,22,6,6,8
2023-06-26,headphones,audio,center,store_2,120.0,0,18,0,6,6
2023-06-30,headphones,audio,center,store_2,120.0,0,22,4,6,10
2023-07-25,headphones,audio,center,store_2,120.0,0,23,1,7,5
2023-09-15,headphones,audio,center,store_2,108.0,1,21,4,9,11
2023-10-03,headphones,audio,center,store_2,120.0,0,15,1,10,9
2023-10-15,headphones,audio,center,store_2,120.0,0,27,6,10,9
2023-10-16,headphones,audio,center,store_2,108.0,1,26,0,10,12
2023-11-01,headphones,audio,center,store_2,120.0,0,25,2,11,10
2023-11-03,headphones,audio,center,store_2,120.0,0,41,4,11,14
2023-11-20,headphones,audio,center,store_2,120.0,0,34,0,11,8
2023-12-01,headphones,audio,center,store_2,120.0,0,16,4,12,6
2023-12-08,headphones,audio,center,store_2,120.0,0,28,4,12,10
2023-12-21,headphones,audio,center,store_2,108.0,1,32,3,12,11
2023-12-27,headphones,audio,center,store_2,108.0,1,27,2,12,13
2024-02-05,headphones,audio,center,store_2,120.0,0,32,0,2,4
2024-03-10,headphones,audio,center,store_2,120.0,0,29,6,3,13
2024-03-22,headphones,audio,center,store_2,120.0,0,24,4,3,8
2024-04-02,headphones,audio,center,store_2,108.0,1,36,1,4,11
2024-05-25,headphones,audio,center,store_2,120.0,0,19,5,5,8
2024-06-20,headphones,audio,center,store_2,120.0,0,17,3,6,7
2024-06-25,headphones,audio,center,store_2,120.0,0,30,1,6,9
2024-06-30,headphones,audio,center,store_2,120.0,0,39,6,6,13
2024-07-10,headphones,audio,center,store_2,120.0,0,30,2,7,8
2024-09-10,headphones,audio,center,store_2,120.0,0,24,1,9,6
2024-09-15,headphones,audio,center,store_2,120.0,0,22,6,9,7
2024-09-16,headphones,audio,center,store_2,120.0,0,24,0,9,7
2024-09-24,headphones,audio,center,store_2,120.0,0,28,1,9,7
2024-10-01,headphones,audio,center,store_2,120.0,0,31,1,10,7
2024-10-05,headphones,audio,center,store_2,108.0,1,32,5,10,13
2024-10-06,headphones,audio,center,store_2,108.0,1,39,6,10,15
2024-10-11,headphones,audio,center,store_2,120.0,0,23,4,10,8
2024-10-13,headphones,audio,center,store_2,120.0,0,15,6,10,9
2024-10-29,headphones,audio,center,store_2,120.0,0,24,1,10,7
2024-11-14,headphones,audio,center,store_2,120.0,0,16,3,11,9
2024-11-15,headphones,audio,center,store_2,120.0,0,30,4,11,7
2024-11-24,headphones,audio,center,store_2,120.0,0,41,6,11,14
2024-12-01,headphones,audio,center,store_2,120.0,0,33,6,12,13
2024-12-20,headphones,audio,center,store_2,120.0,0,17,4,12,9
2024-12-29,headphones,audio,center,store_2,120.0,0,40,6,12,11
