data/complex_sales_dataset.csv
date,product,category,region,store,price,promotion,inventory,weekday,month,sales
2023-01-06,laptop,computers,north,store_4,900.0,0,12,4,1,4
2023-01-14,laptop,computers,north,store_4,810.0,1,18,5,1,13
2023-01-21,laptop,computers,north,store_4,810.0,1,28,5,1,10
2023-01-24,laptop,computers,north,store_4,810.0,1,27,1,1,10
2023-02-06,laptop,computers,north,store_4,900.0,0,13,0,2,6
2023-02-19,laptop,computers,north,store_4,810.0,1,31,6,2,15
2023-04-17,laptop,computers,north,store_4,900.0,0,11,0,4,4
2023-04-21,laptop,computers,north,store_4,810.0,1,20,4,4,4
2023-04-23,laptop,computers,north,store_4,900.0,0,15,6,4,5
2023-05-21,laptop,computers,north,store_4,900.0,0,25,6,5,7
2023-05-24,laptop,computers,north,store_4,900.0,0,25,2,5,5
2023-05-27,laptop,computers,north,store_4,900.0,0,14,5,5,7
2023-07-06,laptop,computers,north,store_4,900.0,0,34,3,7,5
2023-07-12,laptop,computers,north,store_4,900.0,0,32,2,7,3
2023-07-21,laptop,computers,north,store_4,900.0,0,26,4,7,3
2023-08-12,laptop,computers,north,store_4,900.0,0,14,5,8,3
2023-08-23,laptop,computers,north,store_4,900.0,0,28,2,8,8
2023-08-28,laptop,computers,north,store_4,900.0,0,17,0,8,3
2023-09-08,laptop,computers,north,store_4,900.0,0,23,4,9,6
2023-09-14,laptop,computers,north,store_4,810.0,1,28,3,9,11
2023-10-21,laptop,computers,north,store_4,900.0,0,15,5,10,5
2023-10-22,laptop,computers,north,store_4,810.0,1,40,6,10,12
2023-11-19,laptop,computers,north,store_4,900.0,0,29,6,11,6
2023-11-29,laptop,computers,north,store_4,900.0,0,12,2,11,6
2023-12-10,laptop,computers,north,store_4,900.0,0,17,6,12,4
2023-12-14,laptop,computers,north,store_4,900.0,0,11,3,12,6
2023-12-18,laptop,computers,north,store_4,900.0,0,22,0,12,4
2023-12-24,laptop,computers,north,store_4,900.0,0,21,6,12,7
2024-01-07,laptop,computers,north,store_4,810.0,1,31,6,1,8
2024-01-11,laptop,computers,north,store_4,900.0,0,14,3,1,6
2024-01-18,laptop,computers,north,store_4,900.0,0,29,3,1,5
2024-01-20,laptop,computers,north,store_4,900.0,0,13,5,1,3
2024-02-10,laptop,computers,north,store_4,900.0,0,21,5,2,7
2024-02-14,laptop,computers,north,store_4,900.0,0,36,2,2,7
2024-03-12,laptop,computers,north,store_4,900.0,0,20,1,3,1
2024-03-20,laptop,computers,north,store_4,900.0,0,31,2,3,4
2024-04-14,laptop,computers,north,store_4,900.0,0,14,6,4,1
2024-04-30,laptop,computers,north,store_4,900.0,0,28,1,4,9
2024-05-16,laptop,computers,north,store_4,900.0,0,18,3,5,4
2024-06-15,laptop,computers,north,store_4,900.0,0,24,5,6,9
2024-06-28,laptop,computers,north,store_4,900.0,0,22,4,6,5
2024-06-30,laptop,computers,north,store_4,900.0,0,20,6,6,4
2024-07-31,laptop,computers,north,store_4,900.0,0,16,2,7,6
2024-10-04,laptop,computers,north,store_4,900.0,0,28,4,10,4
2024-10-21,laptop,computers,north,store_4,900.0,0,34,0,10,5
2024-10-27,laptop,computers,north,store_4,900.0,0,9,6,10,4
2024-10-29,laptop,computers,north,store_4,810.0,1,26,1,10,6
2024-11-13,laptop,computers,north,store_4,900.0,0,15,2,11,7
2024-11-20,laptop,computers,north,store_4,810.0,1,40,2,11,12
2024-11-21,laptop,computers,north,store_4,900.0,0,24,3,11,6
2024-11-22,laptop,computers,north,store_4,810.0,1,36,4,11,13
2024-11-30,laptop,computers,north,store_4,810.0,1,34,5,11,12
2024-12-28,laptop,computers,north,store_4,900.0,0,28,5,12,5
2023-01-07,laptop,computers,south,store_4,900.0,0,12,5,1,7
2023-01-09,laptop,computers,south,store_4,900.0,0,34,0,1,6
2023-01-13,laptop,computers,south,store_4,810.0,1,17,4,1,10
2023-01-17,laptop,computers,south,store_4,810.0,1,41,1,1,14
2023-01-19,laptop,computers,south,store_4,900.0,0,21,3,1,3
2023-02-15,laptop,computers,south,store_4,900.0,0,33,2,2,7
2023-02-24,laptop,computers,south,store_4,900.0,0,30,4,2,5
2023-03-07,laptop,computers,south,store_4,900.0,0,25,1,3,3
2023-03-08,laptop,computers,south,store_4,900.0,0,10,2,3,4
2023-03-13,laptop,computers,south,store_4,900.0,0,25,0,3,4
2023-03-20,laptop,computers,south,store_4,900.0,0,17,0,3,6
2023-03-22,laptop,computers,south,store_4,900.0,0,26,2,3,3
2023-03-30,laptop,computers,south,store_4,900.0,0,18,3,3,0
2023-04-03,laptop,computers,south,store_4,900.0,0,26,0,4,7
2023-04-18,laptop,computers,south,store_4,900.0,0,22,1,4,5
2023-04-20,laptop,computers,south,store_4,900.0,0,18,3,4,6
2023-06-04,laptop,computers,south,store_4,900.0,0,13,6,6,8
2023-06-09,laptop,computers,south,store_4,810.0,1,36,4,6,13
2023-06-19,laptop,computers,south,store_4,900.0,0,23,0,6,5
2023-06-21,laptop,computers,south,store_4,900.0,0,23,2,6,2
2023-06-25,laptop,computers,south,store_4,900.0,0,28,6,6,7
2023-07-01,laptop,computers,south,store_4,900.0,0,16,5,7,7
2023-07-03,laptop,computers,south,store_4,900.0,0,12,0,7,5
2023-07-07,laptop,computers,south,store_4,900.0,0,25,4,7,5
2023-07-10,laptop,computers,south,store_4,900.0,0,29,0,7,3
2023-08-04,laptop,computers,south,store_4,900.0,0,21,4,8,2
2023-09-22,laptop,computers,south,store_4,900.0,0,9,4,9,4
2023-10-02,laptop,computers,south,store_4,810.0,1,20,0,10,10
2023-10-07,laptop,computers,south,store_4,900.0,0,32,5,10,6
2023-10-31,laptop,computers,south,store_4,900.0,0,15,1,10,3
2023-11-03,laptop,computers,south,store_4,900.0,0,12,4,11,7
2023-12-19,laptop,computers,south,store_4,810.0,1,23,1,12,11
2023-12-26,laptop,computers,south,store_4,810.0,1,36,1,12,12
2024-01-03,laptop,computers,south,store_4,900.0,0,31,2,1,5
2024-01-16,laptop,computers,south,store_4,810.0,1,33,1,1,15
2024-01-29,laptop,computers,south,store_4,900.0,0,27,0,1,3
2024-01-30,laptop,computers,south,store_4,810.0,1,31,1,1,9
2024-02-04,laptop,computers,south,store_4,810.0,1,37,6,2,9
2024-02-06,laptop,computers,south,store_4,900.0,0,12,1,2,2
2024-02-11,laptop,computers,south,store_4,900.0,0,20,6,2,6
2024-02-13,laptop,computers,south,store_4,900.0,0,21,1,2,5
2024-02-23,laptop,computers,south,store_4,900.0,0,31,4,2,6
2024-02-27,laptop,computers,south,store_4,900.0,0,23,1,2,4
2024-03-11,laptop,computers,south,store_4,900.0,0,20,0,3,0
2024-03-27,laptop,computers,south,store_4,900.0,0,10,2,3,3
2024-03-29,laptop,computers,south,store_4,900.0,0,30,4,3,3
2024-04-03,laptop,computers,south,store_4,900.0,0,20,2,4,4
2024-04-18,laptop,computers,south,store_4,900.0,0,19,3,4,8
2024-04-25,laptop,computers,south,store_4,810.0,1,24,3,4,10
2024-05-01,laptop,computers,south,store_4,900.0,0,21,2,5,2
2024-05-03,laptop,computers,south,store_4,900.0,0,32,4,5,6
2024-05-13,laptop,computers,south,store_4,900.0,0,21,0,5,4
2024-05-20,laptop,computers,south,store_4,900.0,0,28,0,5,3
2024-05-29,laptop,computers,south,store_4,900.0,0,27,2,5,6
2024-06-20,laptop,computers,south,store_4,810.0,1,34,3,6,10
2024-07-02,laptop,computers,south,store_4,900.0,0,34,1,7,6
2024-07-21,laptop,computers,south,store_4,900.0,0,17,6,7,5
2024-07-26,laptop,computers,south,store_4,900.0,0,12,4,7,1
2024-08-04,laptop,computers,south,store_4,900.0,0,16,6,8,5
2024-08-08,laptop,computers,south,store_4,900.0,0,32,3,8,6
2024-08-11,laptop,computers,south,store_4,900.0,0,22,6,8,8
2024-09-06,laptop,computers,south,store_4,900.0,0,18,4,9,1
2024-09-10,laptop,computers,south,store_4,900.0,0,30,1,9,7
2024-10-09,laptop,computers,south,store_4,900.0,0,17,2,10,2
2024-10-11,laptop,computers,south,store_4,900.0,0,10,4,10,3
2024-10-25,laptop,computers,south,store_4,900.0,0,13,4,10,6
2024-10-28,laptop,computers,south,store_4,810.0,1,23,0,10,14
2024-11-15,laptop,computers,south,store_4,900.0,0,37,4,11,8
2024-11-24,laptop,computers,south,store_4,900.0,0,19,6,11,2
2024-11-27,laptop,computers,south,store_4,900.0,0,31,2,11,8
2024-12-04,laptop,computers,south,store_4,810.0,1,23,2,12,12
2024-12-05,laptop,computers,south,store_4,900.0,0,31,3,12,6
2024-12-17,laptop,computers,south,store_4,900.0,0,13,1,12,0
2024-12-27,laptop,computers,south,store_4,900.0,0,35,4,12,6
2024-12-31,laptop,computers,south,store_4,900.0,0,34,1,12,9
2023-01-07,mouse,accessories,center,store_1,25.0,0,46,5,1,22
2023-01-15,mouse,accessories,center,store_1,25.0,0,49,6,1,23
2023-01-29,mouse,accessories,center,store_1,25.0,0,46,6,1,18
2023-01-31,mouse,accessories,center,store_1,25.0,0,34,1,1,15
2023-02-11,mouse,accessories,center,store_1,25.0,0,37,5,2,22
2023-03-11,mouse,accessories,center,store_1,25.0,0,29,5,3,24
2023-03-31,mouse,accessories,center,store_1,25.0,0,42,4,3,20
2023-04-10,mouse,accessories,center,store_1,22.5,1,34,0,4,25
2023-05-04,mouse,accessories,center,store_1,25.0,0,47,3,5,18
2023-05-22,mouse,accessories,center,store_1,25.0,0,29,0,5,18
2023-06-06,mouse,accessories,center,store_1,25.0,0,35,1,6,20
2023-06-07,mouse,accessories,center,store_1,25.0,0,42,2,6,23
2023-06-08,mouse,accessories,center,store_1,25.0,0,28,3,6,17
2023-06-16,mouse,accessories,center,store_1,25.0,0,35,4,6,20
2023-06-22,mouse,accessories,center,store_1,22.5,1,51,3,6,23
2023-06-28,mouse,accessories,center,store_1,25.0,0,43,2,6,18
2023-07-02,mouse,accessories,center,store_1,25.0,0,28,6,7,23
2023-07-03,mouse,accessories,center,store_1,25.0,0,38,0,7,21
2023-07-04,mouse,accessories,center,store_1,25.0,0,32,1,7,21
2023-08-09,mouse,accessories,center,store_1,25.0,0,30,2,8,22
2023-08-18,mouse,accessories,center,store_1,25.0,0,41,4,8,15
2023-08-25,mouse,accessories,center,store_1,25.0,0,29,4,8,22
2023-09-16,mouse,accessories,center,store_1,25.0,0,42,5,9,21
2023-10-03,mouse,accessories,center,store_1,25.0,0,45,1,10,17
2023-10-08,mouse,accessories,center,store_1,22.5,1,34,6,10,25
2023-10-20,mouse,accessories,center,store_1,25.0,0,40,4,10,17
2023-11-10,mouse,accessories,center,store_1,25.0,0,45,4,11,25
2023-11-13,mouse,accessories,center,store_1,25.0,0,40,0,11,24
2023-11-27,mouse,accessories,center,store_1,22.5,1,41,0,11,27
2023-11-30,mouse,accessories,center,store_1,25.0,0,32,3,11,26
2023-12-07,mouse,accessories,center,store_1,25.0,0,38,3,12,22
2023-12-18,mouse,accessories,center,store_1,25.0,0,31,0,12,23
2023-12-20,mouse,accessories,center,store_1,22.5,1,54,2,12,28
2024-01-27,mouse,accessories,center,store_1,25.0,0,48,5,1,22
2024-02-11,mouse,accessories,center,store_1,22.5,1,44,6,2,22
2024-02-20,mouse,accessories,center,store_1,22.5,1,48,1,2,27
2024-02-25,mouse,accessories,center,store_1,25.0,0,48,6,2,21
2024-03-02,mouse,accessories,center,store_1,22.5,1,43,5,3,28
2024-03-17,mouse,accessories,center,store_1,25.0,0,48,6,3,22
2024-04-04,mouse,accessories,center,store_1,25.0,0,43,3,4,20
2024-04-24,mouse,accessories,center,store_1,22.5,1,42,2,4,24
2024-04-28,mouse,accessories,center,store_1,25.0,0,49,6,4,23
2024-05-08,mouse,accessories,center,store_1,25.0,0,43,2,5,22
2024-05-10,mouse,accessories,center,store_1,22.5,1,34,4,5,26
2024-05-17,mouse,accessories,center,store_1,25.0,0,31,4,5,18
2024-05-20,mouse,accessories,center,store_1,25.0,0,39,0,5,20
2024-06-13,mouse,accessories,center,store_1,25.0,0,28,3,6,21
2024-06-14,mouse,accessories,center,store_1,25.0,0,37,4,6,18
2024-07-12,mouse,accessories,center,store_1,22.5,1,35,4,7,24
2024-07-23,mouse,accessories,center,store_1,25.0,0,43,1,7,22
2024-07-27,mouse,accessories,center,store_1,25.0,0,37,5,7,23
2024-08-23,mouse,accessories,center,store_1,25.0,0,41,4,8,16
2024-09-03,mouse,accessories,center,store_1,25.0,0,29,1,9,20
2024-10-26,mouse,accessories,center,store_1,22.5,1,42,5,10,30
2024-10-30,mouse,accessories,center,store_1,22.5,1,33,2,10,24
2024-11-15,mouse,accessories,center,store_1,25.0,0,37,4,11,20
2024-11-17,mouse,accessories,center,store_1,25.0,0,43,6,11,25
2024-11-22,mouse,accessories,center,store_1,22.5,1,40,4,11,27
2024-12-01,mouse,accessories,center,store_1,25.0,0,49,6,12,25
2024-12-11,mouse,accessories,center,store_1,25.0,0,38,2,12,21
2024-12-20,mouse,accessories,center,store_1,22.5,1,52,4,12,30
2023-01-07,monitor,displays,center,store_4,250.0,0,32,5,1,4
2023-02-06,monitor,displays,center,store_4,250.0,0,30,0,2,7
2023-02-19,monitor,displays,center,store_4,250.0,0,32,6,2,7
2023-02-25,monitor,displays,center,store_4,250.0,0,35,5,2,6
2023-02-26,monitor,displays,center,store_4,225.0,1,30,6,2,13
2023-03-19,monitor,displays,center,store_4,250.0,0,14,6,3,7
2023-03-20,monitor,displays,center,store_4,250.0,0,11,0,3,2
2023-03-23,monitor,displays,center,store_4,250.0,0,24,3,3,5
2023-04-05,monitor,displays,center,store_4,250.0,0,11,2,4,5
2023-04-29,monitor,displays,center,store_4,250.0,0,28,5,4,7
2023-05-15,monitor,displays,center,store_4,225.0,1,41,0,5,12
2023-05-21,monitor,displays,center,store_4,250.0,0,14,6,5,7
2023-05-24,monitor,displays,center,store_4,225.0,1,21,2,5,10
2023-06-04,monitor,displays,center,store_4,225.0,1,37,6,6,10
2023-06-08,monitor,displays,center,store_4,250.0,0,23,3,6,3
2023-06-16,monitor,displays,center,store_4,225.0,1,32,4,6,6
2023-06-24,monitor,displays,center,store_4,225.0,1,24,5,6,14
2023-07-01,monitor,displays,center,store_4,225.0,1,30,5,7,10
2023-09-04,monitor,displays,center,store_4,250.0,0,30,0,9,4
2023-09-19,monitor,displays,center,store_4,250.0,0,13,1,9,4
2023-09-20,monitor,displays,center,store_4,250.0,0,23,2,9,5
2023-09-21,monitor,displays,center,store_4,250.0,0,36,3,9,7
2023-09-26,monitor,displays,center,store_4,250.0,0,34,1,9,5
2023-10-26,monitor,displays,center,store_4,250.0,0,13,3,10,5
2023-10-29,monitor,displays,center,store_4,225.0,1,21,6,10,12
2023-11-02,monitor,displays,center,store_4,250.0,0,28,3,11,9
2023-11-08,monitor,displays,center,store_4,250.0,0,24,2,11,4
2023-11-11,monitor,displays,center,store_4,250.0,0,37,5,11,11
2023-11-14,monitor,displays,center,store_4,250.0,0,25,1,11,4
2023-11-19,monitor,displays,center,store_4,250.0,0,15,6,11,8
2023-11-26,monitor,displays,center,store_4,250.0,0,26,6,11,9
2023-12-02,monitor,displays,center,store_4,250.0,0,35,5,12,8
2023-12-03,monitor,displays,center,store_4,225.0,1,30,6,12,13
2023-12-08,monitor,displays,center,store_4,225.0,1,17,4,12,12
2023-12-14,monitor,displays,center,store_4,250.0,0,19,3,12,6
2023-12-20,monitor,displays,center,store_4,250.0,0,17,2,12,6
2023-12-22,monitor,displays,center,store_4,250.0,0,11,4,12,2
2024-01-16,monitor,displays,center,store_4,225.0,1,35,1,1,9
2024-01-28,monitor,displays,center,store_4,250.0,0,34,6,1,7
2024-02-06,monitor,displays,center,store_4,250.0,0,16,1,2,7
2024-02-08,monitor,displays,center,store_4,250.0,0,36,3,2,8
2024-03-11,monitor,displays,center,store_4,225.0,1,21,0,3,10
2024-03-15,monitor,displays,center,store_4,250.0,0,9,4,3,4
2024-03-17,monitor,displays,center,store_4,250.0,0,20,6,3,6
2024-03-30,monitor,displays,center,store_4,250.0,0,14,5,3,8
2024-04-13,monitor,displays,center,store_4,250.0,0,28,5,4,6
2024-04-29,monitor,displays,center,store_4,250.0,0,35,0,4,7
2024-05-03,monitor,displays,center,store_4,250.0,0,25,4,5,4
2024-05-08,monitor,displays,center,store_4,225.0,1,34,2,5,13
2024-05-30,monitor,displays,center,store_4,250.0,0,32,3,5,8
2024-06-07,monitor,displays,center,store_4,250.0,0,14,4,6,3
2024-06-15,monitor,displays,center,store_4,250.0,0,27,5,6,5
2024-06-17,monitor,displays,center,store_4,250.0,0,16,0,6,4
2024-07-10,monitor,displays,center,store_4,250.0,0,19,2,7,3
2024-07-14,monitor,displays,center,store_4,250.0,0,28,6,7,4
2024-07-23,monitor,displays,center,store_4,225.0,1,24,1,7,10
2024-09-22,monitor,displays,center,store_4,250.0,0,39,6,9,10
2024-09-30,monitor,displays,center,store_4,225.0,1,33,0,9,11
2024-10-08,monitor,displays,center,store_4,250.0,0,14,1,10,5
2024-10-19,monitor,displays,center,store_4,250.0,0,23,5,10,5
2024-10-23,monitor,displays,center,store_4,225.0,1,16,2,10,11
2024-10-31,monitor,displays,center,store_4,250.0,0,13,3,10,3
2024-11-05,monitor,displays,center,store_4,250.0,0,20,1,11,8
2024-12-28,monitor,displays,center,store_4,250.0,0,29,5,12,4
