data/complex_sales_dataset.csv
date,product,category,region,store,price,promotion,inventory,weekday,month,sales
2023-01-07,headphones,audio,center,store_4,108.0,1,38,5,1,17
2023-01-08,headphones,audio,center,store_4,120.0,0,35,6,1,8
2023-01-13,headphones,audio,center,store_4,120.0,0,19,4,1,5
2023-02-09,headphones,audio,center,store_4,120.0,0,23,3,2,10
2023-02-26,headphones,audio,center,store_4,120.0,0,15,6,2,10
2023-02-28,headphones,audio,center,store_4,120.0,0,36,1,2,10
2023-03-07,headphones,audio,center,store_4,120.0,0,35,1,3,7
2023-03-22,headphones,audio,center,store_4,120.0,0,11,2,3,5
2023-04-29,headphones,audio,center,store_4,120.0,0,26,5,4,9
2023-05-26,headphones,audio,center,store_4,120.0,0,34,4,5,8
2023-06-14,headphones,audio,center,store_4,120.0,0,32,2,6,12
2023-06-21,headphones,audio,center,store_4,120.0,0,29,2,6,11
2023-06-25,headphones,audio,center,store_4,120.0,0,28,6,6,6
2023-07-07,headphones,audio,center,store_4,108.0,1,26,4,7,9
2023-07-16,headphones,audio,center,store_4,120.0,0,29,6,7,9
2023-07-26,headphones,audio,center,store_4,120.0,0,33,2,7,4
2023-09-02,headphones,audio,center,store_4,120.0,0,34,5,9,7
2023-09-10,headphones,audio,center,store_4,120.0,0,20,6,9,11
2023-09-12,headphones,audio,center,store_4,120.0,0,21,1,9,7
2023-09-25,headphones,audio,center,store_4,120.0,0,29,0,9,12
2023-10-07,headphones,audio,center,store_4,108.0,1,27,5,10,14
2023-11-09,headphones,audio,center,store_4,120.0,0,29,3,11,9
2023-11-11,headphones,audio,center,store_4,120.0,0,19,5,11,9
2023-11-30,headphones,audio,center,store_4,108.0,1,30,3,11,16
2023-12-22,headphones,audio,center,store_4,120.0,0,20,4,12,9
2024-01-12,headphones,audio,center,store_4,120.0,0,15,4,1,7
2024-01-19,headphones,audio,center,store_4,120.0,0,15,4,1,8
2024-01-29,headphones,audio,center,store_4,120.0,0,26,0,1,7
2024-02-22,headphones,audio,center,store_4,120.0,0,26,3,2,6
2024-02-23,headphones,audio,center,store_4,120.0,0,28,4,2,6
2024-02-26,headphones,audio,center,store_4,108.0,1,32,0,2,15
2024-03-01,headphones,audio,center,store_4,120.0,0,24,4,3,9
2024-03-19,headphones,audio,center,store_4,120.0,0,17,1,3,5
2024-03-26,headphones,audio,center,store_4,120.0,0,24,1,3,10
2024-04-04,headphones,audio,center,store_4,120.0,0,35,3,4,6
2024-04-05,headphones,audio,center,store_4,108.0,1,24,4,4,13
2024-04-20,headphones,audio,center,store_4,120.0,0,37,5,4,10
2024-04-21,headphones,audio,center,store_4,120.0,0,32,6,4,9
2024-04-23,headphones,audio,center,store_4,120.0,0,18,1,4,8
2024-04-24,headphones,audio,center,store_4,120.0,0,22,2,4,8
2024-04-27,headphones,audio,center,store_4,120.0,0,35,5,4,8
2024-04-29,headphones,audio,center,store_4,120.0,0,12,0,4,6
2024-05-12,headphones,audio,center,store_4,120.0,0,31,6,5,10
2024-05-17,headphones,audio,center,store_4,120.0,0,30,4,5,6
2024-05-20,headphones,audio,center,store_4,120.0,0,27,0,5,6
2024-05-22,headphones,audio,center,store_4,108.0,1,40,2,5,14
2024-06-04,headphones,audio,center,store_4,120.0,0,26,1,6,10
2024-06-15,headphones,audio,center,store_4,120.0,0,30,5,6,10
2024-06-28,headphones,audio,center,store_4,120.0,0,32,4,6,7
2024-07-16,headphones,audio,center,store_4,120.0,0,27,1,7,8
2024-07-29,headphones,audio,center,store_4,120.0,0,34,0,7,7
2024-08-08,headphones,audio,center,store_4,120.0,0,20,3,8,9
2024-08-09,headphones,audio,center,store_4,120.0,0,12,4,8,6
2024-08-15,headphones,audio,center,store_4,120.0,0,11,3,8,6
2024-08-31,headphones,audio,center,store_4,120.0,0,32,5,8,6
2024-09-18,headphones,audio,center,store_4,120.0,0,24,2,9,7
2024-09-23,headphones,audio,center,store_4,120.0,0,35,0,9,8
2024-09-28,headphones,audio,center,store_4,120.0,0,28,5,9,13
2024-10-02,headphones,audio,center,store_4,120.0,0,19,2,10,8
2024-10-03,headphones,audio,center,store_4,120.0,0,36,3,10,7
2024-10-12,headphones,audio,center,store_4,108.0,1,28,5,10,15
2024-11-01,headphones,audio,center,store_4,120.0,0,37,4,11,9
2024-11-05,headphones,audio,center,store_4,108.0,1,42,1,11,16
2024-11-10,headphones,audio,center,store_4,120.0,0,32,6,11,11
2024-11-26,headphones,audio,center,store_4,120.0,0,22,1,11,9
2024-12-11,headphones,audio,center,store_4,120.0,0,11,2,12,6
2024-12-15,headphones,audio,center,store_4,120.0,0,31,6,12,9
2024-12-24,headphones,audio,center,store_4,120.0,0,23,1,12,10
2023-01-08,laptop,computers,center,store_4,900.0,0,22,6,1,6
2023-01-11,laptop,computers,center,store_4,810.0,1,31,2,1,11
2023-01-15,laptop,computers,center,store_4,900.0,0,33,6,1,4
2023-01-18,laptop,computers,center,store_4,900.0,0,10,2,1,5
2023-01-23,laptop,computers,center,store_4,900.0,0,23,0,1,0
2023-01-25,laptop,computers,center,store_4,900.0,0,32,2,1,4
2023-02-11,laptop,computers,center,store_4,810.0,1,39,5,2,10
2023-02-23,laptop,computers,center,store_4,900.0,0,26,3,2,4
2023-02-26,laptop,computers,center,store_4,900.0,0,27,6,2,5
2023-03-04,laptop,computers,center,store_4,900.0,0,27,5,3,6
2023-03-05,laptop,computers,center,store_4,900.0,0,27,6,3,3
2023-03-17,laptop,computers,center,store_4,900.0,0,27,4,3,5
2023-04-05,laptop,computers,center,store_4,900.0,0,21,2,4,4
2023-04-07,laptop,computers,center,store_4,900.0,0,27,4,4,7
2023-04-09,laptop,computers,center,store_4,900.0,0,19,6,4,5
2023-04-14,laptop,computers,center,store_4,900.0,0,10,4,4,4
2023-04-22,laptop,computers,center,store_4,810.0,1,15,5,4,9
2023-05-06,laptop,computers,center,store_4,900.0,0,27,5,5,7
2023-06-11,laptop,computers,center,store_4,900.0,0,27,6,6,6
2023-06-18,laptop,computers,center,store_4,900.0,0,25,6,6,1
2023-07-16,laptop,computers,center,store_4,900.0,0,18,6,7,4
2023-07-19,laptop,computers,center,store_4,900.0,0,34,2,7,5
2023-08-08,laptop,computers,center,store_4,900.0,0,23,1,8,3
2023-08-11,laptop,computers,center,store_4,900.0,0,32,4,8,3
2023-08-14,laptop,computers,center,store_4,810.0,1,30,0,8,7
2023-09-03,laptop,computers,center,store_4,900.0,0,34,6,9,7
2023-09-07,laptop,computers,center,store_4,900.0,0,31,3,9,6
2023-09-17,laptop,computers,center,store_4,900.0,0,23,6,9,9
2023-09-19,laptop,computers,center,store_4,900.0,0,28,1,9,5
2023-09-20,laptop,computers,center,store_4,900.0,0,28,2,9,5
2023-10-03,laptop,computers,center,store_4,810.0,1,29,1,10,9
2023-10-12,laptop,computers,center,store_4,900.0,0,34,3,10,5
2023-10-13,laptop,computers,center,store_4,900.0,0,33,4,10,7
2023-10-15,laptop,computers,center,store_4,900.0,0,17,6,10,0
2023-10-28,laptop,computers,center,store_4,900.0,0,27,5,10,5
2023-10-29,laptop,computers,center,store_4,900.0,0,18,6,10,3
2023-11-04,laptop,computers,center,store_4,900.0,0,14,5,11,9
2023-11-05,laptop,computers,center,store_4,900.0,0,31,6,11,4
2023-11-14,laptop,computers,center,store_4,900.0,0,17,1,11,8
2023-11-30,laptop,computers,center,store_4,900.0,0,33,3,11,8
2023-12-07,laptop,computers,center,store_4,810.0,1,22,3,12,7
2024-01-12,laptop,computers,center,store_4,810.0,1,16,4,1,11
2024-01-15,laptop,computers,center,store_4,900.0,0,15,0,1,5
2024-02-22,laptop,computers,center,store_4,810.0,1,15,3,2,10
2024-03-01,laptop,computers,center,store_4,900.0,0,14,4,3,8
2024-03-02,laptop,computers,center,store_4,900.0,0,19,5,3,6
2024-04-23,laptop,computers,center,store_4,900.0,0,12,1,4,3
2024-05-22,laptop,computers,center,store_4,810.0,1,17,2,5,7
2024-05-28,laptop,computers,center,store_4,900.0,0,17,1,5,3
2024-06-06,laptop,computers,center,store_4,900.0,0,15,3,6,4
2024-06-07,laptop,computers,center,store_4,900.0,0,29,4,6,3
2024-06-16,laptop,computers,center,store_4,900.0,0,14,6,6,7
2024-06-18,laptop,computers,center,store_4,900.0,0,27,1,6,5
2024-07-23,laptop,computers,center,store_4,900.0,0,31,1,7,4
2024-08-02,laptop,computers,center,store_4,810.0,1,30,4,8,11
2024-08-29,laptop,computers,center,store_4,900.0,0,35,3,8,6
2024-09-12,laptop,computers,center,store_4,810.0,1,24,3,9,9
2024-09-21,laptop,computers,center,store_4,900.0,0,21,5,9,5
2024-09-29,laptop,computers,center,store_4,900.0,0,13,6,9,1
2024-10-13,laptop,computers,center,store_4,900.0,0,21,6,10,2
2024-11-01,laptop,computers,center,store_4,900.0,0,29,4,11,9
2024-11-10,laptop,computers,center,store_4,900.0,0,29,6,11,7
2024-11-18,laptop,computers,center,store_4,900.0,0,16,0,11,4
2024-11-25,laptop,computers,center,store_4,900.0,0,27,0,11,4
2024-12-22,laptop,computers,center,store_4,900.0,0,23,6,12,6
2024-12-24,laptop,computers,center,store_4,900.0,0,34,1,12,6
2023-01-08,mouse,accessories,center,store_3,25.0,0,41,6,1,20
2023-01-22,mouse,accessories,center,store_3,22.5,1,38,6,1,25
2023-01-27,mouse,accessories,center,store_3,22.5,1,49,4,1,24
2023-02-13,mouse,accessories,center,store_3,25.0,0,46,0,2,19
2023-02-21,mouse,accessories,center,store_3,25.0,0,38,1,2,21
2023-02-22,mouse,accessories,center,store_3,22.5,1,53,2,2,26
2023-03-02,mouse,accessories,center,store_3,25.0,0,28,3,3,21
2023-03-08,mouse,accessories,center,store_3,25.0,0,26,2,3,20
2023-04-21,mouse,accessories,center,store_3,22.5,1,45,4,4,26
2023-04-28,mouse,accessories,center,store_3,25.0,0,31,4,4,22
2023-05-08,mouse,accessories,center,store_3,25.0,0,44,0,5,18
2023-05-21,mouse,accessories,center,store_3,25.0,0,29,6,5,22
2023-06-02,mouse,accessories,center,store_3,22.5,1,52,4,6,23
2023-07-12,mouse,accessories,center,store_3,25.0,0,33,2,7,18
2023-07-22,mouse,accessories,center,store_3,25.0,0,37,5,7,25
2023-08-24,mouse,accessories,center,store_3,25.0,0,40,3,8,18
2023-09-04,mouse,accessories,center,store_3,25.0,0,44,0,9,19
2023-09-26,mouse,accessories,center,store_3,25.0,0,32,1,9,20
2023-09-29,mouse,accessories,center,store_3,25.0,0,35,4,9,20
2023-10-10,mouse,accessories,center,store_3,25.0,0,44,1,10,20
2023-10-12,mouse,accessories,center,store_3,25.0,0,30,3,10,20
2023-10-18,mouse,accessories,center,store_3,22.5,1,41,2,10,27
2023-10-23,mouse,accessories,center,store_3,22.5,1,50,0,10,23
2023-11-01,mouse,accessories,center,store_3,25.0,0,41,2,11,23
2023-11-15,mouse,accessories,center,store_3,25.0,0,28,2,11,23
2023-12-05,mouse,accessories,center,store_3,25.0,0,38,1,12,22
2023-12-14,mouse,accessories,center,store_3,25.0,0,44,3,12,25
2023-12-27,mouse,accessories,center,store_3,22.5,1,55,2,12,27
2023-12-30,mouse,accessories,center,store_3,25.0,0,41,5,12,25
2024-01-15,mouse,accessories,center,store_3,25.0,0,49,0,1,21
2024-02-17,mouse,accessories,center,store_3,25.0,0,46,5,2,21
2024-02-21,mouse,accessories,center,store_3,25.0,0,31,2,2,17
2024-02-27,mouse,accessories,center,store_3,22.5,1,55,1,2,27
2024-02-28,mouse,accessories,center,store_3,22.5,1,47,2,2,25
2024-02-29,mouse,accessories,center,store_3,25.0,0,27,3,2,18
2024-03-09,mouse,accessories,center,store_3,25.0,0,34,5,3,24
2024-03-28,mouse,accessories,center,store_3,25.0,0,49,3,3,20
2024-04-03,mouse,accessories,center,store_3,25.0,0,45,2,4,23
2024-04-12,mouse,accessories,center,store_3,25.0,0,30,4,4,22
2024-04-16,mouse,accessories,center,store_3,25.0,0,34,1,4,20
2024-05-14,mouse,accessories,center,store_3,22.5,1,42,1,5,25
2024-07-04,mouse,accessories,center,store_3,25.0,0,29,3,7,20
2024-07-11,mouse,accessories,center,store_3,25.0,0,26,3,7,18
2024-08-01,mouse,accessories,center,store_3,22.5,1,35,3,8,24
2024-08-11,mouse,accessories,center,store_3,25.0,0,38,6,8,20
2024-08-12,mouse,accessories,center,store_3,25.0,0,46,0,8,19
2024-09-18,mouse,accessories,center,store_3,25.0,0,33,2,9,19
2024-09-30,mouse,accessories,center,store_3,25.0,0,37,0,9,18
2024-10-03,mouse,accessories,center,store_3,25.0,0,48,3,10,20
2024-11-05,mouse,accessories,center,store_3,25.0,0,43,1,11,24
2024-11-13,mouse,accessories,center,store_3,25.0,0,34,2,11,25
2024-11-28,mouse,accessories,center,store_3,25.0,0,40,3,11,27
2024-12-13,mouse,accessories,center,store_3,25.0,0,36,4,12,24
2024-12-14,mouse,accessories,center,store_3,25.0,0,47,5,12,26
2024-12-24,mouse,accessories,center,store_3,25.0,0,32,1,12,20
2023-01-08,keyboard,accessories,center,store_2,60.0,0,35,6,1,9
2023-01-11,keyboard,accessories,center,store_2,60.0,0,25,2,1,12
2023-01-22,keyboard,accessories,center,store_2,54.0,1,24,6,1,15
2023-01-23,keyboard,accessories,center,store_2,60.0,0,24,0,1,11
2023-02-02,keyboard,accessories,center,store_2,60.0,0,30,3,2,14
2023-03-14,keyboard,accessories,center,store_2,60.0,0,12,1,3,7
2023-03-15,keyboard,accessories,center,store_2,54.0,1,43,2,3,18
2023-03-26,keyboard,accessories,center,store_2,60.0,0,17,6,3,12
2023-03-27,keyboard,accessories,center,store_2,60.0,0,32,0,3,7
2023-04-08,keyboard,accessories,center,store_2,60.0,0,27,5,4,11
2023-05-17,keyboard,accessories,center,store_2,60.0,0,29,2,5,8
2023-06-01,keyboard,accessories,center,store_2,60.0,0,26,3,6,6
2023-06-15,keyboard,accessories,center,store_2,60.0,0,27,3,6,9
2023-06-17,keyboard,accessories,center,store_2,60.0,0,34,5,6,11
2023-07-15,keyboard,accessories,center,store_2,60.0,0,36,5,7,12
2023-07-18,keyboard,accessories,center,store_2,60.0,0,21,1,7,7
2023-08-18,keyboard,accessories,center,store_2,60.0,0,29,4,8,8
2023-08-19,keyboard,accessories,center,store_2,60.0,0,30,5,8,12
2023-09-01,keyboard,accessories,center,store_2,54.0,1,32,4,9,15
2023-09-22,keyboard,accessories,center,store_2,60.0,0,23,4,9,7
2023-09-23,keyboard,accessories,center,store_2,54.0,1,41,5,9,18
2023-09-30,keyboard,accessories,center,store_2,60.0,0,27,5,9,13
2023-10-02,keyboard,accessories,center,store_2,60.0,0,26,0,10,6
2023-10-08,keyboard,accessories,center,store_2,60.0,0,33,6,10,9
2023-10-09,keyboard,accessories,center,store_2,60.0,0,38,0,10,9
2023-10-15,keyboard,accessories,center,store_2,54.0,1,29,6,10,15
2023-10-23,keyboard,accessories,center,store_2,60.0,0,36,0,10,9
2023-11-10,keyboard,accessories,center,store_2,54.0,1,42,4,11,17
2023-11-22,keyboard,accessories,center,store_2,60.0,0,32,2,11,13
2023-11-30,keyboard,accessories,center,store_2,60.0,0,42,3,11,13
2023-12-06,keyboard,accessories,center,store_2,60.0,0,29,2,12,12
2023-12-19,keyboard,accessories,center,store_2,60.0,0,21,1,12,10
2024-01-25,keyboard,accessories,center,store_2,60.0,0,25,3,1,12
2024-01-26,keyboard,accessories,center,store_2,60.0,0,20,4,1,11
2024-02-08,keyboard,accessories,center,store_2,54.0,1,38,3,2,14
2024-02-10,keyboard,accessories,center,store_2,54.0,1,39,5,2,17
2024-02-28,keyboard,accessories,center,store_2,54.0,1,31,2,2,12
2024-03-26,keyboard,accessories,center,store_2,60.0,0,39,1,3,11
2024-04-01,keyboard,accessories,center,store_2,60.0,0,41,0,4,12
2024-04-06,keyboard,accessories,center,store_2,60.0,0,19,5,4,13
2024-04-07,keyboard,accessories,center,store_2,54.0,1,23,6,4,15
2024-05-06,keyboard,accessories,center,store_2,60.0,0,28,0,5,11
2024-05-07,keyboard,accessories,center,store_2,54.0,1,37,1,5,14
2024-05-16,keyboard,accessories,center,store_2,60.0,0,27,3,5,9
2024-06-20,keyboard,accessories,center,store_2,60.0,0,34,3,6,12
2024-06-21,keyboard,accessories,center,store_2,60.0,0,24,4,6,11
2024-08-12,keyboard,accessories,center,store_2,54.0,1,23,0,8,11
2024-08-15,keyboard,accessories,center,store_2,60.0,0,26,3,8,12
2024-08-21,keyboard,accessories,center,store_2,60.0,0,28,2,8,12
2024-09-02,keyboard,accessories,center,store_2,60.0,0,29,0,9,6
2024-09-04,keyboard,accessories,center,store_2,60.0,0,21,2,9,12
2024-09-13,keyboard,accessories,center,store_2,60.0,0,38,4,9,10
2024-09-14,keyboard,accessories,center,store_2,54.0,1,26,5,9,16
2024-09-21,keyboard,accessories,center,store_2,60.0,0,42,5,9,13
2024-10-10,keyboard,accessories,center,store_2,60.0,0,18,3,10,8
2024-10-18,keyboard,accessories,center,store_2,54.0,1,40,4,10,15
2024-10-21,keyboard,accessories,center,store_2,60.0,0,17,0,10,11
2024-10-25,keyboard,accessories,center,store_2,60.0,0,32,4,10,10
2024-10-29,keyboard,accessories,center,store_2,60.0,0,24,1,10,8
2024-11-01,keyboard,accessories,center,store_2,54.0,1,33,4,11,15
2024-11-09,keyboard,accessories,center,store_2,60.0,0,26,5,11,13
2024-11-19,keyboard,accessories,center,store_2,60.0,0,30,1,11,14
2024-12-07,keyboard,accessories,center,store_2,60.0,0,34,5,12,12
