data/complex_sales_dataset.csv
date,product,category,region,store,price,promotion,inventory,weekday,month,sales
2023-01-09,keyboard,accessories,north,store_1,60.0,0,15,0,1,8
2023-01-17,keyboard,accessories,north,store_1,60.0,0,29,1,1,9
2023-01-27,keyboard,accessories,north,store_1,60.0,0,33,4,1,8
2023-02-06,keyboard,accessories,north,store_1,60.0,0,25,0,2,13
2023-02-07,keyboard,accessories,north,store_1,60.0,0,36,1,2,12
2023-03-02,keyboard,accessories,north,store_1,54.0,1,21,3,3,11
2023-03-05,keyboard,accessories,north,store_1,60.0,0,33,6,3,9
2023-03-13,keyboard,accessories,north,store_1,54.0,1,22,0,3,16
2023-03-22,keyboard,accessories,north,store_1,60.0,0,34,2,3,8
2023-04-15,keyboard,accessories,north,store_1,60.0,0,19,5,4,10
2023-04-22,keyboard,accessories,north,store_1,60.0,0,24,5,4,8
2023-04-24,keyboard,accessories,north,store_1,54.0,1,29,0,4,13
2023-05-03,keyboard,accessories,north,store_1,54.0,1,24,2,5,12
2023-05-27,keyboard,accessories,north,store_1,60.0,0,20,5,5,11
2023-06-04,keyboard,accessories,north,store_1,60.0,0,42,6,6,13
2023-06-18,keyboard,accessories,north,store_1,54.0,1,24,6,6,18
2023-07-05,keyboard,accessories,north,store_1,60.0,0,18,2,7,8
2023-07-13,keyboard,accessories,north,store_1,54.0,1,41,3,7,13
2023-07-27,keyboard,accessories,north,store_1,60.0,0,28,3,7,9
2023-09-02,keyboard,accessories,north,store_1,60.0,0,30,5,9,9
2023-10-10,keyboard,accessories,north,store_1,54.0,1,31,1,10,13
2023-10-16,keyboard,accessories,north,store_1,54.0,1,26,0,10,13
2023-10-21,keyboard,accessories,north,store_1,60.0,0,34,5,10,11
2023-11-18,keyboard,accessories,north,store_1,60.0,0,37,5,11,11
2023-11-29,keyboard,accessories,north,store_1,60.0,0,35,2,11,8
2023-12-11,keyboard,accessories,north,store_1,60.0,0,33,0,12,11
2023-12-20,keyboard,accessories,north,store_1,60.0,0,24,2,12,10
2023-12-26,keyboard,accessories,north,store_1,60.0,0,28,1,12,13
2024-01-03,keyboard,accessories,north,store_1,60.0,0,20,2,1,8
2024-01-05,keyboard,accessories,north,store_1,60.0,0,15,4,1,9
2024-01-09,keyboard,accessories,north,store_1,60.0,0,30,1,1,8
2024-01-10,keyboard,accessories,north,store_1,60.0,0,37,2,1,11
2024-01-11,keyboard,accessories,north,store_1,60.0,0,30,3,1,9
2024-02-15,keyboard,accessories,north,store_1,54.0,1,34,3,2,16
2024-02-19,keyboard,accessories,north,store_1,60.0,0,32,0,2,8
2024-03-04,keyboard,accessories,north,store_1,60.0,0,32,0,3,7
2024-03-13,keyboard,accessories,north,store_1,60.0,0,37,2,3,12
2024-03-19,keyboard,accessories,north,store_1,60.0,0,38,1,3,9
2024-04-09,keyboard,accessories,north,store_1,54.0,1,28,1,4,13
2024-05-24,keyboard,accessories,north,store_1,60.0,0,33,4,5,9
2024-06-04,keyboard,accessories,north,store_1,60.0,0,18,1,6,10
2024-06-09,keyboard,accessories,north,store_1,60.0,0,27,6,6,10
2024-07-25,keyboard,accessories,north,store_1,60.0,0,22,3,7,11
2024-07-30,keyboard,accessories,north,store_1,60.0,0,33,1,7,10
2024-07-31,keyboard,accessories,north,store_1,60.0,0,32,2,7,8
2024-08-09,keyboard,accessories,north,store_1,60.0,0,23,4,8,8
2024-09-20,keyboard,accessories,north,store_1,60.0,0,37,4,9,9
2024-10-06,keyboard,accessories,north,store_1,60.0,0,21,6,10,11
2024-10-13,keyboard,accessories,north,store_1,60.0,0,21,6,10,9
2024-11-08,keyboard,accessories,north,store_1,60.0,0,18,4,11,9
2024-11-15,keyboard,accessories,north,store_1,54.0,1,28,4,11,15
2024-11-27,keyboard,accessories,north,store_1,60.0,0,29,2,11,14
2024-11-30,keyboard,accessories,north,store_1,54.0,1,43,5,11,19
2024-12-10,keyboard,accessories,north,store_1,60.0,0,40,1,12,14
2024-12-13,keyboard,accessories,north,store_1,60.0,0,37,4,12,11
2024-12-15,keyboard,accessories,north,store_1,60.0,0,27,6,12,14
2024-12-20,keyboard,accessories,north,store_1,54.0,1,30,4,12,17
2023-01-09,monitor,displays,south,store_4,250.0,0,27,0,1,4
2023-01-18,monitor,displays,south,store_4,250.0,0,21,2,1,6
2023-01-19,monitor,displays,south,store_4,250.0,0,29,3,1,4
2023-01-21,monitor,displays,south,store_4,250.0,0,40,5,1,11
2023-02-01,monitor,displays,south,store_4,250.0,0,18,2,2,4
2023-02-07,monitor,displays,south,store_4,250.0,0,12,1,2,7
2023-02-21,monitor,displays,south,store_4,250.0,0,16,1,2,8
2023-02-23,monitor,displays,south,store_4,250.0,0,25,3,2,7
2023-03-17,monitor,displays,south,store_4,250.0,0,32,4,3,4
2023-03-18,monitor,displays,south,store_4,250.0,0,19,5,3,8
2023-03-22,monitor,displays,south,store_4,250.0,0,11,2,3,6
2023-03-26,monitor,displays,south,store_4,250.0,0,26,6,3,5
2023-04-08,monitor,displays,south,store_4,250.0,0,35,5,4,7
2023-04-22,monitor,displays,south,store_4,250.0,0,35,5,4,6
2023-04-30,monitor,displays,south,store_4,225.0,1,41,6,4,13
2023-06-17,monitor,displays,south,store_4,250.0,0,30,5,6,4
2023-06-27,monitor,displays,south,store_4,250.0,0,33,1,6,4
2023-07-11,monitor,displays,south,store_4,250.0,0,19,1,7,4
2023-08-05,monitor,displays,south,store_4,225.0,1,37,5,8,11
2023-08-06,monitor,displays,south,store_4,250.0,0,19,6,8,7
2023-09-14,monitor,displays,south,store_4,250.0,0,32,3,9,5
2023-10-12,monitor,displays,south,store_4,250.0,0,26,3,10,5
2023-10-17,monitor,displays,south,store_4,250.0,0,24,1,10,7
2023-11-03,monitor,displays,south,store_4,225.0,1,30,4,11,14
2023-11-05,monitor,displays,south,store_4,250.0,0,21,6,11,9
2023-11-21,monitor,displays,south,store_4,250.0,0,30,1,11,6
2023-11-27,monitor,displays,south,store_4,250.0,0,34,0,11,5
2023-11-28,monitor,displays,south,store_4,250.0,0,19,1,11,8
2023-12-06,monitor,displays,south,store_4,250.0,0,20,2,12,5
2023-12-09,monitor,displays,south,store_4,225.0,1,34,5,12,10
2023-12-12,monitor,displays,south,store_4,250.0,0,30,1,12,11
2023-12-29,monitor,displays,south,store_4,250.0,0,18,4,12,10
2024-01-08,monitor,displays,south,store_4,250.0,0,35,0,1,6
2024-01-13,monitor,displays,south,store_4,250.0,0,19,5,1,6
2024-01-17,monitor,displays,south,store_4,225.0,1,27,2,1,9
2024-02-01,monitor,displays,south,store_4,250.0,0,17,3,2,6
2024-02-12,monitor,displays,south,store_4,250.0,0,27,0,2,7
2024-02-26,monitor,displays,south,store_4,225.0,1,39,0,2,13
2024-03-02,monitor,displays,south,store_4,250.0,0,39,5,3,10
2024-03-14,monitor,displays,south,store_4,250.0,0,27,3,3,7
2024-04-27,monitor,displays,south,store_4,225.0,1,36,5,4,14
2024-05-10,monitor,displays,south,store_4,250.0,0,15,4,5,3
2024-05-11,monitor,displays,south,store_4,250.0,0,16,5,5,5
2024-05-13,monitor,displays,south,store_4,250.0,0,31,0,5,7
2024-05-18,monitor,displays,south,store_4,250.0,0,15,5,5,5
2024-06-16,monitor,displays,south,store_4,250.0,0,28,6,6,5
2024-06-29,monitor,displays,south,store_4,225.0,1,27,5,6,8
2024-08-02,monitor,displays,south,store_4,250.0,0,32,4,8,7
2024-08-13,monitor,displays,south,store_4,250.0,0,28,1,8,3
2024-08-22,monitor,displays,south,store_4,250.0,0,14,3,8,6
2024-08-23,monitor,displays,south,store_4,250.0,0,24,4,8,5
2024-09-04,monitor,displays,south,store_4,250.0,0,32,2,9,5
2024-09-23,monitor,displays,south,store_4,250.0,0,38,0,9,10
2024-10-21,monitor,displays,south,store_4,250.0,0,29,0,10,7
2024-10-22,monitor,displays,south,store_4,250.0,0,23,1,10,6
2024-10-27,monitor,displays,south,store_4,250.0,0,31,6,10,6
2024-11-06,monitor,displays,south,store_4,250.0,0,18,2,11,5
2024-11-08,monitor,displays,south,store_4,250.0,0,18,4,11,6
2024-11-11,monitor,displays,south,store_4,250.0,0,36,0,11,7
2024-11-12,monitor,displays,south,store_4,250.0,0,31,1,11,6
2024-11-19,monitor,displays,south,store_4,250.0,0,16,1,11,6
2024-12-25,monitor,displays,south,store_4,250.0,0,16,2,12,7
2024-12-27,monitor,displays,south,store_4,250.0,0,27,4,12,8
2024-12-30,monitor,displays,south,store_4,225.0,1,23,0,12,12
2023-01-09,headphones,audio,south,store_3,120.0,0,19,0,1,6
2023-01-10,headphones,audio,south,store_3,120.0,0,28,1,1,8
2023-01-11,headphones,audio,south,store_3,120.0,0,25,2,1,9
2023-01-14,headphones,audio,south,store_3,120.0,0,30,5,1,11
2023-01-22,headphones,audio,south,store_3,108.0,1,43,6,1,14
2023-03-11,headphones,audio,south,store_3,108.0,1,21,5,3,15
2023-03-15,headphones,audio,south,store_3,120.0,0,25,2,3,5
2023-04-05,headphones,audio,south,store_3,120.0,0,34,2,4,6
2023-04-06,headphones,audio,south,store_3,120.0,0,30,3,4,11
2023-05-05,headphones,audio,south,store_3,120.0,0,29,4,5,8
2023-05-11,headphones,audio,south,store_3,108.0,1,41,3,5,15
2023-05-29,headphones,audio,south,store_3,120.0,0,31,0,5,7
2023-06-06,headphones,audio,south,store_3,120.0,0,24,1,6,5
2023-06-22,headphones,audio,south,store_3,120.0,0,23,3,6,11
2023-06-28,headphones,audio,south,store_3,120.0,0,30,2,6,7
2023-07-02,headphones,audio,south,store_3,120.0,0,17,6,7,10
2023-07-06,headphones,audio,south,store_3,120.0,0,29,3,7,8
2023-07-24,headphones,audio,south,store_3,120.0,0,28,0,7,10
2023-08-01,headphones,audio,south,store_3,120.0,0,25,1,8,6
2023-08-02,headphones,audio,south,store_3,120.0,0,21,2,8,10
2023-08-08,headphones,audio,south,store_3,120.0,0,32,1,8,7
2023-08-11,headphones,audio,south,store_3,120.0,0,16,4,8,7
2023-08-15,headphones,audio,south,store_3,120.0,0,14,1,8,9
2023-08-16,headphones,audio,south,store_3,120.0,0,29,2,8,7
2023-08-28,headphones,audio,south,store_3,120.0,0,31,0,8,7
2023-09-13,headphones,audio,south,store_3,120.0,0,16,2,9,10
2023-09-14,headphones,audio,south,store_3,120.0,0,27,3,9,8
2023-09-22,headphones,audio,south,store_3,120.0,0,29,4,9,7
2023-09-29,headphones,audio,south,store_3,120.0,0,21,4,9,10
2023-12-31,headphones,audio,south,store_3,120.0,0,32,6,12,7
2024-01-21,headphones,audio,south,store_3,120.0,0,20,6,1,7
2024-01-25,headphones,audio,south,store_3,120.0,0,38,3,1,10
2024-01-26,headphones,audio,south,store_3,108.0,1,33,4,1,14
2024-02-03,headphones,audio,south,store_3,120.0,0,28,5,2,6
2024-03-03,headphones,audio,south,store_3,120.0,0,31,6,3,5
2024-03-05,headphones,audio,south,store_3,120.0,0,26,1,3,8
2024-03-25,headphones,audio,south,store_3,120.0,0,23,0,3,7
2024-04-30,headphones,audio,south,store_3,108.0,1,41,1,4,12
2024-05-24,headphones,audio,south,store_3,120.0,0,17,4,5,7
2024-05-27,headphones,audio,south,store_3,120.0,0,36,0,5,8
2024-06-03,headphones,audio,south,store_3,120.0,0,28,0,6,7
2024-06-19,headphones,audio,south,store_3,108.0,1,29,2,6,10
2024-06-22,headphones,audio,south,store_3,120.0,0,16,5,6,9
2024-07-05,headphones,audio,south,store_3,120.0,0,24,4,7,7
2024-07-09,headphones,audio,south,store_3,120.0,0,24,1,7,5
2024-07-12,headphones,audio,south,store_3,120.0,0,27,4,7,11
2024-08-01,headphones,audio,south,store_3,120.0,0,26,3,8,7
2024-08-17,headphones,audio,south,store_3,120.0,0,34,5,8,9
2024-08-25,headphones,audio,south,store_3,108.0,1,23,6,8,14
2024-09-14,headphones,audio,south,store_3,120.0,0,35,5,9,10
2024-09-20,headphones,audio,south,store_3,120.0,0,35,4,9,6
2024-09-30,headphones,audio,south,store_3,108.0,1,26,0,9,14
2024-10-09,headphones,audio,south,store_3,108.0,1,28,2,10,14
2024-10-24,headphones,audio,south,store_3,120.0,0,35,3,10,8
2024-10-31,headphones,audio,south,store_3,120.0,0,29,3,10,5
2024-11-07,headphones,audio,south,store_3,120.0,0,15,3,11,10
2024-11-27,headphones,audio,south,store_3,120.0,0,35,2,11,9
2024-12-06,headphones,audio,south,store_3,108.0,1,29,4,12,11
2024-12-09,headphones,audio,south,store_3,108.0,1,20,0,12,14
2024-12-14,headphones,audio,south,store_3,120.0,0,26,5,12,10
2023-01-10,mouse,accessories,north,store_1,25.0,0,34,1,1,20
2023-02-10,mouse,accessories,north,store_1,25.0,0,35,4,2,21
2023-03-10,mouse,accessories,north,store_1,25.0,0,27,4,3,18
2023-03-20,mouse,accessories,north,store_1,25.0,0,31,0,3,23
2023-04-02,mouse,accessories,north,store_1,22.5,1,46,6,4,27
2023-04-22,mouse,accessories,north,store_1,25.0,0,47,5,4,21
2023-05-10,mouse,accessories,north,store_1,22.5,1,33,2,5,20
2023-05-11,mouse,accessories,north,store_1,25.0,0,28,3,5,22
2023-05-13,mouse,accessories,north,store_1,25.0,0,28,5,5,23
2023-05-14,mouse,accessories,north,store_1,22.5,1,45,6,5,28
2023-05-26,mouse,accessories,north,store_1,25.0,0,24,4,5,15
2023-05-28,mouse,accessories,north,store_1,25.0,0,51,6,5,24
2023-05-29,mouse,accessories,north,store_1,25.0,0,39,0,5,18
2023-07-07,mouse,accessories,north,store_1,25.0,0,22,4,7,17
2023-07-26,mouse,accessories,north,store_1,25.0,0,46,2,7,20
2023-08-31,mouse,accessories,north,store_1,22.5,1,37,3,8,19
2023-09-09,mouse,accessories,north,store_1,25.0,0,52,5,9,24
2023-09-17,mouse,accessories,north,store_1,25.0,0,42,6,9,22
2023-09-20,mouse,accessories,north,store_1,25.0,0,36,2,9,15
2023-10-24,mouse,accessories,north,store_1,25.0,0,45,1,10,19
2023-11-06,mouse,accessories,north,store_1,25.0,0,53,0,11,24
2023-11-17,mouse,accessories,north,store_1,25.0,0,32,4,11,23
2023-11-18,mouse,accessories,north,store_1,25.0,0,38,5,11,30
2023-11-20,mouse,accessories,north,store_1,25.0,0,32,0,11,18
2024-01-07,mouse,accessories,north,store_1,25.0,0,52,6,1,23
2024-01-12,mouse,accessories,north,store_1,22.5,1,52,4,1,25
2024-01-19,mouse,accessories,north,store_1,25.0,0,26,4,1,20
2024-02-03,mouse,accessories,north,store_1,25.0,0,48,5,2,22
2024-02-08,mouse,accessories,north,store_1,25.0,0,46,3,2,19
2024-02-23,mouse,accessories,north,store_1,25.0,0,50,4,2,21
2024-02-26,mouse,accessories,north,store_1,25.0,0,27,0,2,20
2024-03-07,mouse,accessories,north,store_1,22.5,1,56,3,3,27
2024-03-15,mouse,accessories,north,store_1,25.0,0,40,4,3,20
2024-04-13,mouse,accessories,north,store_1,25.0,0,46,5,4,24
2024-04-22,mouse,accessories,north,store_1,25.0,0,37,0,4,22
2024-04-30,mouse,accessories,north,store_1,25.0,0,49,1,4,20
2024-05-02,mouse,accessories,north,store_1,25.0,0,35,3,5,17
2024-05-05,mouse,accessories,north,store_1,25.0,0,30,6,5,24
2024-05-15,mouse,accessories,north,store_1,25.0,0,35,2,5,23
2024-05-16,mouse,accessories,north,store_1,25.0,0,27,3,5,21
2024-06-09,mouse,accessories,north,store_1,25.0,0,39,6,6,24
2024-06-17,mouse,accessories,north,store_1,25.0,0,47,0,6,19
2024-07-02,mouse,accessories,north,store_1,22.5,1,31,1,7,26
2024-07-08,mouse,accessories,north,store_1,25.0,0,34,0,7,21
2024-07-24,mouse,accessories,north,store_1,22.5,1,45,2,7,26
2024-08-28,mouse,accessories,north,store_1,25.0,0,37,2,8,15
2024-08-29,mouse,accessories,north,store_1,25.0,0,50,3,8,22
2024-09-13,mouse,accessories,north,store_1,25.0,0,45,4,9,23
2024-09-15,mouse,accessories,north,store_1,25.0,0,30,6,9,21
2024-09-21,mouse,accessories,north,store_1,25.0,0,29,5,9,23
2024-10-08,mouse,accessories,north,store_1,22.5,1,34,1,10,26
2024-10-27,mouse,accessories,north,store_1,25.0,0,27,6,10,19
2024-11-29,mouse,accessories,north,store_1,25.0,0,30,4,11,23
2024-12-19,mouse,accessories,north,store_1,25.0,0,52,3,12,23
2024-12-29,mouse,accessories,north,store_1,25.0,0,44,6,12,27
2023-01-10,keyboard,accessories,center,store_4,60.0,0,36,1,1,7
2023-01-19,keyboard,accessories,center,store_4,60.0,0,19,3,1,13
2023-01-25,keyboard,accessories,center,store_4,60.0,0,21,2,1,8
2023-02-22,keyboard,accessories,center,store_4,60.0,0,31,2,2,15
2023-02-26,keyboard,accessories,center,store_4,54.0,1,39,6,2,16
2023-03-21,keyboard,accessories,center,store_4,60.0,0,21,1,3,13
2023-03-28,keyboard,accessories,center,store_4,54.0,1,25,1,3,15
2023-04-12,keyboard,accessories,center,store_4,60.0,0,34,2,4,8
2023-04-21,keyboard,accessories,center,store_4,60.0,0,37,4,4,14
2023-04-29,keyboard,accessories,center,store_4,60.0,0,28,5,4,11
2023-05-07,keyboard,accessories,center,store_4,54.0,1,39,6,5,17
2023-05-10,keyboard,accessories,center,store_4,60.0,0,27,2,5,9
2023-05-26,keyboard,accessories,center,store_4,60.0,0,29,4,5,12
2023-05-31,keyboard,accessories,center,store_4,54.0,1,38,2,5,13
2023-06-12,keyboard,accessories,center,store_4,60.0,0,16,0,6,10
2023-06-20,keyboard,accessories,center,store_4,60.0,0,16,1,6,9
2023-06-23,keyboard,accessories,center,store_4,60.0,0,38,4,6,11
2023-07-26,keyboard,accessories,center,store_4,60.0,0,30,2,7,12
2023-08-03,keyboard,accessories,center,store_4,60.0,0,19,3,8,11
2023-08-14,keyboard,accessories,center,store_4,54.0,1,44,0,8,15
2023-08-27,keyboard,accessories,center,store_4,60.0,0,37,6,8,8
2023-08-31,keyboard,accessories,center,store_4,60.0,0,17,3,8,9
2023-09-05,keyboard,accessories,center,store_4,60.0,0,20,1,9,8
2023-09-25,keyboard,accessories,center,store_4,54.0,1,45,0,9,17
2023-10-07,keyboard,accessories,center,store_4,60.0,0,31,5,10,16
2023-10-14,keyboard,accessories,center,store_4,54.0,1,40,5,10,15
2023-10-30,keyboard,accessories,center,store_4,60.0,0,30,0,10,8
2023-10-31,keyboard,accessories,center,store_4,60.0,0,33,1,10,11
2023-11-01,keyboard,accessories,center,store_4,60.0,0,40,2,11,11
2023-11-20,keyboard,accessories,center,store_4,60.0,0,44,0,11,16
2023-11-28,keyboard,accessories,center,store_4,60.0,0,39,1,11,13
2023-12-03,keyboard,accessories,center,store_4,60.0,0,35,6,12,16
2023-12-16,keyboard,accessories,center,store_4,60.0,0,45,5,12,16
2023-12-17,keyboard,accessories,center,store_4,60.0,0,33,6,12,8
2024-01-17,keyboard,accessories,center,store_4,54.0,1,23,2,1,15
2024-01-20,keyboard,accessories,center,store_4,60.0,0,20,5,1,13
2024-01-31,keyboard,accessories,center,store_4,60.0,0,27,2,1,8
2024-02-20,keyboard,accessories,center,store_4,60.0,0,32,1,2,11
2024-02-26,keyboard,accessories,center,store_4,54.0,1,46,0,2,17
2024-03-05,keyboard,accessories,center,store_4,54.0,1,42,1,3,14
2024-04-19,keyboard,accessories,center,store_4,60.0,0,23,4,4,5
2024-04-21,keyboard,accessories,center,store_4,60.0,0,27,6,4,10
2024-04-23,keyboard,accessories,center,store_4,60.0,0,24,1,4,12
2024-05-04,keyboard,accessories,center,store_4,60.0,0,33,5,5,12
2024-06-01,keyboard,accessories,center,store_4,54.0,1,34,5,6,14
2024-06-08,keyboard,accessories,center,store_4,60.0,0,18,5,6,13
2024-06-11,keyboard,accessories,center,store_4,60.0,0,18,1,6,11
2024-07-18,keyboard,accessories,center,store_4,60.0,0,33,3,7,10
2024-07-23,keyboard,accessories,center,store_4,60.0,0,39,1,7,11
2024-08-10,keyboard,accessories,center,store_4,60.0,0,35,5,8,10
2024-08-26,keyboard,accessories,center,store_4,60.0,0,24,0,8,10
2024-09-17,keyboard,accessories,center,store_4,60.0,0,36,1,9,10
2024-10-30,keyboard,accessories,center,store_4,60.0,0,17,2,10,12
2024-11-21,keyboard,accessories,center,store_4,60.0,0,17,3,11,10
2024-12-21,keyboard,accessories,center,store_4,60.0,0,47,5,12,18
