data/complex_sales_dataset.csv
date,product,category,region,store,price,promotion,inventory,weekday,month,sales
2023-01-11,mouse,accessories,south,store_1,25.0,0,45,2,1,23
2023-01-13,mouse,accessories,south,store_1,22.5,1,49,4,1,24
2023-01-23,mouse,accessories,south,store_1,25.0,0,40,0,1,23
2023-02-08,mouse,accessories,south,store_1,22.5,1,35,2,2,23
2023-02-25,mouse,accessories,south,store_1,25.0,0,32,5,2,26
2023-03-14,mouse,accessories,south,store_1,25.0,0,34,1,3,19
2023-03-19,mouse,accessories,south,store_1,22.5,1,45,6,3,30
2023-03-28,mouse,accessories,south,store_1,25.0,0,26,1,3,18
2023-04-12,mouse,accessories,south,store_1,25.0,0,42,2,4,18
2023-04-14,mouse,accessories,south,store_1,25.0,0,31,4,4,19
2023-04-18,mouse,accessories,south,store_1,22.5,1,42,1,4,24
2023-04-19,mouse,accessories,south,store_1,22.5,1,52,2,4,25
2023-04-24,mouse,accessories,south,store_1,25.0,0,34,0,4,22
2023-06-01,mouse,accessories,south,store_1,25.0,0,23,3,6,18
2023-06-03,mouse,accessories,south,store_1,25.0,0,41,5,6,22
2023-06-26,mouse,accessories,south,store_1,22.5,1,46,0,6,25
2023-06-27,mouse,accessories,south,store_1,25.0,0,41,1,6,15
2023-07-06,mouse,accessories,south,store_1,25.0,0,44,3,7,20
2023-07-08,mouse,accessories,south,store_1,22.5,1,39,5,7,28
2023-07-11,mouse,accessories,south,store_1,25.0,0,39,1,7,21
2023-07-24,mouse,accessories,south,store_1,25.0,0,39,0,7,22
2023-08-05,mouse,accessories,south,store_1,22.5,1,43,5,8,25
2023-08-11,mouse,accessories,south,store_1,22.5,1,46,4,8,22
2023-10-07,mouse,accessories,south,store_1,25.0,0,36,5,10,27
2023-10-19,mouse,accessories,south,store_1,25.0,0,33,3,10,19
2023-10-21,mouse,accessories,south,store_1,25.0,0,48,5,10,25
2023-10-25,mouse,accessories,south,store_1,25.0,0,37,2,10,17
2023-10-31,mouse,accessories,south,store_1,25.0,0,27,1,10,20
2023-12-02,mouse,accessories,south,store_1,25.0,0,40,5,12,25
2023-12-03,mouse,accessories,south,store_1,25.0,0,46,6,12,26
2023-12-09,mouse,accessories,south,store_1,25.0,0,41,5,12,26
2023-12-13,mouse,accessories,south,store_1,25.0,0,38,2,12,24
2023-12-15,mouse,accessories,south,store_1,25.0,0,32,4,12,21
2023-12-23,mouse,accessories,south,store_1,25.0,0,41,5,12,31
2023-12-31,mouse,accessories,south,store_1,22.5,1,55,6,12,32
2024-01-02,mouse,accessories,south,store_1,25.0,0,42,1,1,22
2024-01-11,mouse,accessories,south,store_1,25.0,0,47,3,1,20
2024-01-17,mouse,accessories,south,store_1,25.0,0,37,2,1,20
2024-01-20,mouse,accessories,south,store_1,25.0,0,29,5,1,22
2024-01-23,mouse,accessories,south,store_1,25.0,0,43,1,1,20
2024-01-25,mouse,accessories,south,store_1,25.0,0,36,3,1,16
2024-02-07,mouse,accessories,south,store_1,25.0,0,32,2,2,18
2024-02-10,mouse,accessories,south,store_1,25.0,0,31,5,2,24
2024-02-15,mouse,accessories,south,store_1,25.0,0,49,3,2,21
2024-03-11,mouse,accessories,south,store_1,22.5,1,40,0,3,25
2024-03-18,mouse,accessories,south,store_1,25.0,0,46,0,3,18
2024-04-21,mouse,accessories,south,store_1,25.0,0,46,6,4,21
2024-05-09,mouse,accessories,south,store_1,25.0,0,24,3,5,17
2024-05-11,mouse,accessories,south,store_1,22.5,1,38,5,5,28
2024-05-18,mouse,accessories,south,store_1,25.0,0,44,5,5,19
2024-05-23,mouse,accessories,south,store_1,25.0,0,30,3,5,19
2024-06-03,mouse,accessories,south,store_1,25.0,0,32,0,6,19
2024-06-04,mouse,accessories,south,store_1,25.0,0,37,1,6,17
2024-06-11,mouse,accessories,south,store_1,25.0,0,35,1,6,21
2024-06-26,mouse,accessories,south,store_1,25.0,0,30,2,6,19
2024-07-05,mouse,accessories,south,store_1,25.0,0,31,4,7,19
2024-07-14,mouse,accessories,south,store_1,25.0,0,45,6,7,17
2024-07-25,mouse,accessories,south,store_1,22.5,1,52,3,7,23
2024-08-06,mouse,accessories,south,store_1,25.0,0,45,1,8,21
2024-08-18,mouse,accessories,south,store_1,25.0,0,48,6,8,24
2024-08-19,mouse,accessories,south,store_1,22.5,1,36,0,8,23
2024-09-23,mouse,accessories,south,store_1,25.0,0,37,0,9,19
2024-09-26,mouse,accessories,south,store_1,25.0,0,27,3,9,21
2024-09-29,mouse,accessories,south,store_1,25.0,0,37,6,9,23
2024-10-02,mouse,accessories,south,store_1,22.5,1,44,2,10,27
2024-11-08,mouse,accessories,south,store_1,25.0,0,49,4,11,21
2024-12-08,mouse,accessories,south,store_1,22.5,1,51,6,12,30
2024-12-22,mouse,accessories,south,store_1,25.0,0,38,6,12,27
2024-12-23,mouse,accessories,south,store_1,25.0,0,54,0,12,25
2024-12-27,mouse,accessories,south,store_1,25.0,0,35,4,12,23
2023-01-12,laptop,computers,center,store_3,900.0,0,34,3,1,8
2023-02-03,laptop,computers,center,store_3,900.0,0,26,4,2,6
2023-02-09,laptop,computers,center,store_3,900.0,0,19,3,2,3
2023-02-14,laptop,computers,center,store_3,900.0,0,31,1,2,4
2023-02-21,laptop,computers,center,store_3,810.0,1,25,1,2,11
2023-03-10,laptop,computers,center,store_3,900.0,0,15,4,3,1
2023-03-15,laptop,computers,center,store_3,900.0,0,16,2,3,9
2023-03-21,laptop,computers,center,store_3,900.0,0,32,1,3,6
2023-03-23,laptop,computers,center,store_3,900.0,0,32,3,3,3
2023-03-31,laptop,computers,center,store_3,900.0,0,27,4,3,6
2023-04-02,laptop,computers,center,store_3,900.0,0,35,6,4,6
2023-05-03,laptop,computers,center,store_3,810.0,1,31,2,5,12
2023-05-11,laptop,computers,center,store_3,900.0,0,14,3,5,6
2023-05-16,laptop,computers,center,store_3,900.0,0,29,1,5,4
2023-06-16,laptop,computers,center,store_3,810.0,1,33,4,6,10
2023-06-22,laptop,computers,center,store_3,900.0,0,18,3,6,4
2023-07-25,laptop,computers,center,store_3,900.0,0,24,1,7,9
2023-08-25,laptop,computers,center,store_3,900.0,0,15,4,8,5
2023-09-01,laptop,computers,center,store_3,810.0,1,39,4,9,12
2023-09-23,laptop,computers,center,store_3,900.0,0,11,5,9,5
2023-09-28,laptop,computers,center,store_3,900.0,0,9,3,9,0
2023-10-01,laptop,computers,center,store_3,900.0,0,21,6,10,5
2023-10-17,laptop,computers,center,store_3,810.0,1,28,1,10,8
2023-12-02,laptop,computers,center,store_3,900.0,0,22,5,12,2
2023-12-13,laptop,computers,center,store_3,900.0,0,32,2,12,5
2023-12-15,laptop,computers,center,store_3,810.0,1,39,4,12,11
2024-01-26,laptop,computers,center,store_3,900.0,0,33,4,1,5
2024-01-31,laptop,computers,center,store_3,810.0,1,15,2,1,9
2024-02-02,laptop,computers,center,store_3,900.0,0,16,4,2,2
2024-02-08,laptop,computers,center,store_3,900.0,0,11,3,2,2
2024-02-26,laptop,computers,center,store_3,810.0,1,28,0,2,9
2024-03-23,laptop,computers,center,store_3,900.0,0,16,5,3,7
2024-04-04,laptop,computers,center,store_3,900.0,0,35,3,4,6
2024-04-28,laptop,computers,center,store_3,900.0,0,9,6,4,4
2024-05-05,laptop,computers,center,store_3,900.0,0,32,6,5,6
2024-05-11,laptop,computers,center,store_3,900.0,0,31,5,5,6
2024-05-18,laptop,computers,center,store_3,900.0,0,21,5,5,6
2024-05-31,laptop,computers,center,store_3,810.0,1,33,4,5,9
2024-06-05,laptop,computers,center,store_3,810.0,1,16,2,6,7
2024-06-08,laptop,computers,center,store_3,900.0,0,23,5,6,4
2024-06-14,laptop,computers,center,store_3,900.0,0,29,4,6,4
2024-06-17,laptop,computers,center,store_3,900.0,0,32,0,6,6
2024-06-27,laptop,computers,center,store_3,900.0,0,13,3,6,6
2024-07-03,laptop,computers,center,store_3,900.0,0,8,2,7,1
2024-07-09,laptop,computers,center,store_3,900.0,0,22,1,7,2
2024-07-10,laptop,computers,center,store_3,900.0,0,13,2,7,6
2024-07-11,laptop,computers,center,store_3,900.0,0,27,3,7,6
2024-07-14,laptop,computers,center,store_3,900.0,0,32,6,7,4
2024-07-15,laptop,computers,center,store_3,900.0,0,27,0,7,6
2024-08-15,laptop,computers,center,store_3,810.0,1,33,3,8,10
2024-09-05,laptop,computers,center,store_3,900.0,0,11,3,9,2
2024-09-24,laptop,computers,center,store_3,900.0,0,16,1,9,7
2024-09-25,laptop,computers,center,store_3,900.0,0,31,2,9,3
2024-09-30,laptop,computers,center,store_3,900.0,0,18,0,9,5
2024-10-01,laptop,computers,center,store_3,810.0,1,31,1,10,12
2024-10-03,laptop,computers,center,store_3,900.0,0,18,3,10,5
2024-10-23,laptop,computers,center,store_3,900.0,0,26,2,10,4
2024-10-26,laptop,computers,center,store_3,900.0,0,16,5,10,2
2024-11-02,laptop,computers,center,store_3,810.0,1,18,5,11,9
2024-11-06,laptop,computers,center,store_3,810.0,1,27,2,11,10
2024-12-06,laptop,computers,center,store_3,810.0,1,26,4,12,10
2024-12-09,laptop,computers,center,store_3,900.0,0,31,0,12,2
2024-12-14,laptop,computers,center,store_3,900.0,0,22,5,12,7
2024-12-18,laptop,computers,center,store_3,810.0,1,25,2,12,11
2023-01-12,keyboard,accessories,north,store_4,60.0,0,28,3,1,9
2023-01-13,keyboard,accessories,north,store_4,60.0,0,19,4,1,5
2023-01-14,keyboard,accessories,north,store_4,60.0,0,23,5,1,12
2023-02-04,keyboard,accessories,north,store_4,60.0,0,28,5,2,10
2023-02-09,keyboard,accessories,north,store_4,54.0,1,24,3,2,15
2023-03-12,keyboard,accessories,north,store_4,60.0,0,36,6,3,9
2023-03-29,keyboard,accessories,north,store_4,60.0,0,37,2,3,10
2023-04-17,keyboard,accessories,north,store_4,54.0,1,35,0,4,16
2023-04-18,keyboard,accessories,north,store_4,60.0,0,14,1,4,7
2023-04-25,keyboard,accessories,north,store_4,60.0,0,20,1,4,9
2023-05-09,keyboard,accessories,north,store_4,54.0,1,38,1,5,13
2023-05-16,keyboard,accessories,north,store_4,60.0,0,26,1,5,10
2023-05-18,keyboard,accessories,north,store_4,60.0,0,26,3,5,12
2023-05-22,keyboard,accessories,north,store_4,60.0,0,18,0,5,11
2023-06-05,keyboard,accessories,north,store_4,60.0,0,32,0,6,5
2023-06-26,keyboard,accessories,north,store_4,60.0,0,33,0,6,12
2023-07-03,keyboard,accessories,north,store_4,60.0,0,25,0,7,8
2023-07-04,keyboard,accessories,north,store_4,54.0,1,38,1,7,14
2023-07-20,keyboard,accessories,north,store_4,60.0,0,19,3,7,11
2023-07-28,keyboard,accessories,north,store_4,60.0,0,26,4,7,11
2023-08-05,keyboard,accessories,north,store_4,54.0,1,36,5,8,21
2023-08-09,keyboard,accessories,north,store_4,60.0,0,30,2,8,10
2023-08-20,keyboard,accessories,north,store_4,60.0,0,31,6,8,9
2023-08-23,keyboard,accessories,north,store_4,60.0,0,27,2,8,8
2023-08-29,keyboard,accessories,north,store_4,60.0,0,23,1,8,8
2023-09-04,keyboard,accessories,north,store_4,60.0,0,25,0,9,11
2023-09-07,keyboard,accessories,north,store_4,60.0,0,26,3,9,12
2023-09-11,keyboard,accessories,north,store_4,60.0,0,17,0,9,8
2023-09-19,keyboard,accessories,north,store_4,54.0,1,21,1,9,11
2023-09-24,keyboard,accessories,north,store_4,60.0,0,37,6,9,9
2023-11-02,keyboard,accessories,north,store_4,60.0,0,29,3,11,12
2023-11-07,keyboard,accessories,north,store_4,60.0,0,22,1,11,14
2023-11-21,keyboard,accessories,north,store_4,60.0,0,33,1,11,11
2023-11-25,keyboard,accessories,north,store_4,60.0,0,30,5,11,8
2023-12-02,keyboard,accessories,north,store_4,60.0,0,29,5,12,14
2023-12-24,keyboard,accessories,north,store_4,54.0,1,36,6,12,18
2023-12-25,keyboard,accessories,north,store_4,60.0,0,37,0,12,11
2023-12-31,keyboard,accessories,north,store_4,60.0,0,22,6,12,14
2024-01-01,keyboard,accessories,north,store_4,60.0,0,35,0,1,9
2024-01-02,keyboard,accessories,north,store_4,60.0,0,31,1,1,9
2024-01-06,keyboard,accessories,north,store_4,60.0,0,24,5,1,8
2024-01-14,keyboard,accessories,north,store_4,60.0,0,17,6,1,11
2024-01-15,keyboard,accessories,north,store_4,60.0,0,41,0,1,13
2024-02-02,keyboard,accessories,north,store_4,60.0,0,30,4,2,8
2024-02-25,keyboard,accessories,north,store_4,54.0,1,43,6,2,15
2024-02-27,keyboard,accessories,north,store_4,60.0,0,16,1,2,10
2024-02-29,keyboard,accessories,north,store_4,60.0,0,20,3,2,7
2024-03-01,keyboard,accessories,north,store_4,54.0,1,40,4,3,15
2024-03-23,keyboard,accessories,north,store_4,60.0,0,19,5,3,12
2024-03-29,keyboard,accessories,north,store_4,54.0,1,21,4,3,11
2024-03-30,keyboard,accessories,north,store_4,54.0,1,27,5,3,15
2024-04-05,keyboard,accessories,north,store_4,60.0,0,35,4,4,14
2024-05-11,keyboard,accessories,north,store_4,60.0,0,31,5,5,10
2024-05-18,keyboard,accessories,north,store_4,54.0,1,44,5,5,18
2024-05-29,keyboard,accessories,north,store_4,60.0,0,29,2,5,12
2024-06-13,keyboard,accessories,north,store_4,60.0,0,37,3,6,13
2024-06-15,keyboard,accessories,north,store_4,54.0,1,46,5,6,17
2024-06-25,keyboard,accessories,north,store_4,60.0,0,17,1,6,7
2024-07-06,keyboard,accessories,north,store_4,54.0,1,39,5,7,15
2024-07-26,keyboard,accessories,north,store_4,60.0,0,13,4,7,8
2024-08-11,keyboard,accessories,north,store_4,54.0,1,42,6,8,16
2024-08-20,keyboard,accessories,north,store_4,54.0,1,43,1,8,14
2024-08-27,keyboard,accessories,north,store_4,60.0,0,15,1,8,9
2024-10-14,keyboard,accessories,north,store_4,60.0,0,22,0,10,10
2024-10-15,keyboard,accessories,north,store_4,60.0,0,30,1,10,10
2024-10-17,keyboard,accessories,north,store_4,60.0,0,14,3,10,8
2024-11-10,keyboard,accessories,north,store_4,60.0,0,37,6,11,14
2024-11-11,keyboard,accessories,north,store_4,60.0,0,21,0,11,11
2024-11-12,keyboard,accessories,north,store_4,60.0,0,22,1,11,11
2024-11-16,keyboard,accessories,north,store_4,60.0,0,18,5,11,13
2024-12-04,keyboard,accessories,north,store_4,60.0,0,31,2,12,10
2024-12-12,keyboard,accessories,north,store_4,60.0,0,25,3,12,11
2024-12-23,keyboard,accessories,north,store_4,60.0,0,29,0,12,14
2023-01-12,monitor,displays,north,store_4,250.0,0,11,3,1,4
2023-01-14,monitor,displays,north,store_4,250.0,0,29,5,1,9
2023-02-15,monitor,displays,north,store_4,250.0,0,17,2,2,4
2023-02-18,monitor,displays,north,store_4,250.0,0,29,5,2,8
2023-03-04,monitor,displays,north,store_4,225.0,1,24,5,3,9
2023-03-15,monitor,displays,north,store_4,225.0,1,30,2,3,11
2023-03-31,monitor,displays,north,store_4,250.0,0,13,4,3,7
2023-04-03,monitor,displays,north,store_4,250.0,0,23,0,4,5
2023-04-13,monitor,displays,north,store_4,250.0,0,12,3,4,3
2023-04-27,monitor,displays,north,store_4,250.0,0,13,3,4,2
2023-05-04,monitor,displays,north,store_4,250.0,0,12,3,5,7
2023-05-07,monitor,displays,north,store_4,250.0,0,30,6,5,11
2023-05-10,monitor,displays,north,store_4,250.0,0,14,2,5,5
2023-05-17,monitor,displays,north,store_4,225.0,1,19,2,5,13
2023-05-18,monitor,displays,north,store_4,225.0,1,37,3,5,10
2023-05-28,monitor,displays,north,store_4,250.0,0,34,6,5,5
2023-06-09,monitor,displays,north,store_4,250.0,0,15,4,6,3
2023-06-15,monitor,displays,north,store_4,225.0,1,24,3,6,9
2023-06-20,monitor,displays,north,store_4,225.0,1,22,1,6,10
2023-06-26,monitor,displays,north,store_4,250.0,0,29,0,6,7
2023-07-15,monitor,displays,north,store_4,250.0,0,30,5,7,8
2023-07-23,monitor,displays,north,store_4,250.0,0,14,6,7,7
2023-07-24,monitor,displays,north,store_4,250.0,0,32,0,7,4
2023-07-30,monitor,displays,north,store_4,225.0,1,37,6,7,10
2023-08-04,monitor,displays,north,store_4,250.0,0,12,4,8,6
2023-08-10,monitor,displays,north,store_4,250.0,0,18,3,8,5
2023-08-23,monitor,displays,north,store_4,225.0,1,27,2,8,9
2023-08-27,monitor,displays,north,store_4,250.0,0,35,6,8,7
2023-09-10,monitor,displays,north,store_4,250.0,0,18,6,9,5
2023-09-17,monitor,displays,north,store_4,250.0,0,25,6,9,6
2023-09-23,monitor,displays,north,store_4,250.0,0,11,5,9,5
2023-09-24,monitor,displays,north,store_4,250.0,0,27,6,9,9
2023-10-10,monitor,displays,north,store_4,250.0,0,20,1,10,4
2023-11-09,monitor,displays,north,store_4,250.0,0,14,3,11,9
2023-12-05,monitor,displays,north,store_4,250.0,0,18,1,12,8
2023-12-23,monitor,displays,north,store_4,250.0,0,22,5,12,10
2023-12-30,monitor,displays,north,store_4,250.0,0,24,5,12,3
2024-01-02,monitor,displays,north,store_4,250.0,0,31,1,1,8
2024-01-10,monitor,displays,north,store_4,250.0,0,14,2,1,8
2024-01-23,monitor,displays,north,store_4,250.0,0,26,1,1,7
2024-02-19,monitor,displays,north,store_4,250.0,0,29,0,2,4
2024-03-12,monitor,displays,north,store_4,250.0,0,31,1,3,4
2024-03-19,monitor,displays,north,store_4,250.0,0,29,1,3,7
2024-03-28,monitor,displays,north,store_4,250.0,0,29,3,3,6
2024-04-15,monitor,displays,north,store_4,250.0,0,25,0,4,2
2024-04-30,monitor,displays,north,store_4,225.0,1,37,1,4,10
2024-05-05,monitor,displays,north,store_4,250.0,0,16,6,5,6
2024-05-22,monitor,displays,north,store_4,250.0,0,28,2,5,7
2024-05-23,monitor,displays,north,store_4,250.0,0,18,3,5,6
2024-05-25,monitor,displays,north,store_4,250.0,0,19,5,5,9
2024-06-18,monitor,displays,north,store_4,250.0,0,30,1,6,9
2024-06-20,monitor,displays,north,store_4,250.0,0,12,3,6,6
2024-06-23,monitor,displays,north,store_4,250.0,0,11,6,6,6
2024-06-26,monitor,displays,north,store_4,250.0,0,10,2,6,3
2024-07-19,monitor,displays,north,store_4,225.0,1,33,4,7,7
2024-07-28,monitor,displays,north,store_4,250.0,0,28,6,7,6
2024-07-31,monitor,displays,north,store_4,250.0,0,29,2,7,9
2024-08-01,monitor,displays,north,store_4,250.0,0,17,3,8,5
2024-08-17,monitor,displays,north,store_4,250.0,0,26,5,8,3
2024-08-24,monitor,displays,north,store_4,225.0,1,17,5,8,9
2024-08-27,monitor,displays,north,store_4,250.0,0,10,1,8,5
2024-09-06,monitor,displays,north,store_4,250.0,0,25,4,9,7
2024-09-09,monitor,displays,north,store_4,250.0,0,22,0,9,6
2024-10-02,monitor,displays,north,store_4,250.0,0,18,2,10,5
2024-10-07,monitor,displays,north,store_4,250.0,0,21,0,10,7
2024-11-18,monitor,displays,north,store_4,250.0,0,15,0,11,5
2024-11-27,monitor,displays,north,store_4,250.0,0,29,2,11,6
2024-12-01,monitor,displays,north,store_4,225.0,1,40,6,12,12
2024-12-26,monitor,displays,north,store_4,250.0,0,13,3,12,6
