data/complex_sales_dataset.csv
date,product,category,region,store,price,promotion,inventory,weekday,month,sales
2023-01-13,monitor,displays,center,store_3,225.0,1,22,4,1,10
2023-01-22,monitor,displays,center,store_3,250.0,0,35,6,1,9
2023-02-05,monitor,displays,center,store_3,250.0,0,23,6,2,7
2023-02-08,monitor,displays,center,store_3,250.0,0,16,2,2,7
2023-02-24,monitor,displays,center,store_3,225.0,1,36,4,2,9
2023-03-13,monitor,displays,center,store_3,225.0,1,30,0,3,10
2023-03-16,monitor,displays,center,store_3,225.0,1,20,3,3,14
2023-04-16,monitor,displays,center,store_3,250.0,0,35,6,4,9
2023-05-03,monitor,displays,center,store_3,250.0,0,16,2,5,7
2023-05-22,monitor,displays,center,store_3,225.0,1,32,0,5,9
2023-05-26,monitor,displays,center,store_3,225.0,1,19,4,5,11
2023-06-18,monitor,displays,center,store_3,225.0,1,24,6,6,12
2023-07-16,monitor,displays,center,store_3,225.0,1,39,6,7,15
2023-07-19,monitor,displays,center,store_3,250.0,0,14,2,7,8
2023-07-25,monitor,displays,center,store_3,250.0,0,16,1,7,8
2023-08-01,monitor,displays,center,store_3,250.0,0,18,1,8,7
2023-08-14,monitor,displays,center,store_3,225.0,1,37,0,8,10
2023-08-18,monitor,displays,center,store_3,250.0,0,12,4,8,6
2023-08-21,monitor,displays,center,store_3,250.0,0,30,0,8,2
2023-08-29,monitor,displays,center,store_3,250.0,0,20,1,8,8
2023-09-11,monitor,displays,center,store_3,225.0,1,21,0,9,12
2023-10-22,monitor,displays,center,store_3,250.0,0,29,6,10,7
2023-10-27,monitor,displays,center,store_3,250.0,0,21,4,10,6
2023-11-10,monitor,displays,center,store_3,250.0,0,30,4,11,9
2023-11-12,monitor,displays,center,store_3,250.0,0,32,6,11,6
2023-11-22,monitor,displays,center,store_3,225.0,1,24,2,11,11
2023-11-30,monitor,displays,center,store_3,250.0,0,30,3,11,8
2023-12-19,monitor,displays,center,store_3,250.0,0,33,1,12,5
2023-12-25,monitor,displays,center,store_3,250.0,0,23,0,12,7
2023-12-28,monitor,displays,center,store_3,250.0,0,23,3,12,8
2023-12-31,monitor,displays,center,store_3,250.0,0,11,6,12,6
2024-01-29,monitor,displays,center,store_3,250.0,0,30,0,1,5
2024-02-04,monitor,displays,center,store_3,225.0,1,26,6,2,14
2024-02-15,monitor,displays,center,store_3,250.0,0,14,3,2,5
2024-02-20,monitor,displays,center,store_3,250.0,0,16,1,2,7
2024-02-28,monitor,displays,center,store_3,250.0,0,19,2,2,5
2024-03-25,monitor,displays,center,store_3,225.0,1,15,0,3,8
2024-05-07,monitor,displays,center,store_3,250.0,0,15,1,5,4
2024-05-12,monitor,displays,center,store_3,250.0,0,32,6,5,9
2024-05-31,monitor,displays,center,store_3,225.0,1,22,4,5,12
2024-06-13,monitor,displays,center,store_3,250.0,0,14,3,6,6
2024-07-01,monitor,displays,center,store_3,250.0,0,24,0,7,8
2024-07-11,monitor,displays,center,store_3,250.0,0,32,3,7,5
2024-07-18,monitor,displays,center,store_3,225.0,1,34,3,7,10
2024-07-22,monitor,displays,center,store_3,250.0,0,24,0,7,6
2024-08-11,monitor,displays,center,store_3,250.0,0,17,6,8,4
2024-08-15,monitor,displays,center,store_3,225.0,1,22,3,8,9
2024-08-29,monitor,displays,center,store_3,250.0,0,36,3,8,8
2024-09-08,monitor,displays,center,store_3,250.0,0,22,6,9,5
2024-09-16,monitor,displays,center,store_3,250.0,0,28,0,9,5
2024-10-04,monitor,displays,center,store_3,250.0,0,10,4,10,4
2024-10-24,monitor,displays,center,store_3,250.0,0,21,3,10,5
2024-10-30,monitor,displays,center,store_3,250.0,0,23,2,10,5
2024-11-04,monitor,displays,center,store_3,250.0,0,14,0,11,8
2024-11-26,monitor,displays,center,store_3,250.0,0,15,1,11,4
2024-11-29,monitor,displays,center,store_3,250.0,0,22,4,11,5
2024-12-18,monitor,displays,center,store_3,225.0,1,33,2,12,14
2023-01-14,mouse,accessories,center,store_4,25.0,0,26,5,1,19
2023-01-17,mouse,accessories,center,store_4,25.0,0,45,1,1,22
2023-01-25,mouse,accessories,center,store_4,25.0,0,26,2,1,18
2023-02-05,mouse,accessories,center,store_4,25.0,0,45,6,2,24
2023-02-12,mouse,accessories,center,store_4,25.0,0,37,6,2,25
2023-03-05,mouse,accessories,center,store_4,25.0,0,36,6,3,23
2023-03-06,mouse,accessories,center,store_4,25.0,0,46,0,3,22
2023-03-09,mouse,accessories,center,store_4,25.0,0,34,3,3,23
2023-03-12,mouse,accessories,center,store_4,25.0,0,51,6,3,24
2023-04-01,mouse,accessories,center,store_4,25.0,0,43,5,4,18
2023-04-03,mouse,accessories,center,store_4,25.0,0,33,0,4,21
2023-04-08,mouse,accessories,center,store_4,25.0,0,31,5,4,23
2023-04-09,mouse,accessories,center,store_4,22.5,1,41,6,4,28
2023-05-20,mouse,accessories,center,store_4,25.0,0,42,5,5,19
2023-05-31,mouse,accessories,center,store_4,22.5,1,39,2,5,26
2023-06-29,mouse,accessories,center,store_4,25.0,0,41,3,6,20
2023-06-30,mouse,accessories,center,store_4,25.0,0,29,4,6,19
2023-07-15,mouse,accessories,center,store_4,25.0,0,33,5,7,22
2023-07-20,mouse,accessories,center,store_4,25.0,0,46,3,7,20
2023-07-31,mouse,accessories,center,store_4,25.0,0,36,0,7,20
2023-08-03,mouse,accessories,center,store_4,25.0,0,49,3,8,21
2023-08-20,mouse,accessories,center,store_4,22.5,1,57,6,8,29
2023-09-01,mouse,accessories,center,store_4,25.0,0,26,4,9,20
2023-09-05,mouse,accessories,center,store_4,22.5,1,35,1,9,25
2023-09-14,mouse,accessories,center,store_4,22.5,1,28,3,9,20
2023-09-21,mouse,accessories,center,store_4,25.0,0,28,3,9,15
2023-10-15,mouse,accessories,center,store_4,22.5,1,54,6,10,33
2023-10-22,mouse,accessories,center,store_4,25.0,0,39,6,10,23
2023-11-07,mouse,accessories,center,store_4,25.0,0,38,1,11,22
2023-11-14,mouse,accessories,center,store_4,25.0,0,46,1,11,24
2023-12-04,mouse,accessories,center,store_4,22.5,1,49,0,12,26
2024-01-01,mouse,accessories,center,store_4,25.0,0,45,0,1,18
2024-01-06,mouse,accessories,center,store_4,25.0,0,48,5,1,20
2024-01-13,mouse,accessories,center,store_4,25.0,0,25,5,1,20
2024-02-02,mouse,accessories,center,store_4,25.0,0,44,4,2,21
2024-03-03,mouse,accessories,center,store_4,25.0,0,32,6,3,21
2024-03-04,mouse,accessories,center,store_4,25.0,0,42,0,3,18
2024-03-08,mouse,accessories,center,store_4,25.0,0,38,4,3,20
2024-03-20,mouse,accessories,center,store_4,25.0,0,29,2,3,19
2024-03-25,mouse,accessories,center,store_4,25.0,0,34,0,3,20
2024-04-23,mouse,accessories,center,store_4,25.0,0,36,1,4,19
2024-05-12,mouse,accessories,center,store_4,25.0,0,33,6,5,23
2024-05-26,mouse,accessories,center,store_4,22.5,1,34,6,5,24
2024-05-30,mouse,accessories,center,store_4,25.0,0,38,3,5,17
2024-06-01,mouse,accessories,center,store_4,25.0,0,36,5,6,21
2024-06-15,mouse,accessories,center,store_4,25.0,0,54,5,6,28
2024-06-27,mouse,accessories,center,store_4,25.0,0,29,3,6,19
2024-06-30,mouse,accessories,center,store_4,25.0,0,30,6,6,20
2024-07-07,mouse,accessories,center,store_4,25.0,0,49,6,7,20
2024-07-09,mouse,accessories,center,store_4,25.0,0,24,1,7,19
2024-07-22,mouse,accessories,center,store_4,25.0,0,31,0,7,20
2024-08-02,mouse,accessories,center,store_4,25.0,0,47,4,8,18
2024-08-05,mouse,accessories,center,store_4,25.0,0,37,0,8,20
2024-08-21,mouse,accessories,center,store_4,25.0,0,26,2,8,21
2024-08-27,mouse,accessories,center,store_4,25.0,0,27,1,8,20
2024-09-01,mouse,accessories,center,store_4,25.0,0,29,6,9,22
2024-09-24,mouse,accessories,center,store_4,25.0,0,31,1,9,21
2024-10-25,mouse,accessories,center,store_4,22.5,1,44,4,10,26
2024-11-06,mouse,accessories,center,store_4,22.5,1,60,2,11,32
2024-11-09,mouse,accessories,center,store_4,25.0,0,52,5,11,25
2024-11-26,mouse,accessories,center,store_4,25.0,0,33,1,11,24
2024-11-27,mouse,accessories,center,store_4,25.0,0,37,2,11,23
2024-12-09,mouse,accessories,center,store_4,25.0,0,45,0,12,25
2024-12-12,mouse,accessories,center,store_4,25.0,0,40,3,12,30
2023-01-15,monitor,displays,north,store_3,225.0,1,19,6,1,11
2023-02-20,monitor,displays,north,store_3,250.0,0,24,0,2,11
2023-03-02,monitor,displays,north,store_3,250.0,0,25,3,3,4
2023-03-07,monitor,displays,north,store_3,250.0,0,36,1,3,8
2023-03-21,monitor,displays,north,store_3,225.0,1,23,1,3,9
2023-04-01,monitor,displays,north,store_3,225.0,1,36,5,4,14
2023-04-07,monitor,displays,north,store_3,250.0,0,34,4,4,9
2023-04-09,monitor,displays,north,store_3,250.0,0,21,6,4,10
2023-04-12,monitor,displays,north,store_3,250.0,0,26,2,4,5
2023-04-26,monitor,displays,north,store_3,250.0,0,37,2,4,8
2023-05-01,monitor,displays,north,store_3,250.0,0,19,0,5,3
2023-05-12,monitor,displays,north,store_3,250.0,0,35,4,5,8
2023-05-13,monitor,displays,north,store_3,250.0,0,18,5,5,10
2023-05-14,monitor,displays,north,store_3,225.0,1,38,6,5,12
2023-05-19,monitor,displays,north,store_3,250.0,0,25,4,5,3
2023-05-30,monitor,displays,north,store_3,225.0,1,36,1,5,10
2023-07-04,monitor,displays,north,store_3,250.0,0,31,1,7,5
2023-07-06,monitor,displays,north,store_3,250.0,0,24,3,7,8
2023-07-17,monitor,displays,north,store_3,250.0,0,13,0,7,7
2023-07-27,monitor,displays,north,store_3,250.0,0,14,3,7,4
2023-07-28,monitor,displays,north,store_3,250.0,0,26,4,7,4
2023-08-02,monitor,displays,north,store_3,250.0,0,23,2,8,6
2023-08-12,monitor,displays,north,store_3,250.0,0,27,5,8,6
2023-09-28,monitor,displays,north,store_3,250.0,0,12,3,9,2
2023-10-08,monitor,displays,north,store_3,250.0,0,17,6,10,8
2023-10-13,monitor,displays,north,store_3,225.0,1,25,4,10,13
2023-11-01,monitor,displays,north,store_3,250.0,0,22,2,11,6
2023-11-15,monitor,displays,north,store_3,250.0,0,35,2,11,7
2023-11-23,monitor,displays,north,store_3,250.0,0,36,3,11,8
2023-12-11,monitor,displays,north,store_3,225.0,1,36,0,12,12
2023-12-27,monitor,displays,north,store_3,250.0,0,25,2,12,5
2024-01-04,monitor,displays,north,store_3,225.0,1,17,3,1,11
2024-01-18,monitor,displays,north,store_3,225.0,1,25,3,1,9
2024-02-02,monitor,displays,north,store_3,225.0,1,38,4,2,9
2024-02-25,monitor,displays,north,store_3,250.0,0,34,6,2,7
2024-03-08,monitor,displays,north,store_3,250.0,0,31,4,3,9
2024-03-23,monitor,displays,north,store_3,225.0,1,35,5,3,10
2024-04-17,monitor,displays,north,store_3,250.0,0,27,2,4,4
2024-07-03,monitor,displays,north,store_3,225.0,1,34,2,7,13
2024-07-13,monitor,displays,north,store_3,250.0,0,14,5,7,8
2024-07-16,monitor,displays,north,store_3,250.0,0,11,1,7,6
2024-08-25,monitor,displays,north,store_3,250.0,0,29,6,8,6
2024-08-28,monitor,displays,north,store_3,250.0,0,15,2,8,7
2024-08-30,monitor,displays,north,store_3,250.0,0,26,4,8,7
2024-09-15,monitor,displays,north,store_3,225.0,1,21,6,9,14
2024-10-01,monitor,displays,north,store_3,250.0,0,12,1,10,5
2024-10-12,monitor,displays,north,store_3,250.0,0,35,5,10,6
2024-11-03,monitor,displays,north,store_3,250.0,0,23,6,11,8
2024-11-16,monitor,displays,north,store_3,250.0,0,33,5,11,4
2024-11-17,monitor,displays,north,store_3,250.0,0,32,6,11,8
2024-11-22,monitor,displays,north,store_3,250.0,0,28,4,11,5
2024-11-23,monitor,displays,north,store_3,250.0,0,29,5,11,5
2024-12-03,monitor,displays,north,store_3,250.0,0,26,1,12,11
2024-12-08,monitor,displays,north,store_3,250.0,0,37,6,12,8
2024-12-21,monitor,displays,north,store_3,250.0,0,30,5,12,9
2024-12-23,monitor,displays,north,store_3,250.0,0,22,0,12,9
2023-01-15,headphones,audio,center,store_3,108.0,1,32,6,1,12
2023-02-02,headphones,audio,center,store_3,108.0,1,36,3,2,10
2023-02-10,headphones,audio,center,store_3,120.0,0,20,4,2,4
2023-02-20,headphones,audio,center,store_3,120.0,0,31,0,2,7
2023-03-02,headphones,audio,center,store_3,120.0,0,31,3,3,13
2023-03-08,headphones,audio,center,store_3,120.0,0,11,2,3,5
2023-03-17,headphones,audio,center,store_3,108.0,1,40,4,3,14
2023-03-18,headphones,audio,center,store_3,120.0,0,29,5,3,7
2023-04-02,headphones,audio,center,store_3,120.0,0,38,6,4,11
2023-04-04,headphones,audio,center,store_3,120.0,0,15,1,4,6
2023-04-15,headphones,audio,center,store_3,108.0,1,27,5,4,14
2023-05-01,headphones,audio,center,store_3,120.0,0,34,0,5,6
2023-05-08,headphones,audio,center,store_3,120.0,0,28,0,5,5
2023-05-23,headphones,audio,center,store_3,120.0,0,18,1,5,4
2023-07-03,headphones,audio,center,store_3,120.0,0,24,0,7,8
2023-07-13,headphones,audio,center,store_3,108.0,1,31,3,7,11
2023-07-18,headphones,audio,center,store_3,120.0,0,25,1,7,10
2023-07-20,headphones,audio,center,store_3,120.0,0,29,3,7,9
2023-08-09,headphones,audio,center,store_3,120.0,0,11,2,8,6
2023-08-22,headphones,audio,center,store_3,120.0,0,33,1,8,5
2023-09-11,headphones,audio,center,store_3,120.0,0,23,0,9,9
2023-09-20,headphones,audio,center,store_3,120.0,0,24,2,9,8
2023-09-21,headphones,audio,center,store_3,108.0,1,31,3,9,13
2023-09-27,headphones,audio,center,store_3,120.0,0,22,2,9,8
2023-10-01,headphones,audio,center,store_3,120.0,0,18,6,10,8
2023-10-23,headphones,audio,center,store_3,120.0,0,32,0,10,7
2023-10-25,headphones,audio,center,store_3,120.0,0,11,2,10,6
2023-11-02,headphones,audio,center,store_3,120.0,0,17,3,11,9
2023-11-12,headphones,audio,center,store_3,120.0,0,35,6,11,14
2023-11-15,headphones,audio,center,store_3,120.0,0,23,2,11,12
2023-11-22,headphones,audio,center,store_3,120.0,0,17,2,11,6
2023-11-25,headphones,audio,center,store_3,120.0,0,14,5,11,9
2023-11-27,headphones,audio,center,store_3,120.0,0,30,0,11,9
2023-11-29,headphones,audio,center,store_3,120.0,0,27,2,11,6
2023-12-30,headphones,audio,center,store_3,120.0,0,24,5,12,10
2024-01-08,headphones,audio,center,store_3,108.0,1,29,0,1,13
2024-01-13,headphones,audio,center,store_3,120.0,0,27,5,1,9
2024-01-23,headphones,audio,center,store_3,108.0,1,18,1,1,11
2024-01-28,headphones,audio,center,store_3,120.0,0,25,6,1,11
2024-03-15,headphones,audio,center,store_3,108.0,1,22,4,3,12
2024-03-16,headphones,audio,center,store_3,120.0,0,25,5,3,8
2024-04-12,headphones,audio,center,store_3,120.0,0,26,4,4,5
2024-04-15,headphones,audio,center,store_3,108.0,1,28,0,4,14
2024-04-16,headphones,audio,center,store_3,120.0,0,39,1,4,14
2024-04-28,headphones,audio,center,store_3,120.0,0,31,6,4,9
2024-05-30,headphones,audio,center,store_3,120.0,0,34,3,5,9
2024-06-12,headphones,audio,center,store_3,108.0,1,21,2,6,11
2024-07-02,headphones,audio,center,store_3,120.0,0,32,1,7,7
2024-07-23,headphones,audio,center,store_3,120.0,0,36,1,7,7
2024-08-20,headphones,audio,center,store_3,120.0,0,18,1,8,10
2024-08-23,headphones,audio,center,store_3,120.0,0,15,4,8,6
2024-09-17,headphones,audio,center,store_3,120.0,0,14,1,9,6
2024-09-21,headphones,audio,center,store_3,120.0,0,29,5,9,8
2024-09-27,headphones,audio,center,store_3,108.0,1,29,4,9,15
2024-10-30,headphones,audio,center,store_3,120.0,0,19,2,10,10
2024-11-19,headphones,audio,center,store_3,120.0,0,32,1,11,7
2024-11-30,headphones,audio,center,store_3,120.0,0,33,5,11,11
2024-12-21,headphones,audio,center,store_3,108.0,1,28,5,12,17
2024-12-28,headphones,audio,center,store_3,120.0,0,22,5,12,11
