data/complex_sales_dataset.csv
date,product,category,region,store,price,promotion,inventory,weekday,month,sales
2023-01-16,laptop,computers,center,store_2,810.0,1,33,0,1,10
2023-01-22,laptop,computers,center,store_2,900.0,0,22,6,1,6
2023-01-28,laptop,computers,center,store_2,900.0,0,34,5,1,8
2023-01-29,laptop,computers,center,store_2,900.0,0,9,6,1,3
2023-01-31,laptop,computers,center,store_2,900.0,0,22,1,1,5
2023-02-18,laptop,computers,center,store_2,900.0,0,12,5,2,4
2023-03-16,laptop,computers,center,store_2,900.0,0,30,3,3,5
2023-03-24,laptop,computers,center,store_2,900.0,0,14,4,3,3
2023-03-29,laptop,computers,center,store_2,900.0,0,14,2,3,2
2023-04-04,laptop,computers,center,store_2,900.0,0,29,1,4,3
2023-04-06,laptop,computers,center,store_2,900.0,0,15,3,4,5
2023-04-16,laptop,computers,center,store_2,900.0,0,14,6,4,7
2023-04-25,laptop,computers,center,store_2,900.0,0,12,1,4,4
2023-05-02,laptop,computers,center,store_2,900.0,0,21,1,5,5
2023-05-04,laptop,computers,center,store_2,810.0,1,34,3,5,9
2023-05-23,laptop,computers,center,store_2,900.0,0,32,1,5,3
2023-05-29,laptop,computers,center,store_2,900.0,0,13,0,5,4
2023-06-17,laptop,computers,center,store_2,900.0,0,33,5,6,5
2023-06-24,laptop,computers,center,store_2,900.0,0,14,5,6,3
2023-06-28,laptop,computers,center,store_2,900.0,0,26,2,6,5
2023-07-31,laptop,computers,center,store_2,900.0,0,8,0,7,1
2023-08-21,laptop,computers,center,store_2,900.0,0,16,0,8,6
2023-08-24,laptop,computers,center,store_2,900.0,0,19,3,8,6
2023-08-29,laptop,computers,center,store_2,900.0,0,31,1,8,6
2023-08-30,laptop,computers,center,store_2,900.0,0,11,2,8,6
2023-09-05,laptop,computers,center,store_2,900.0,0,32,1,9,6
2023-09-27,laptop,computers,center,store_2,900.0,0,10,2,9,4
2023-10-16,laptop,computers,center,store_2,900.0,0,35,0,10,9
2023-11-22,laptop,computers,center,store_2,900.0,0,23,2,11,4
2023-11-24,laptop,computers,center,store_2,900.0,0,15,4,11,10
2023-11-25,laptop,computers,center,store_2,900.0,0,14,5,11,9
2023-12-04,laptop,computers,center,store_2,810.0,1,36,0,12,15
2023-12-06,laptop,computers,center,store_2,900.0,0,22,2,12,5
2023-12-16,laptop,computers,center,store_2,810.0,1,22,5,12,11
2023-12-23,laptop,computers,center,store_2,900.0,0,22,5,12,5
2024-01-10,laptop,computers,center,store_2,900.0,0,29,2,1,3
2024-01-28,laptop,computers,center,store_2,900.0,0,32,6,1,4
2024-03-08,laptop,computers,center,store_2,810.0,1,19,4,3,8
2024-03-13,laptop,computers,center,store_2,900.0,0,29,2,3,2
2024-04-07,laptop,computers,center,store_2,900.0,0,15,6,4,1
2024-04-09,laptop,computers,center,store_2,900.0,0,16,1,4,4
2024-04-15,laptop,computers,center,store_2,900.0,0,28,0,4,3
2024-04-26,laptop,computers,center,store_2,810.0,1,36,4,4,12
2024-05-02,laptop,computers,center,store_2,900.0,0,30,3,5,2
2024-05-21,laptop,computers,center,store_2,900.0,0,24,1,5,4
2024-05-25,laptop,computers,center,store_2,900.0,0,28,5,5,4
2024-06-01,laptop,computers,center,store_2,810.0,1,31,5,6,13
2024-06-03,laptop,computers,center,store_2,900.0,0,23,0,6,4
2024-06-04,laptop,computers,center,store_2,810.0,1,28,1,6,10
2024-06-10,laptop,computers,center,store_2,900.0,0,27,0,6,7
2024-06-21,laptop,computers,center,store_2,900.0,0,31,4,6,4
2024-07-17,laptop,computers,center,store_2,900.0,0,26,2,7,0
2024-07-18,laptop,computers,center,store_2,900.0,0,20,3,7,8
2024-08-06,laptop,computers,center,store_2,900.0,0,29,1,8,3
2024-08-24,laptop,computers,center,store_2,900.0,0,13,5,8,2
2024-09-16,laptop,computers,center,store_2,900.0,0,33,0,9,6
2024-09-22,laptop,computers,center,store_2,900.0,0,26,6,9,4
2024-10-08,laptop,computers,center,store_2,900.0,0,9,1,10,3
2024-10-10,laptop,computers,center,store_2,810.0,1,22,3,10,9
2024-10-15,laptop,computers,center,store_2,810.0,1,20,1,10,11
2024-11-04,laptop,computers,center,store_2,810.0,1,39,0,11,11
2024-11-05,laptop,computers,center,store_2,810.0,1,20,1,11,11
2024-11-08,laptop,computers,center,store_2,900.0,0,13,4,11,5
2024-12-19,laptop,computers,center,store_2,900.0,0,16,3,12,6
2024-12-30,laptop,computers,center,store_2,810.0,1,33,0,12,7
2023-01-16,keyboard,accessories,center,store_3,60.0,0,22,0,1,9
2023-01-29,keyboard,accessories,center,store_3,54.0,1,28,6,1,20
2023-02-18,keyboard,accessories,center,store_3,60.0,0,14,5,2,8
2023-02-28,keyboard,accessories,center,store_3,54.0,1,21,1,2,15
2023-03-03,keyboard,accessories,center,store_3,60.0,0,36,4,3,12
2023-03-09,keyboard,accessories,center,store_3,60.0,0,16,3,3,6
2023-03-17,keyboard,accessories,center,store_3,60.0,0,29,4,3,12
2023-03-23,keyboard,accessories,center,store_3,54.0,1,36,3,3,10
2023-04-02,keyboard,accessories,center,store_3,60.0,0,30,6,4,11
2023-04-06,keyboard,accessories,center,store_3,60.0,0,33,3,4,9
2023-05-01,keyboard,accessories,center,store_3,60.0,0,16,0,5,10
2023-05-05,keyboard,accessories,center,store_3,60.0,0,16,4,5,9
2023-05-20,keyboard,accessories,center,store_3,60.0,0,38,5,5,15
2023-07-01,keyboard,accessories,center,store_3,60.0,0,20,5,7,14
2023-07-09,keyboard,accessories,center,store_3,60.0,0,22,6,7,10
2023-07-16,keyboard,accessories,center,store_3,54.0,1,41,6,7,18
2023-07-31,keyboard,accessories,center,store_3,60.0,0,18,0,7,10
2023-08-12,keyboard,accessories,center,store_3,60.0,0,20,5,8,11
2023-08-15,keyboard,accessories,center,store_3,54.0,1,39,1,8,13
2023-08-21,keyboard,accessories,center,store_3,60.0,0,23,0,8,10
2023-08-28,keyboard,accessories,center,store_3,60.0,0,31,0,8,7
2023-09-06,keyboard,accessories,center,store_3,60.0,0,34,2,9,12
2023-09-08,keyboard,accessories,center,store_3,60.0,0,35,4,9,9
2023-09-12,keyboard,accessories,center,store_3,54.0,1,25,1,9,17
2023-09-20,keyboard,accessories,center,store_3,60.0,0,20,2,9,9
2023-09-29,keyboard,accessories,center,store_3,60.0,0,17,4,9,12
2023-10-22,keyboard,accessories,center,store_3,60.0,0,27,6,10,11
2023-10-28,keyboard,accessories,center,store_3,60.0,0,32,5,10,10
2023-10-29,keyboard,accessories,center,store_3,60.0,0,29,6,10,12
2023-11-17,keyboard,accessories,center,store_3,60.0,0,23,4,11,9
2024-01-13,keyboard,accessories,center,store_3,60.0,0,36,5,1,9
2024-02-01,keyboard,accessories,center,store_3,60.0,0,28,3,2,12
2024-02-12,keyboard,accessories,center,store_3,60.0,0,31,0,2,11
2024-02-13,keyboard,accessories,center,store_3,60.0,0,39,1,2,10
2024-02-16,keyboard,accessories,center,store_3,60.0,0,22,4,2,12
2024-03-08,keyboard,accessories,center,store_3,60.0,0,15,4,3,8
2024-03-27,keyboard,accessories,center,store_3,60.0,0,28,2,3,9
2024-03-31,keyboard,accessories,center,store_3,60.0,0,39,6,3,13
2024-05-03,keyboard,accessories,center,store_3,60.0,0,20,4,5,6
2024-05-17,keyboard,accessories,center,store_3,54.0,1,22,4,5,17
2024-06-17,keyboard,accessories,center,store_3,60.0,0,32,0,6,8
2024-06-18,keyboard,accessories,center,store_3,60.0,0,33,1,6,11
2024-06-29,keyboard,accessories,center,store_3,60.0,0,23,5,6,12
2024-07-11,keyboard,accessories,center,store_3,60.0,0,18,3,7,12
2024-07-22,keyboard,accessories,center,store_3,60.0,0,14,0,7,6
2024-08-23,keyboard,accessories,center,store_3,54.0,1,25,4,8,9
2024-09-23,keyboard,accessories,center,store_3,54.0,1,31,0,9,15
2024-10-07,keyboard,accessories,center,store_3,60.0,0,30,0,10,9
2024-11-14,keyboard,accessories,center,store_3,60.0,0,30,3,11,11
2024-11-23,keyboard,accessories,center,store_3,54.0,1,43,5,11,18
2024-12-01,keyboard,accessories,center,store_3,60.0,0,31,6,12,11
2024-12-06,keyboard,accessories,center,store_3,60.0,0,27,4,12,10
2024-12-08,keyboard,accessories,center,store_3,60.0,0,36,6,12,12
2024-12-11,keyboard,accessories,center,store_3,60.0,0,20,2,12,10
2024-12-24,keyboard,accessories,center,store_3,60.0,0,20,1,12,12
2024-12-29,keyboard,accessories,center,store_3,60.0,0,39,6,12,12
2023-01-16,headphones,audio,north,store_1,120.0,0,14,0,1,9
2023-01-23,headphones,audio,north,store_1,120.0,0,17,0,1,7
2023-02-21,headphones,audio,north,store_1,120.0,0,30,1,2,8
2023-02-22,headphones,audio,north,store_1,120.0,0,25,2,2,7
2023-03-04,headphones,audio,north,store_1,120.0,0,28,5,3,9
2023-03-10,headphones,audio,north,store_1,120.0,0,27,4,3,8
2023-03-13,headphones,audio,north,store_1,120.0,0,21,0,3,8
2023-03-14,headphones,audio,north,store_1,120.0,0,17,1,3,10
2023-03-27,headphones,audio,north,store_1,120.0,0,30,0,3,8
2023-04-23,headphones,audio,north,store_1,108.0,1,25,6,4,14
2023-05-24,headphones,audio,north,store_1,108.0,1,19,2,5,13
2023-06-09,headphones,audio,north,store_1,108.0,1,29,4,6,12
2023-07-08,headphones,audio,north,store_1,120.0,0,27,5,7,12
2023-08-06,headphones,audio,north,store_1,120.0,0,22,6,8,12
2023-08-12,headphones,audio,north,store_1,120.0,0,21,5,8,10
2023-08-27,headphones,audio,north,store_1,120.0,0,35,6,8,10
2023-10-04,headphones,audio,north,store_1,108.0,1,37,2,10,13
2023-10-17,headphones,audio,north,store_1,120.0,0,28,1,10,8
2023-10-19,headphones,audio,north,store_1,108.0,1,39,3,10,14
2023-11-06,headphones,audio,north,store_1,120.0,0,22,0,11,7
2023-11-08,headphones,audio,north,store_1,120.0,0,37,2,11,10
2023-11-18,headphones,audio,north,store_1,120.0,0,29,5,11,11
2023-12-15,headphones,audio,north,store_1,120.0,0,21,4,12,10
2023-12-18,headphones,audio,north,store_1,120.0,0,29,0,12,9
2024-01-01,headphones,audio,north,store_1,108.0,1,22,0,1,12
2024-01-02,headphones,audio,north,store_1,120.0,0,36,1,1,8
2024-01-04,headphones,audio,north,store_1,120.0,0,29,3,1,4
2024-01-16,headphones,audio,north,store_1,120.0,0,34,1,1,8
2024-01-17,headphones,audio,north,store_1,108.0,1,14,2,1,9
2024-01-22,headphones,audio,north,store_1,120.0,0,24,0,1,7
2024-02-14,headphones,audio,north,store_1,108.0,1,30,2,2,14
2024-02-20,headphones,audio,north,store_1,120.0,0,35,1,2,10
2024-02-21,headphones,audio,north,store_1,120.0,0,22,2,2,4
2024-02-29,headphones,audio,north,store_1,120.0,0,23,3,2,8
2024-03-14,headphones,audio,north,store_1,120.0,0,30,3,3,6
2024-03-24,headphones,audio,north,store_1,120.0,0,32,6,3,8
2024-03-28,headphones,audio,north,store_1,120.0,0,19,3,3,7
2024-04-01,headphones,audio,north,store_1,108.0,1,34,0,4,14
2024-04-03,headphones,audio,north,store_1,120.0,0,40,2,4,11
2024-04-07,headphones,audio,north,store_1,120.0,0,17,6,4,8
2024-05-01,headphones,audio,north,store_1,120.0,0,29,2,5,8
2024-05-04,headphones,audio,north,store_1,120.0,0,27,5,5,9
2024-05-10,headphones,audio,north,store_1,108.0,1,34,4,5,10
2024-05-31,headphones,audio,north,store_1,120.0,0,30,4,5,13
2024-06-01,headphones,audio,north,store_1,120.0,0,22,5,6,8
2024-06-02,headphones,audio,north,store_1,108.0,1,30,6,6,15
2024-06-13,headphones,audio,north,store_1,120.0,0,21,3,6,11
2024-07-08,headphones,audio,north,store_1,108.0,1,25,0,7,13
2024-07-27,headphones,audio,north,store_1,120.0,0,34,5,7,6
2024-07-31,headphones,audio,north,store_1,120.0,0,13,2,7,4
2024-08-07,headphones,audio,north,store_1,120.0,0,36,2,8,9
2024-09-04,headphones,audio,north,store_1,120.0,0,28,2,9,9
2024-09-09,headphones,audio,north,store_1,120.0,0,34,0,9,10
2024-09-25,headphones,audio,north,store_1,120.0,0,32,2,9,6
2024-10-16,headphones,audio,north,store_1,120.0,0,15,2,10,6
2024-10-17,headphones,audio,north,store_1,120.0,0,34,3,10,8
2024-11-06,headphones,audio,north,store_1,108.0,1,28,2,11,14
2024-11-18,headphones,audio,north,store_1,120.0,0,16,0,11,11
2024-12-16,headphones,audio,north,store_1,120.0,0,24,0,12,6
2024-12-22,headphones,audio,north,store_1,108.0,1,28,6,12,15
2023-01-18,mouse,accessories,north,store_4,25.0,0,27,2,1,21
2023-01-24,mouse,accessories,north,store_4,25.0,0,29,1,1,20
2023-02-17,mouse,accessories,north,store_4,22.5,1,30,4,2,24
2023-02-23,mouse,accessories,north,store_4,25.0,0,44,3,2,16
2023-02-26,mouse,accessories,north,store_4,25.0,0,32,6,2,23
2023-03-17,mouse,accessories,north,store_4,25.0,0,31,4,3,20
2023-03-22,mouse,accessories,north,store_4,25.0,0,31,2,3,19
2023-05-01,mouse,accessories,north,store_4,25.0,0,32,0,5,23
2023-05-15,mouse,accessories,north,store_4,25.0,0,33,0,5,21
2023-06-14,mouse,accessories,north,store_4,25.0,0,38,2,6,20
2023-06-17,mouse,accessories,north,store_4,22.5,1,60,5,6,31
2023-06-21,mouse,accessories,north,store_4,25.0,0,30,2,6,20
2023-06-24,mouse,accessories,north,store_4,22.5,1,39,5,6,29
2023-07-05,mouse,accessories,north,store_4,25.0,0,43,2,7,22
2023-07-19,mouse,accessories,north,store_4,22.5,1,54,2,7,25
2023-07-29,mouse,accessories,north,store_4,25.0,0,33,5,7,25
2023-08-04,mouse,accessories,north,store_4,25.0,0,40,4,8,20
2023-08-16,mouse,accessories,north,store_4,25.0,0,28,2,8,21
2023-08-17,mouse,accessories,north,store_4,25.0,0,44,3,8,20
2023-08-21,mouse,accessories,north,store_4,25.0,0,34,0,8,16
2023-09-30,mouse,accessories,north,store_4,22.5,1,42,5,9,28
2023-10-09,mouse,accessories,north,store_4,25.0,0,48,0,10,19
2023-10-30,mouse,accessories,north,store_4,25.0,0,32,0,10,21
2023-11-08,mouse,accessories,north,store_4,25.0,0,46,2,11,24
2023-11-12,mouse,accessories,north,store_4,22.5,1,46,6,11,34
2023-11-23,mouse,accessories,north,store_4,22.5,1,52,3,11,25
2023-11-26,mouse,accessories,north,store_4,25.0,0,32,6,11,27
2023-12-08,mouse,accessories,north,store_4,25.0,0,50,4,12,21
2023-12-17,mouse,accessories,north,store_4,25.0,0,33,6,12,27
2024-01-09,mouse,accessories,north,store_4,22.5,1,54,1,1,25
2024-01-10,mouse,accessories,north,store_4,22.5,1,38,2,1,25
2024-01-24,mouse,accessories,north,store_4,25.0,0,31,2,1,21
2024-01-26,mouse,accessories,north,store_4,25.0,0,31,4,1,22
2024-01-29,mouse,accessories,north,store_4,25.0,0,42,0,1,18
2024-02-24,mouse,accessories,north,store_4,25.0,0,28,5,2,21
2024-03-24,mouse,accessories,north,store_4,25.0,0,28,6,3,21
2024-03-29,mouse,accessories,north,store_4,25.0,0,39,4,3,20
2024-04-01,mouse,accessories,north,store_4,25.0,0,44,0,4,19
2024-05-06,mouse,accessories,north,store_4,25.0,0,47,0,5,20
2024-05-13,mouse,accessories,north,store_4,25.0,0,41,0,5,19
2024-05-19,mouse,accessories,north,store_4,25.0,0,47,6,5,26
2024-05-22,mouse,accessories,north,store_4,22.5,1,44,2,5,25
2024-07-01,mouse,accessories,north,store_4,25.0,0,32,0,7,20
2024-07-28,mouse,accessories,north,store_4,22.5,1,51,6,7,30
2024-07-29,mouse,accessories,north,store_4,25.0,0,41,0,7,22
2024-07-30,mouse,accessories,north,store_4,25.0,0,41,1,7,21
2024-08-03,mouse,accessories,north,store_4,25.0,0,28,5,8,20
2024-08-14,mouse,accessories,north,store_4,25.0,0,31,2,8,20
2024-08-16,mouse,accessories,north,store_4,25.0,0,29,4,8,18
2024-10-04,mouse,accessories,north,store_4,25.0,0,45,4,10,19
2024-10-19,mouse,accessories,north,store_4,25.0,0,29,5,10,22
2024-11-03,mouse,accessories,north,store_4,25.0,0,37,6,11,25
2024-11-19,mouse,accessories,north,store_4,25.0,0,35,1,11,23
2024-12-07,mouse,accessories,north,store_4,25.0,0,34,5,12,28
2024-12-21,mouse,accessories,north,store_4,25.0,0,45,5,12,29
