data/complex_sales_dataset.csv
date,product,category,region,store,price,promotion,inventory,weekday,month,sales
2023-01-18,keyboard,accessories,south,store_4,60.0,0,38,2,1,10
2023-01-24,keyboard,accessories,south,store_4,60.0,0,39,1,1,10
2023-01-31,keyboard,accessories,south,store_4,60.0,0,14,1,1,9
2023-02-05,keyboard,accessories,south,store_4,60.0,0,19,6,2,9
2023-02-08,keyboard,accessories,south,store_4,60.0,0,34,2,2,11
2023-03-10,keyboard,accessories,south,store_4,60.0,0,32,4,3,8
2023-03-31,keyboard,accessories,south,store_4,60.0,0,20,4,3,14
2023-04-05,keyboard,accessories,south,store_4,60.0,0,33,2,4,9
2023-04-09,keyboard,accessories,south,store_4,60.0,0,38,6,4,13
2023-04-30,keyboard,accessories,south,store_4,60.0,0,35,6,4,10
2023-05-08,keyboard,accessories,south,store_4,60.0,0,32,0,5,10
2023-05-11,keyboard,accessories,south,store_4,60.0,0,24,3,5,8
2023-05-13,keyboard,accessories,south,store_4,60.0,0,33,5,5,13
2023-05-14,keyboard,accessories,south,store_4,60.0,0,20,6,5,12
2023-05-15,keyboard,accessories,south,store_4,54.0,1,36,0,5,17
2023-05-24,keyboard,accessories,south,store_4,60.0,0,31,2,5,10
2023-05-28,keyboard,accessories,south,store_4,60.0,0,39,6,5,13
2023-05-30,keyboard,accessories,south,store_4,60.0,0,18,1,5,12
2023-06-21,keyboard,accessories,south,store_4,54.0,1,42,2,6,15
2023-06-28,keyboard,accessories,south,store_4,60.0,0,17,2,6,8
2023-07-06,keyboard,accessories,south,store_4,60.0,0,35,3,7,6
2023-07-08,keyboard,accessories,south,store_4,60.0,0,35,5,7,6
2023-07-19,keyboard,accessories,south,store_4,60.0,0,15,2,7,9
2023-07-24,keyboard,accessories,south,store_4,54.0,1,29,0,7,14
2023-07-29,keyboard,accessories,south,store_4,60.0,0,29,5,7,11
2023-08-06,keyboard,accessories,south,store_4,60.0,0,41,6,8,15
2023-08-16,keyboard,accessories,south,store_4,54.0,1,37,2,8,16
2023-09-03,keyboard,accessories,south,store_4,60.0,0,26,6,9,12
2023-09-17,keyboard,accessories,south,store_4,54.0,1,43,6,9,19
2023-10-19,keyboard,accessories,south,store_4,60.0,0,28,3,10,12
2023-11-23,keyboard,accessories,south,store_4,60.0,0,15,3,11,10
2023-11-26,keyboard,accessories,south,store_4,54.0,1,39,6,11,17
2023-12-07,keyboard,accessories,south,store_4,60.0,0,25,3,12,14
2023-12-13,keyboard,accessories,south,store_4,54.0,1,28,2,12,17
2024-01-08,keyboard,accessories,south,store_4,54.0,1,33,0,1,15
2024-01-16,keyboard,accessories,south,store_4,60.0,0,38,1,1,9
2024-01-24,keyboard,accessories,south,store_4,60.0,0,30,2,1,9
2024-03-25,keyboard,accessories,south,store_4,54.0,1,30,0,3,12
2024-04-14,keyboard,accessories,south,store_4,54.0,1,26,6,4,15
2024-04-15,keyboard,accessories,south,store_4,60.0,0,37,0,4,11
2024-04-22,keyboard,accessories,south,store_4,60.0,0,21,0,4,11
2024-04-28,keyboard,accessories,south,store_4,54.0,1,36,6,4,19
2024-04-30,keyboard,accessories,south,store_4,60.0,0,15,1,4,9
2024-05-08,keyboard,accessories,south,store_4,60.0,0,25,2,5,9
2024-05-19,keyboard,accessories,south,store_4,60.0,0,13,6,5,8
2024-06-03,keyboard,accessories,south,store_4,60.0,0,34,0,6,10
2024-06-06,keyboard,accessories,south,store_4,60.0,0,34,3,6,10
2024-06-07,keyboard,accessories,south,store_4,54.0,1,31,4,6,13
2024-07-04,keyboard,accessories,south,store_4,60.0,0,26,3,7,11
2024-07-13,keyboard,accessories,south,store_4,60.0,0,20,5,7,11
2024-07-15,keyboard,accessories,south,store_4,60.0,0,23,0,7,10
2024-08-17,keyboard,accessories,south,store_4,60.0,0,26,5,8,13
2024-08-19,keyboard,accessories,south,store_4,60.0,0,15,0,8,8
2024-08-22,keyboard,accessories,south,store_4,54.0,1,30,3,8,17
2024-08-25,keyboard,accessories,south,store_4,60.0,0,31,6,8,14
2024-08-28,keyboard,accessories,south,store_4,60.0,0,34,2,8,11
2024-09-15,keyboard,accessories,south,store_4,60.0,0,37,6,9,13
2024-09-16,keyboard,accessories,south,store_4,60.0,0,30,0,9,9
2024-09-18,keyboard,accessories,south,store_4,60.0,0,23,2,9,10
2024-09-24,keyboard,accessories,south,store_4,60.0,0,33,1,9,8
2024-09-30,keyboard,accessories,south,store_4,60.0,0,34,0,9,6
2024-10-01,keyboard,accessories,south,store_4,60.0,0,27,1,10,9
2024-10-09,keyboard,accessories,south,store_4,54.0,1,27,2,10,14
2024-10-28,keyboard,accessories,south,store_4,60.0,0,18,0,10,12
2024-12-18,keyboard,accessories,south,store_4,60.0,0,18,2,12,12
2023-01-18,headphones,audio,south,store_1,108.0,1,17,2,1,12
2023-01-19,headphones,audio,south,store_1,120.0,0,36,3,1,7
2023-01-26,headphones,audio,south,store_1,108.0,1,28,3,1,11
2023-03-31,headphones,audio,south,store_1,120.0,0,21,4,3,9
2023-04-10,headphones,audio,south,store_1,108.0,1,37,0,4,16
2023-04-11,headphones,audio,south,store_1,108.0,1,30,1,4,11
2023-04-13,headphones,audio,south,store_1,120.0,0,21,3,4,9
2023-04-20,headphones,audio,south,store_1,108.0,1,19,3,4,13
2023-04-25,headphones,audio,south,store_1,120.0,0,15,1,4,8
2023-05-09,headphones,audio,south,store_1,120.0,0,21,1,5,8
2023-05-12,headphones,audio,south,store_1,120.0,0,18,4,5,6
2023-05-22,headphones,audio,south,store_1,120.0,0,15,0,5,6
2023-06-02,headphones,audio,south,store_1,120.0,0,33,4,6,7
2023-06-05,headphones,audio,south,store_1,120.0,0,26,0,6,5
2023-06-17,headphones,audio,south,store_1,120.0,0,26,5,6,8
2023-07-04,headphones,audio,south,store_1,120.0,0,34,1,7,8
2023-07-10,headphones,audio,south,store_1,120.0,0,31,0,7,7
2023-08-26,headphones,audio,south,store_1,108.0,1,40,5,8,13
2023-08-31,headphones,audio,south,store_1,120.0,0,32,3,8,8
2023-09-26,headphones,audio,south,store_1,120.0,0,32,1,9,5
2023-10-05,headphones,audio,south,store_1,120.0,0,26,3,10,7
2023-10-27,headphones,audio,south,store_1,120.0,0,28,4,10,6
2023-11-16,headphones,audio,south,store_1,120.0,0,20,3,11,9
2023-11-19,headphones,audio,south,store_1,120.0,0,27,6,11,9
2023-11-23,headphones,audio,south,store_1,108.0,1,41,3,11,15
2023-11-24,headphones,audio,south,store_1,120.0,0,35,4,11,7
2023-11-28,headphones,audio,south,store_1,120.0,0,11,1,11,6
2023-12-06,headphones,audio,south,store_1,120.0,0,27,2,12,11
2023-12-16,headphones,audio,south,store_1,120.0,0,35,5,12,9
2023-12-29,headphones,audio,south,store_1,120.0,0,33,4,12,6
2024-01-27,headphones,audio,south,store_1,120.0,0,31,5,1,9
2024-02-07,headphones,audio,south,store_1,120.0,0,16,2,2,10
2024-02-18,headphones,audio,south,store_1,120.0,0,33,6,2,7
2024-02-19,headphones,audio,south,store_1,108.0,1,23,0,2,10
2024-03-02,headphones,audio,south,store_1,120.0,0,32,5,3,6
2024-03-07,headphones,audio,south,store_1,120.0,0,21,3,3,8
2024-04-17,headphones,audio,south,store_1,120.0,0,14,2,4,6
2024-06-27,headphones,audio,south,store_1,108.0,1,31,3,6,15
2024-06-29,headphones,audio,south,store_1,120.0,0,30,5,6,8
2024-07-07,headphones,audio,south,store_1,108.0,1,38,6,7,14
2024-07-17,headphones,audio,south,store_1,108.0,1,34,2,7,14
2024-07-19,headphones,audio,south,store_1,120.0,0,20,4,7,6
2024-07-24,headphones,audio,south,store_1,108.0,1,31,2,7,10
2024-07-26,headphones,audio,south,store_1,120.0,0,15,4,7,9
2024-08-02,headphones,audio,south,store_1,120.0,0,18,4,8,9
2024-08-10,headphones,audio,south,store_1,120.0,0,22,5,8,8
2024-08-12,headphones,audio,south,store_1,120.0,0,35,0,8,12
2024-08-18,headphones,audio,south,store_1,108.0,1,32,6,8,15
2024-09-05,headphones,audio,south,store_1,120.0,0,18,3,9,6
2024-09-12,headphones,audio,south,store_1,120.0,0,27,3,9,8
2024-10-20,headphones,audio,south,store_1,120.0,0,21,6,10,8
2024-10-21,headphones,audio,south,store_1,108.0,1,33,0,10,9
2024-10-25,headphones,audio,south,store_1,108.0,1,24,4,10,11
2024-12-05,headphones,audio,south,store_1,120.0,0,18,3,12,6
2024-12-10,headphones,audio,south,store_1,120.0,0,28,1,12,8
2024-12-12,headphones,audio,south,store_1,108.0,1,25,3,12,13
2023-01-19,mouse,accessories,south,store_2,25.0,0,25,3,1,18
2023-01-21,mouse,accessories,south,store_2,25.0,0,40,5,1,21
2023-01-28,mouse,accessories,south,store_2,25.0,0,32,5,1,23
2023-02-03,mouse,accessories,south,store_2,25.0,0,45,4,2,18
2023-02-14,mouse,accessories,south,store_2,22.5,1,33,1,2,22
2023-02-28,mouse,accessories,south,store_2,25.0,0,45,1,2,17
2023-03-01,mouse,accessories,south,store_2,25.0,0,31,2,3,20
2023-03-07,mouse,accessories,south,store_2,25.0,0,28,1,3,21
2023-03-18,mouse,accessories,south,store_2,25.0,0,55,5,3,27
2023-04-13,mouse,accessories,south,store_2,25.0,0,34,3,4,19
2023-05-09,mouse,accessories,south,store_2,25.0,0,24,1,5,19
2023-06-09,mouse,accessories,south,store_2,25.0,0,35,4,6,22
2023-07-10,mouse,accessories,south,store_2,22.5,1,28,0,7,23
2023-07-14,mouse,accessories,south,store_2,25.0,0,45,4,7,21
2023-07-21,mouse,accessories,south,store_2,25.0,0,35,4,7,18
2023-07-27,mouse,accessories,south,store_2,25.0,0,36,3,7,18
2023-08-06,mouse,accessories,south,store_2,22.5,1,36,6,8,26
2023-08-14,mouse,accessories,south,store_2,25.0,0,32,0,8,21
2023-08-26,mouse,accessories,south,store_2,22.5,1,49,5,8,29
2023-09-02,mouse,accessories,south,store_2,25.0,0,31,5,9,22
2023-09-08,mouse,accessories,south,store_2,25.0,0,36,4,9,24
2023-09-13,mouse,accessories,south,store_2,22.5,1,54,2,9,28
2023-09-19,mouse,accessories,south,store_2,25.0,0,41,1,9,20
2023-10-02,mouse,accessories,south,store_2,25.0,0,41,0,10,16
2023-10-28,mouse,accessories,south,store_2,25.0,0,44,5,10,21
2023-11-03,mouse,accessories,south,store_2,22.5,1,55,4,11,29
2023-11-11,mouse,accessories,south,store_2,25.0,0,40,5,11,30
2023-11-19,mouse,accessories,south,store_2,22.5,1,48,6,11,34
2023-11-22,mouse,accessories,south,store_2,25.0,0,42,2,11,23
2024-01-03,mouse,accessories,south,store_2,25.0,0,43,2,1,18
2024-01-08,mouse,accessories,south,store_2,25.0,0,50,0,1,21
2024-02-04,mouse,accessories,south,store_2,25.0,0,47,6,2,24
2024-02-14,mouse,accessories,south,store_2,25.0,0,45,2,2,17
2024-03-14,mouse,accessories,south,store_2,25.0,0,44,3,3,21
2024-03-19,mouse,accessories,south,store_2,25.0,0,20,1,3,15
2024-03-26,mouse,accessories,south,store_2,25.0,0,35,1,3,23
2024-04-10,mouse,accessories,south,store_2,22.5,1,40,2,4,24
2024-05-03,mouse,accessories,south,store_2,25.0,0,38,4,5,19
2024-05-24,mouse,accessories,south,store_2,25.0,0,31,4,5,20
2024-05-25,mouse,accessories,south,store_2,25.0,0,29,5,5,21
2024-05-27,mouse,accessories,south,store_2,22.5,1,45,0,5,22
2024-06-16,mouse,accessories,south,store_2,25.0,0,42,6,6,24
2024-06-24,mouse,accessories,south,store_2,25.0,0,35,0,6,21
2024-06-29,mouse,accessories,south,store_2,25.0,0,33,5,6,20
2024-07-06,mouse,accessories,south,store_2,25.0,0,45,5,7,21
2024-07-16,mouse,accessories,south,store_2,25.0,0,35,1,7,18
2024-08-04,mouse,accessories,south,store_2,25.0,0,35,6,8,21
2024-08-08,mouse,accessories,south,store_2,25.0,0,26,3,8,18
2024-08-26,mouse,accessories,south,store_2,22.5,1,50,0,8,26
2024-09-06,mouse,accessories,south,store_2,25.0,0,47,4,9,22
2024-09-17,mouse,accessories,south,store_2,25.0,0,35,1,9,18
2024-09-19,mouse,accessories,south,store_2,25.0,0,31,3,9,17
2024-10-06,mouse,accessories,south,store_2,25.0,0,40,6,10,19
2024-10-10,mouse,accessories,south,store_2,25.0,0,25,3,10,18
2024-10-20,mouse,accessories,south,store_2,25.0,0,34,6,10,22
2024-11-11,mouse,accessories,south,store_2,25.0,0,37,0,11,23
2024-11-12,mouse,accessories,south,store_2,25.0,0,32,1,11,23
2024-11-18,mouse,accessories,south,store_2,25.0,0,35,0,11,22
2024-12-16,mouse,accessories,south,store_2,25.0,0,51,0,12,25
2024-12-26,mouse,accessories,south,store_2,22.5,1,37,3,12,26
2023-01-25,monitor,displays,south,store_2,250.0,0,27,2,1,6
2023-02-03,monitor,displays,south,store_2,250.0,0,14,4,2,6
2023-02-14,monitor,displays,south,store_2,225.0,1,18,1,2,12
2023-02-17,monitor,displays,south,store_2,250.0,0,18,4,2,7
2023-02-27,monitor,displays,south,store_2,250.0,0,16,0,2,5
2023-02-28,monitor,displays,south,store_2,250.0,0,18,1,2,9
2023-03-05,monitor,displays,south,store_2,250.0,0,22,6,3,8
2023-03-25,monitor,displays,south,store_2,250.0,0,26,5,3,3
2023-04-18,monitor,displays,south,store_2,250.0,0,17,1,4,5
2023-05-06,monitor,displays,south,store_2,250.0,0,11,5,5,6
2023-05-23,monitor,displays,south,store_2,250.0,0,20,1,5,6
2023-06-12,monitor,displays,south,store_2,250.0,0,36,0,6,9
2023-06-22,monitor,displays,south,store_2,250.0,0,20,3,6,1
2023-06-28,monitor,displays,south,store_2,250.0,0,17,2,6,5
2023-07-10,monitor,displays,south,store_2,250.0,0,10,0,7,5
2023-08-03,monitor,displays,south,store_2,250.0,0,27,3,8,8
2023-08-07,monitor,displays,south,store_2,250.0,0,15,0,8,4
2023-08-11,monitor,displays,south,store_2,225.0,1,25,4,8,12
2023-08-16,monitor,displays,south,store_2,250.0,0,26,2,8,7
2023-08-26,monitor,displays,south,store_2,250.0,0,24,5,8,2
2023-09-15,monitor,displays,south,store_2,250.0,0,13,4,9,2
2023-09-22,monitor,displays,south,store_2,225.0,1,19,4,9,6
2023-09-27,monitor,displays,south,store_2,250.0,0,27,2,9,4
2023-09-29,monitor,displays,south,store_2,225.0,1,16,4,9,11
2023-10-06,monitor,displays,south,store_2,250.0,0,19,4,10,6
2023-11-07,monitor,displays,south,store_2,225.0,1,28,1,11,13
2023-11-24,monitor,displays,south,store_2,250.0,0,22,4,11,8
2024-01-12,monitor,displays,south,store_2,250.0,0,25,4,1,10
2024-01-27,monitor,displays,south,store_2,225.0,1,19,5,1,12
2024-02-10,monitor,displays,south,store_2,225.0,1,32,5,2,13
2024-02-24,monitor,displays,south,store_2,250.0,0,26,5,2,7
2024-03-03,monitor,displays,south,store_2,250.0,0,26,6,3,7
2024-03-16,monitor,displays,south,store_2,250.0,0,30,5,3,6
2024-03-18,monitor,displays,south,store_2,250.0,0,23,0,3,2
2024-03-21,monitor,displays,south,store_2,250.0,0,27,3,3,6
2024-04-01,monitor,displays,south,store_2,250.0,0,23,0,4,3
2024-04-06,monitor,displays,south,store_2,250.0,0,18,5,4,5
2024-04-09,monitor,displays,south,store_2,250.0,0,27,1,4,6
2024-04-10,monitor,displays,south,store_2,225.0,1,17,2,4,10
2024-04-11,monitor,displays,south,store_2,250.0,0,27,3,4,5
2024-04-12,monitor,displays,south,store_2,225.0,1,38,4,4,12
2024-05-01,monitor,displays,south,store_2,250.0,0,23,2,5,9
2024-05-04,monitor,displays,south,store_2,225.0,1,37,5,5,11
2024-05-20,monitor,displays,south,store_2,250.0,0,22,0,5,9
2024-05-21,monitor,displays,south,store_2,250.0,0,36,1,5,8
2024-05-28,monitor,displays,south,store_2,250.0,0,17,1,5,4
2024-05-29,monitor,displays,south,store_2,250.0,0,16,2,5,6
2024-06-06,monitor,displays,south,store_2,250.0,0,35,3,6,6
2024-06-12,monitor,displays,south,store_2,250.0,0,23,2,6,4
2024-07-04,monitor,displays,south,store_2,225.0,1,27,3,7,9
2024-07-21,monitor,displays,south,store_2,250.0,0,16,6,7,4
2024-08-14,monitor,displays,south,store_2,250.0,0,33,2,8,7
2024-08-16,monitor,displays,south,store_2,250.0,0,27,4,8,5
2024-09-02,monitor,displays,south,store_2,250.0,0,14,0,9,5
2024-09-11,monitor,displays,south,store_2,250.0,0,35,2,9,6
2024-09-12,monitor,displays,south,store_2,250.0,0,16,3,9,5
2024-10-06,monitor,displays,south,store_2,250.0,0,25,6,10,6
2024-10-18,monitor,displays,south,store_2,225.0,1,35,4,10,10
2024-10-26,monitor,displays,south,store_2,250.0,0,11,5,10,5
2024-10-28,monitor,displays,south,store_2,250.0,0,30,0,10,9
2024-11-02,monitor,displays,south,store_2,250.0,0,28,5,11,6
