data/complex_sales_dataset.csv
date,product,category,region,store,price,promotion,inventory,weekday,month,sales
2023-01-26,laptop,computers,north,store_2,810.0,1,33,3,1,11
2023-02-20,laptop,computers,north,store_2,810.0,1,19,0,2,6
2023-02-22,laptop,computers,north,store_2,900.0,0,11,2,2,4
2023-03-09,laptop,computers,north,store_2,900.0,0,24,3,3,7
2023-03-18,laptop,computers,north,store_2,900.0,0,19,5,3,6
2023-03-25,laptop,computers,north,store_2,900.0,0,17,5,3,5
2023-03-28,laptop,computers,north,store_2,900.0,0,17,1,3,2
2023-04-08,laptop,computers,north,store_2,900.0,0,12,5,4,3
2023-04-11,laptop,computers,north,store_2,810.0,1,23,1,4,12
2023-04-13,laptop,computers,north,store_2,810.0,1,32,3,4,8
2023-05-09,laptop,computers,north,store_2,900.0,0,14,1,5,5
2023-05-14,laptop,computers,north,store_2,900.0,0,14,6,5,6
2023-05-15,laptop,computers,north,store_2,900.0,0,27,0,5,4
2023-05-20,laptop,computers,north,store_2,900.0,0,8,5,5,3
2023-06-01,laptop,computers,north,store_2,900.0,0,26,3,6,4
2023-06-06,laptop,computers,north,store_2,900.0,0,33,1,6,7
2023-06-30,laptop,computers,north,store_2,900.0,0,22,4,6,6
2023-07-08,laptop,computers,north,store_2,900.0,0,30,5,7,2
2023-07-20,laptop,computers,north,store_2,900.0,0,35,3,7,7
2023-08-03,laptop,computers,north,store_2,900.0,0,14,3,8,9
2023-08-06,laptop,computers,north,store_2,900.0,0,23,6,8,2
2023-09-26,laptop,computers,north,store_2,900.0,0,34,1,9,6
2023-09-29,laptop,computers,north,store_2,900.0,0,29,4,9,6
2023-10-23,laptop,computers,north,store_2,900.0,0,34,0,10,6
2023-10-24,laptop,computers,north,store_2,900.0,0,18,1,10,7
2023-10-26,laptop,computers,north,store_2,900.0,0,22,3,10,5
2023-11-18,laptop,computers,north,store_2,900.0,0,28,5,11,3
2023-11-27,laptop,computers,north,store_2,810.0,1,40,0,11,11
2023-12-27,laptop,computers,north,store_2,900.0,0,27,2,12,6
2024-01-17,laptop,computers,north,store_2,900.0,0,15,2,1,8
2024-01-21,laptop,computers,north,store_2,900.0,0,19,6,1,5
2024-01-22,laptop,computers,north,store_2,900.0,0,31,0,1,2
2024-03-09,laptop,computers,north,store_2,810.0,1,38,5,3,9
2024-03-15,laptop,computers,north,store_2,810.0,1,31,4,3,12
2024-03-16,laptop,computers,north,store_2,900.0,0,28,5,3,5
2024-03-25,laptop,computers,north,store_2,810.0,1,22,0,3,12
2024-04-29,laptop,computers,north,store_2,900.0,0,15,0,4,2
2024-05-10,laptop,computers,north,store_2,900.0,0,35,4,5,7
2024-05-12,laptop,computers,north,store_2,900.0,0,17,6,5,5
2024-06-02,laptop,computers,north,store_2,900.0,0,16,6,6,6
2024-06-09,laptop,computers,north,store_2,900.0,0,32,6,6,5
2024-06-24,laptop,computers,north,store_2,900.0,0,24,0,6,6
2024-08-12,laptop,computers,north,store_2,810.0,1,35,0,8,13
2024-08-13,laptop,computers,north,store_2,900.0,0,16,1,8,6
2024-08-16,laptop,computers,north,store_2,900.0,0,27,4,8,6
2024-08-26,laptop,computers,north,store_2,900.0,0,30,0,8,3
2024-09-11,laptop,computers,north,store_2,810.0,1,30,2,9,12
2024-09-27,laptop,computers,north,store_2,900.0,0,28,4,9,5
2024-10-05,laptop,computers,north,store_2,900.0,0,36,5,10,8
2024-10-16,laptop,computers,north,store_2,900.0,0,23,2,10,7
2024-11-12,laptop,computers,north,store_2,900.0,0,23,1,11,6
2024-11-17,laptop,computers,north,store_2,900.0,0,15,6,11,10
2024-11-19,laptop,computers,north,store_2,900.0,0,22,1,11,4
2024-11-23,laptop,computers,north,store_2,810.0,1,38,5,11,10
2024-12-13,laptop,computers,north,store_2,900.0,0,16,4,12,6
2024-12-25,laptop,computers,north,store_2,810.0,1,21,2,12,13
2023-01-26,keyboard,accessories,north,store_2,60.0,0,17,3,1,12
2023-02-01,keyboard,accessories,north,store_2,60.0,0,20,2,2,10
2023-02-10,keyboard,accessories,north,store_2,54.0,1,41,4,2,12
2023-02-12,keyboard,accessories,north,store_2,60.0,0,37,6,2,11
2023-02-15,keyboard,accessories,north,store_2,60.0,0,33,2,2,10
2023-02-27,keyboard,accessories,north,store_2,54.0,1,42,0,2,13
2023-03-01,keyboard,accessories,north,store_2,60.0,0,27,2,3,8
2023-03-18,keyboard,accessories,north,store_2,60.0,0,19,5,3,10
2023-04-23,keyboard,accessories,north,store_2,60.0,0,20,6,4,6
2023-06-02,keyboard,accessories,north,store_2,60.0,0,24,4,6,9
2023-06-07,keyboard,accessories,north,store_2,60.0,0,16,2,6,10
2023-06-08,keyboard,accessories,north,store_2,60.0,0,40,3,6,15
2023-06-24,keyboard,accessories,north,store_2,60.0,0,37,5,6,11
2023-07-07,keyboard,accessories,north,store_2,60.0,0,26,4,7,8
2023-07-23,keyboard,accessories,north,store_2,60.0,0,36,6,7,12
2023-08-17,keyboard,accessories,north,store_2,60.0,0,36,3,8,7
2023-09-10,keyboard,accessories,north,store_2,60.0,0,20,6,9,11
2023-09-14,keyboard,accessories,north,store_2,60.0,0,33,3,9,8
2023-09-16,keyboard,accessories,north,store_2,60.0,0,23,5,9,11
2023-09-18,keyboard,accessories,north,store_2,60.0,0,26,0,9,9
2023-09-27,keyboard,accessories,north,store_2,60.0,0,32,2,9,10
2023-10-25,keyboard,accessories,north,store_2,60.0,0,40,2,10,12
2023-11-03,keyboard,accessories,north,store_2,60.0,0,38,4,11,12
2023-11-04,keyboard,accessories,north,store_2,60.0,0,28,5,11,16
2023-11-11,keyboard,accessories,north,store_2,60.0,0,41,5,11,12
2023-12-14,keyboard,accessories,north,store_2,60.0,0,23,3,12,11
2023-12-21,keyboard,accessories,north,store_2,60.0,0,30,3,12,11
2024-02-17,keyboard,accessories,north,store_2,60.0,0,30,5,2,12
2024-03-03,keyboard,accessories,north,store_2,60.0,0,43,6,3,14
2024-03-21,keyboard,accessories,north,store_2,54.0,1,33,3,3,16
2024-04-02,keyboard,accessories,north,store_2,54.0,1,26,1,4,15
2024-04-08,keyboard,accessories,north,store_2,60.0,0,32,0,4,13
2024-04-17,keyboard,accessories,north,store_2,60.0,0,14,2,4,9
2024-04-20,keyboard,accessories,north,store_2,60.0,0,23,5,4,13
2024-04-24,keyboard,accessories,north,store_2,60.0,0,16,2,4,9
2024-04-29,keyboard,accessories,north,store_2,60.0,0,38,0,4,9
2024-05-05,keyboard,accessories,north,store_2,54.0,1,23,6,5,18
2024-05-09,keyboard,accessories,north,store_2,60.0,0,27,3,5,9
2024-05-10,keyboard,accessories,north,store_2,60.0,0,35,4,5,7
2024-05-14,keyboard,accessories,north,store_2,54.0,1,22,1,5,13
2024-05-20,keyboard,accessories,north,store_2,60.0,0,26,0,5,8
2024-06-19,keyboard,accessories,north,store_2,60.0,0,33,2,6,8
2024-07-10,keyboard,accessories,north,store_2,60.0,0,24,2,7,10
2024-07-14,keyboard,accessories,north,store_2,60.0,0,23,6,7,12
2024-08-01,keyboard,accessories,north,store_2,60.0,0,20,3,8,10
2024-08-02,keyboard,accessories,north,store_2,54.0,1,33,4,8,16
2024-08-05,keyboard,accessories,north,store_2,54.0,1,42,0,8,14
2024-08-07,keyboard,accessories,north,store_2,60.0,0,40,2,8,11
2024-09-03,keyboard,accessories,north,store_2,60.0,0,27,1,9,11
2024-09-25,keyboard,accessories,north,store_2,60.0,0,37,2,9,13
2024-09-29,keyboard,accessories,north,store_2,60.0,0,20,6,9,8
2024-10-16,keyboard,accessories,north,store_2,60.0,0,34,2,10,13
2024-11-05,keyboard,accessories,north,store_2,60.0,0,31,1,11,11
2024-12-05,keyboard,accessories,north,store_2,60.0,0,42,3,12,13
2024-12-22,keyboard,accessories,north,store_2,60.0,0,44,6,12,15
2023-01-27,monitor,displays,center,store_1,250.0,0,31,4,1,8
2023-02-09,monitor,displays,center,store_1,250.0,0,35,3,2,9
2023-03-24,monitor,displays,center,store_1,250.0,0,14,4,3,6
2023-03-28,monitor,displays,center,store_1,250.0,0,29,1,3,8
2023-04-23,monitor,displays,center,store_1,250.0,0,17,6,4,4
2023-04-28,monitor,displays,center,store_1,250.0,0,21,4,4,3
2023-05-08,monitor,displays,center,store_1,250.0,0,12,0,5,6
2023-05-25,monitor,displays,center,store_1,250.0,0,30,3,5,7
2023-06-05,monitor,displays,center,store_1,250.0,0,19,0,6,1
2023-06-07,monitor,displays,center,store_1,250.0,0,24,2,6,7
2023-06-19,monitor,displays,center,store_1,250.0,0,18,0,6,6
2023-07-05,monitor,displays,center,store_1,250.0,0,24,2,7,5
2023-07-22,monitor,displays,center,store_1,250.0,0,15,5,7,6
2023-07-26,monitor,displays,center,store_1,250.0,0,31,2,7,4
2023-08-22,monitor,displays,center,store_1,250.0,0,27,1,8,8
2023-08-31,monitor,displays,center,store_1,250.0,0,32,3,8,5
2023-09-03,monitor,displays,center,store_1,250.0,0,16,6,9,7
2023-09-05,monitor,displays,center,store_1,250.0,0,10,1,9,5
2023-09-13,monitor,displays,center,store_1,250.0,0,27,2,9,8
2023-09-30,monitor,displays,center,store_1,250.0,0,27,5,9,6
2023-10-04,monitor,displays,center,store_1,225.0,1,36,2,10,12
2023-10-09,monitor,displays,center,store_1,250.0,0,25,0,10,3
2023-10-14,monitor,displays,center,store_1,225.0,1,36,5,10,10
2023-10-16,monitor,displays,center,store_1,250.0,0,21,0,10,4
2023-10-20,monitor,displays,center,store_1,250.0,0,30,4,10,6
2023-10-21,monitor,displays,center,store_1,250.0,0,32,5,10,3
2023-12-01,monitor,displays,center,store_1,250.0,0,29,4,12,7
2023-12-04,monitor,displays,center,store_1,250.0,0,21,0,12,8
2024-01-03,monitor,displays,center,store_1,250.0,0,15,2,1,7
2024-01-05,monitor,displays,center,store_1,250.0,0,28,4,1,4
2024-01-07,monitor,displays,center,store_1,250.0,0,29,6,1,7
2024-01-11,monitor,displays,center,store_1,250.0,0,22,3,1,5
2024-01-15,monitor,displays,center,store_1,225.0,1,15,0,1,9
2024-01-19,monitor,displays,center,store_1,250.0,0,35,4,1,9
2024-01-31,monitor,displays,center,store_1,250.0,0,18,2,1,5
2024-02-05,monitor,displays,center,store_1,250.0,0,29,0,2,7
2024-02-13,monitor,displays,center,store_1,250.0,0,30,1,2,5
2024-02-17,monitor,displays,center,store_1,225.0,1,30,5,2,10
2024-02-29,monitor,displays,center,store_1,225.0,1,11,3,2,6
2024-03-05,monitor,displays,center,store_1,250.0,0,23,1,3,3
2024-03-07,monitor,displays,center,store_1,250.0,0,25,3,3,4
2024-03-29,monitor,displays,center,store_1,225.0,1,41,4,3,13
2024-04-02,monitor,displays,center,store_1,225.0,1,32,1,4,9
2024-04-08,monitor,displays,center,store_1,250.0,0,34,0,4,6
2024-04-24,monitor,displays,center,store_1,250.0,0,14,2,4,6
2024-05-19,monitor,displays,center,store_1,250.0,0,27,6,5,6
2024-06-03,monitor,displays,center,store_1,250.0,0,17,0,6,5
2024-07-02,monitor,displays,center,store_1,250.0,0,22,1,7,6
2024-07-06,monitor,displays,center,store_1,250.0,0,32,5,7,7
2024-07-12,monitor,displays,center,store_1,250.0,0,10,4,7,5
2024-07-25,monitor,displays,center,store_1,250.0,0,32,3,7,4
2024-09-03,monitor,displays,center,store_1,250.0,0,11,1,9,3
2024-09-26,monitor,displays,center,store_1,225.0,1,39,3,9,10
2024-10-03,monitor,displays,center,store_1,250.0,0,23,3,10,4
2024-10-17,monitor,displays,center,store_1,250.0,0,22,3,10,3
2024-10-25,monitor,displays,center,store_1,250.0,0,20,4,10,4
2024-11-24,monitor,displays,center,store_1,250.0,0,28,6,11,9
2024-11-30,monitor,displays,center,store_1,250.0,0,29,5,11,8
2024-12-12,monitor,displays,center,store_1,250.0,0,27,3,12,5
2023-01-27,headphones,audio,center,store_1,120.0,0,22,4,1,10
2023-02-03,headphones,audio,center,store_1,120.0,0,35,4,2,7
2023-02-23,headphones,audio,center,store_1,120.0,0,13,3,2,7
2023-03-12,headphones,audio,center,store_1,120.0,0,30,6,3,8
2023-04-01,headphones,audio,center,store_1,120.0,0,21,5,4,6
2023-05-03,headphones,audio,center,store_1,120.0,0,26,2,5,11
2023-05-06,headphones,audio,center,store_1,120.0,0,22,5,5,5
2023-05-19,headphones,audio,center,store_1,120.0,0,23,4,5,8
2023-05-27,headphones,audio,center,store_1,120.0,0,31,5,5,8
2023-05-28,headphones,audio,center,store_1,120.0,0,19,6,5,5
2023-05-30,headphones,audio,center,store_1,120.0,0,25,1,5,8
2023-06-16,headphones,audio,center,store_1,108.0,1,36,4,6,14
2023-06-24,headphones,audio,center,store_1,108.0,1,26,5,6,12
2023-07-14,headphones,audio,center,store_1,120.0,0,31,4,7,8
2023-07-31,headphones,audio,center,store_1,108.0,1,42,0,7,15
2023-09-04,headphones,audio,center,store_1,120.0,0,20,0,9,7
2023-09-06,headphones,audio,center,store_1,120.0,0,32,2,9,4
2023-09-07,headphones,audio,center,store_1,120.0,0,36,3,9,7
2023-09-28,headphones,audio,center,store_1,120.0,0,32,3,9,9
2023-10-06,headphones,audio,center,store_1,120.0,0,13,4,10,8
2023-10-11,headphones,audio,center,store_1,108.0,1,32,2,10,14
2023-10-29,headphones,audio,center,store_1,120.0,0,21,6,10,9
2023-11-07,headphones,audio,center,store_1,120.0,0,21,1,11,9
2023-11-26,headphones,audio,center,store_1,108.0,1,42,6,11,14
2023-12-11,headphones,audio,center,store_1,120.0,0,18,0,12,9
2023-12-26,headphones,audio,center,store_1,120.0,0,16,1,12,9
2024-01-03,headphones,audio,center,store_1,120.0,0,13,2,1,8
2024-01-06,headphones,audio,center,store_1,120.0,0,24,5,1,9
2024-01-10,headphones,audio,center,store_1,120.0,0,20,2,1,8
2024-02-11,headphones,audio,center,store_1,120.0,0,18,6,2,8
2024-02-13,headphones,audio,center,store_1,120.0,0,35,1,2,9
2024-03-13,headphones,audio,center,store_1,120.0,0,20,2,3,9
2024-03-23,headphones,audio,center,store_1,120.0,0,35,5,3,7
2024-03-27,headphones,audio,center,store_1,120.0,0,21,2,3,9
2024-03-29,headphones,audio,center,store_1,120.0,0,28,4,3,11
2024-04-06,headphones,audio,center,store_1,120.0,0,27,5,4,9
2024-04-11,headphones,audio,center,store_1,120.0,0,36,3,4,11
2024-04-14,headphones,audio,center,store_1,108.0,1,22,6,4,13
2024-04-19,headphones,audio,center,store_1,120.0,0,30,4,4,7
2024-04-25,headphones,audio,center,store_1,120.0,0,26,3,4,6
2024-04-26,headphones,audio,center,store_1,108.0,1,31,4,4,13
2024-06-07,headphones,audio,center,store_1,120.0,0,30,4,6,7
2024-06-21,headphones,audio,center,store_1,120.0,0,35,4,6,6
2024-07-13,headphones,audio,center,store_1,120.0,0,35,5,7,9
2024-07-14,headphones,audio,center,store_1,120.0,0,37,6,7,8
2024-08-06,headphones,audio,center,store_1,108.0,1,26,1,8,12
2024-08-13,headphones,audio,center,store_1,120.0,0,26,1,8,7
2024-08-16,headphones,audio,center,store_1,120.0,0,17,4,8,6
2024-08-28,headphones,audio,center,store_1,120.0,0,31,2,8,8
2024-08-29,headphones,audio,center,store_1,108.0,1,32,3,8,13
2024-09-07,headphones,audio,center,store_1,120.0,0,20,5,9,8
2024-10-08,headphones,audio,center,store_1,120.0,0,19,1,10,8
2024-10-10,headphones,audio,center,store_1,120.0,0,30,3,10,4
2024-11-11,headphones,audio,center,store_1,120.0,0,22,0,11,7
2024-11-20,headphones,audio,center,store_1,120.0,0,30,2,11,9
2024-11-23,headphones,audio,center,store_1,120.0,0,23,5,11,12
2024-12-03,headphones,audio,center,store_1,108.0,1,40,1,12,16
2024-12-18,headphones,audio,center,store_1,120.0,0,16,2,12,8
2024-12-25,headphones,audio,center,store_1,120.0,0,21,2,12,6
2024-12-26,headphones,audio,center,store_1,120.0,0,19,3,12,8
2024-12-30,headphones,audio,center,store_1,120.0,0,16,0,12,8
2023-01-28,keyboard,accessories,south,store_1,60.0,0,34,5,1,13
2023-02-17,keyboard,accessories,south,store_1,60.0,0,35,4,2,12
2023-03-16,keyboard,accessories,south,store_1,60.0,0,15,3,3,7
2023-04-07,keyboard,accessories,south,store_1,60.0,0,23,4,4,13
2023-05-25,keyboard,accessories,south,store_1,60.0,0,16,3,5,9
2023-06-13,keyboard,accessories,south,store_1,60.0,0,26,1,6,7
2023-06-14,keyboard,accessories,south,store_1,54.0,1,40,2,6,18
2023-07-17,keyboard,accessories,south,store_1,54.0,1,18,0,7,13
2023-07-22,keyboard,accessories,south,store_1,54.0,1,43,5,7,14
2023-08-25,keyboard,accessories,south,store_1,60.0,0,23,4,8,12
2023-08-30,keyboard,accessories,south,store_1,60.0,0,31,2,8,13
2023-09-13,keyboard,accessories,south,store_1,60.0,0,20,2,9,12
2023-09-15,keyboard,accessories,south,store_1,54.0,1,29,4,9,13
2023-10-12,keyboard,accessories,south,store_1,60.0,0,38,3,10,10
2023-10-13,keyboard,accessories,south,store_1,54.0,1,37,4,10,14
2023-10-17,keyboard,accessories,south,store_1,60.0,0,16,1,10,8
2023-11-15,keyboard,accessories,south,store_1,54.0,1,44,2,11,17
2023-12-05,keyboard,accessories,south,store_1,54.0,1,29,1,12,21
2023-12-08,keyboard,accessories,south,store_1,60.0,0,38,4,12,9
2023-12-27,keyboard,accessories,south,store_1,60.0,0,38,2,12,13
2023-12-30,keyboard,accessories,south,store_1,60.0,0,20,5,12,12
2024-01-21,keyboard,accessories,south,store_1,60.0,0,19,6,1,7
2024-01-23,keyboard,accessories,south,store_1,60.0,0,27,1,1,11
2024-01-27,keyboard,accessories,south,store_1,60.0,0,40,5,1,14
2024-02-04,keyboard,accessories,south,store_1,60.0,0,28,6,2,15
2024-02-05,keyboard,accessories,south,store_1,54.0,1,29,0,2,15
2024-02-18,keyboard,accessories,south,store_1,54.0,1,43,6,2,18
2024-02-24,keyboard,accessories,south,store_1,54.0,1,36,5,2,15
2024-03-16,keyboard,accessories,south,store_1,60.0,0,25,5,3,14
2024-03-24,keyboard,accessories,south,store_1,60.0,0,18,6,3,12
2024-03-28,keyboard,accessories,south,store_1,60.0,0,32,3,3,13
2024-04-03,keyboard,accessories,south,store_1,60.0,0,22,2,4,11
2024-04-11,keyboard,accessories,south,store_1,60.0,0,30,3,4,11
2024-04-26,keyboard,accessories,south,store_1,60.0,0,33,4,4,11
2024-04-27,keyboard,accessories,south,store_1,54.0,1,24,5,4,13
2024-05-12,keyboard,accessories,south,store_1,60.0,0,28,6,5,9
2024-05-25,keyboard,accessories,south,store_1,54.0,1,30,5,5,15
2024-06-10,keyboard,accessories,south,store_1,60.0,0,19,0,6,8
2024-06-22,keyboard,accessories,south,store_1,54.0,1,40,5,6,17
2024-06-24,keyboard,accessories,south,store_1,60.0,0,21,0,6,8
2024-06-28,keyboard,accessories,south,store_1,60.0,0,23,4,6,10
2024-06-30,keyboard,accessories,south,store_1,60.0,0,30,6,6,11
2024-07-12,keyboard,accessories,south,store_1,60.0,0,16,4,7,8
2024-07-24,keyboard,accessories,south,store_1,60.0,0,33,2,7,12
2024-07-29,keyboard,accessories,south,store_1,54.0,1,36,0,7,16
2024-08-06,keyboard,accessories,south,store_1,54.0,1,31,1,8,13
2024-08-08,keyboard,accessories,south,store_1,60.0,0,32,3,8,13
2024-09-08,keyboard,accessories,south,store_1,60.0,0,25,6,9,16
2024-09-09,keyboard,accessories,south,store_1,60.0,0,37,0,9,9
2024-09-19,keyboard,accessories,south,store_1,60.0,0,17,3,9,9
2024-10-03,keyboard,accessories,south,store_1,60.0,0,21,3,10,9
2024-10-08,keyboard,accessories,south,store_1,54.0,1,32,1,10,14
2024-10-23,keyboard,accessories,south,store_1,60.0,0,33,2,10,10
2024-11-03,keyboard,accessories,south,store_1,60.0,0,30,6,11,16
2024-11-04,keyboard,accessories,south,store_1,60.0,0,35,0,11,10
2024-11-26,keyboard,accessories,south,store_1,54.0,1,38,1,11,15
2024-12-17,keyboard,accessories,south,store_1,60.0,0,22,1,12,16
2024-12-26,keyboard,accessories,south,store_1,60.0,0,20,3,12,13
