data/complex_sales_dataset.csv
date,product,category,region,store,price,promotion,inventory,weekday,month,sales
2023-01-28,headphones,audio,south,store_2,108.0,1,22,5,1,16
2023-02-15,headphones,audio,south,store_2,120.0,0,19,2,2,11
2023-02-16,headphones,audio,south,store_2,120.0,0,23,3,2,6
2023-02-25,headphones,audio,south,store_2,120.0,0,36,5,2,8
2023-03-03,headphones,audio,south,store_2,120.0,0,37,4,3,11
2023-04-03,headphones,audio,south,store_2,120.0,0,34,0,4,10
2023-04-07,headphones,audio,south,store_2,120.0,0,15,4,4,6
2023-04-09,headphones,audio,south,store_2,120.0,0,37,6,4,9
2023-04-16,headphones,audio,south,store_2,120.0,0,31,6,4,12
2023-04-28,headphones,audio,south,store_2,120.0,0,31,4,4,8
2023-05-02,headphones,audio,south,store_2,108.0,1,36,1,5,15
2023-05-10,headphones,audio,south,store_2,108.0,1,33,2,5,13
2023-05-14,headphones,audio,south,store_2,120.0,0,25,6,5,9
2023-05-18,headphones,audio,south,store_2,120.0,0,17,3,5,8
2023-05-20,headphones,audio,south,store_2,120.0,0,32,5,5,8
2023-06-01,headphones,audio,south,store_2,120.0,0,13,3,6,3
2023-06-13,headphones,audio,south,store_2,120.0,0,20,1,6,10
2023-06-18,headphones,audio,south,store_2,120.0,0,29,6,6,8
2023-06-27,headphones,audio,south,store_2,120.0,0,24,1,6,8
2023-06-29,headphones,audio,south,store_2,120.0,0,16,3,6,4
2023-07-05,headphones,audio,south,store_2,120.0,0,26,2,7,9
2023-07-09,headphones,audio,south,store_2,120.0,0,24,6,7,9
2023-07-15,headphones,audio,south,store_2,120.0,0,25,5,7,10
2023-07-17,headphones,audio,south,store_2,120.0,0,21,0,7,6
2023-07-30,headphones,audio,south,store_2,120.0,0,22,6,7,11
2023-08-07,headphones,audio,south,store_2,120.0,0,39,0,8,10
2023-08-13,headphones,audio,south,store_2,108.0,1,40,6,8,11
2023-08-14,headphones,audio,south,store_2,120.0,0,32,0,8,9
2023-08-20,headphones,audio,south,store_2,108.0,1,38,6,8,15
2023-08-21,headphones,audio,south,store_2,108.0,1,24,0,8,13
2023-08-25,headphones,audio,south,store_2,120.0,0,16,4,8,8
2023-09-18,headphones,audio,south,store_2,108.0,1,31,0,9,12
2023-09-24,headphones,audio,south,store_2,108.0,1,18,6,9,11
2023-10-30,headphones,audio,south,store_2,108.0,1,28,0,10,12
2023-11-04,headphones,audio,south,store_2,120.0,0,22,5,11,11
2023-11-10,headphones,audio,south,store_2,120.0,0,28,4,11,8
2023-12-03,headphones,audio,south,store_2,108.0,1,38,6,12,16
2024-01-05,headphones,audio,south,store_2,120.0,0,37,4,1,9
2024-02-02,headphones,audio,south,store_2,108.0,1,25,4,2,12
2024-02-08,headphones,audio,south,store_2,120.0,0,24,3,2,8
2024-02-12,headphones,audio,south,store_2,108.0,1,28,0,2,12
2024-02-24,headphones,audio,south,store_2,120.0,0,20,5,2,12
2024-02-27,headphones,audio,south,store_2,120.0,0,14,1,2,8
2024-03-06,headphones,audio,south,store_2,120.0,0,20,2,3,9
2024-03-11,headphones,audio,south,store_2,120.0,0,28,0,3,6
2024-03-12,headphones,audio,south,store_2,120.0,0,19,1,3,5
2024-03-17,headphones,audio,south,store_2,120.0,0,36,6,3,10
2024-03-21,headphones,audio,south,store_2,120.0,0,32,3,3,8
2024-03-31,headphones,audio,south,store_2,120.0,0,27,6,3,9
2024-05-16,headphones,audio,south,store_2,120.0,0,34,3,5,10
2024-06-14,headphones,audio,south,store_2,120.0,0,25,4,6,7
2024-06-18,headphones,audio,south,store_2,120.0,0,14,1,6,6
2024-07-11,headphones,audio,south,store_2,120.0,0,15,3,7,8
2024-07-18,headphones,audio,south,store_2,120.0,0,25,3,7,6
2024-07-21,headphones,audio,south,store_2,120.0,0,29,6,7,12
2024-07-22,headphones,audio,south,store_2,120.0,0,23,0,7,3
2024-07-28,headphones,audio,south,store_2,120.0,0,36,6,7,9
2024-07-30,headphones,audio,south,store_2,120.0,0,18,1,7,6
2024-08-19,headphones,audio,south,store_2,120.0,0,26,0,8,7
2024-08-26,headphones,audio,south,store_2,120.0,0,35,0,8,7
2024-09-13,headphones,audio,south,store_2,108.0,1,32,4,9,13
2024-09-26,headphones,audio,south,store_2,120.0,0,28,3,9,10
2024-11-21,headphones,audio,south,store_2,120.0,0,37,3,11,12
2024-12-23,headphones,audio,south,store_2,120.0,0,15,0,12,6
2023-02-01,laptop,computers,center,store_1,900.0,0,22,2,2,4
2023-02-04,laptop,computers,center,store_1,900.0,0,29,5,2,6
2023-02-08,laptop,computers,center,store_1,900.0,0,24,2,2,5
2023-03-01,laptop,computers,center,store_1,900.0,0,28,2,3,2
2023-03-14,laptop,computers,center,store_1,900.0,0,23,1,3,6
2023-04-30,laptop,computers,center,store_1,900.0,0,33,6,4,6
2023-06-03,laptop,computers,center,store_1,900.0,0,25,5,6,8
2023-06-08,laptop,computers,center,store_1,900.0,0,25,3,6,4
2023-06-13,laptop,computers,center,store_1,810.0,1,19,1,6,14
2023-07-04,laptop,computers,center,store_1,900.0,0,27,1,7,1
2023-07-11,laptop,computers,center,store_1,900.0,0,12,1,7,6
2023-07-28,laptop,computers,center,store_1,900.0,0,15,4,7,4
2023-08-18,laptop,computers,center,store_1,900.0,0,14,4,8,5
2023-09-11,laptop,computers,center,store_1,810.0,1,20,0,9,9
2023-09-13,laptop,computers,center,store_1,900.0,0,24,2,9,4
2023-09-25,laptop,computers,center,store_1,900.0,0,24,0,9,7
2023-10-08,laptop,computers,center,store_1,900.0,0,28,6,10,5
2023-10-14,laptop,computers,center,store_1,900.0,0,32,5,10,9
2023-10-27,laptop,computers,center,store_1,900.0,0,18,4,10,5
2023-11-08,laptop,computers,center,store_1,810.0,1,30,2,11,13
2023-11-10,laptop,computers,center,store_1,900.0,0,23,4,11,2
2023-11-23,laptop,computers,center,store_1,900.0,0,12,3,11,7
2023-11-28,laptop,computers,center,store_1,900.0,0,13,1,11,7
2023-12-11,laptop,computers,center,store_1,900.0,0,30,0,12,8
2023-12-31,laptop,computers,center,store_1,900.0,0,20,6,12,4
2024-02-03,laptop,computers,center,store_1,900.0,0,34,5,2,8
2024-03-17,laptop,computers,center,store_1,900.0,0,34,6,3,8
2024-03-26,laptop,computers,center,store_1,900.0,0,17,1,3,7
2024-03-30,laptop,computers,center,store_1,900.0,0,35,5,3,6
2024-04-08,laptop,computers,center,store_1,900.0,0,33,0,4,6
2024-04-10,laptop,computers,center,store_1,900.0,0,20,2,4,4
2024-05-04,laptop,computers,center,store_1,900.0,0,24,5,5,4
2024-05-15,laptop,computers,center,store_1,900.0,0,12,2,5,7
2024-05-26,laptop,computers,center,store_1,900.0,0,23,6,5,4
2024-05-30,laptop,computers,center,store_1,900.0,0,15,3,5,5
2024-06-23,laptop,computers,center,store_1,900.0,0,21,6,6,6
2024-07-19,laptop,computers,center,store_1,900.0,0,24,4,7,4
2024-07-24,laptop,computers,center,store_1,900.0,0,26,2,7,5
2024-08-14,laptop,computers,center,store_1,810.0,1,31,2,8,8
2024-08-17,laptop,computers,center,store_1,900.0,0,28,5,8,2
2024-08-20,laptop,computers,center,store_1,900.0,0,31,1,8,3
2024-08-23,laptop,computers,center,store_1,900.0,0,23,4,8,2
2024-09-15,laptop,computers,center,store_1,900.0,0,19,6,9,7
2024-10-22,laptop,computers,center,store_1,900.0,0,24,1,10,1
2024-11-16,laptop,computers,center,store_1,900.0,0,21,5,11,7
2024-12-15,laptop,computers,center,store_1,900.0,0,23,6,12,6
2024-12-16,laptop,computers,center,store_1,900.0,0,32,0,12,4
2024-12-26,laptop,computers,center,store_1,900.0,0,22,3,12,9
2023-02-01,headphones,audio,north,store_3,120.0,0,31,2,2,5
2023-02-04,headphones,audio,north,store_3,108.0,1,38,5,2,10
2023-02-06,headphones,audio,north,store_3,120.0,0,32,0,2,11
2023-02-18,headphones,audio,north,store_3,120.0,0,14,5,2,7
2023-03-01,headphones,audio,north,store_3,120.0,0,28,2,3,11
2023-03-09,headphones,audio,north,store_3,120.0,0,26,3,3,7
2023-03-19,headphones,audio,north,store_3,120.0,0,20,6,3,7
2023-03-21,headphones,audio,north,store_3,120.0,0,29,1,3,9
2023-03-29,headphones,audio,north,store_3,120.0,0,26,2,3,11
2023-03-30,headphones,audio,north,store_3,120.0,0,19,3,3,6
2023-04-22,headphones,audio,north,store_3,120.0,0,18,5,4,6
2023-04-24,headphones,audio,north,store_3,120.0,0,35,0,4,8
2023-04-27,headphones,audio,north,store_3,120.0,0,20,3,4,6
2023-04-30,headphones,audio,north,store_3,108.0,1,16,6,4,10
2023-05-21,headphones,audio,north,store_3,120.0,0,33,6,5,8
2023-05-31,headphones,audio,north,store_3,120.0,0,29,2,5,8
2023-07-29,headphones,audio,north,store_3,120.0,0,19,5,7,8
2023-08-18,headphones,audio,north,store_3,120.0,0,40,4,8,11
2023-09-17,headphones,audio,north,store_3,120.0,0,10,6,9,5
2023-09-19,headphones,audio,north,store_3,120.0,0,23,1,9,7
2023-09-30,headphones,audio,north,store_3,120.0,0,29,5,9,4
2023-10-08,headphones,audio,north,store_3,108.0,1,26,6,10,12
2023-10-14,headphones,audio,north,store_3,120.0,0,29,5,10,7
2023-10-18,headphones,audio,north,store_3,120.0,0,30,2,10,10
2023-10-26,headphones,audio,north,store_3,120.0,0,31,3,10,7
2023-10-28,headphones,audio,north,store_3,120.0,0,17,5,10,10
2023-12-14,headphones,audio,north,store_3,120.0,0,14,3,12,5
2023-12-20,headphones,audio,north,store_3,120.0,0,38,2,12,9
2023-12-25,headphones,audio,north,store_3,120.0,0,27,0,12,9
2024-01-07,headphones,audio,north,store_3,108.0,1,41,6,1,15
2024-01-11,headphones,audio,north,store_3,120.0,0,28,3,1,10
2024-02-09,headphones,audio,north,store_3,120.0,0,29,4,2,7
2024-03-09,headphones,audio,north,store_3,120.0,0,21,5,3,8
2024-03-18,headphones,audio,north,store_3,120.0,0,14,0,3,3
2024-03-30,headphones,audio,north,store_3,120.0,0,16,5,3,6
2024-04-10,headphones,audio,north,store_3,120.0,0,24,2,4,9
2024-04-13,headphones,audio,north,store_3,120.0,0,23,5,4,9
2024-05-05,headphones,audio,north,store_3,108.0,1,31,6,5,16
2024-05-15,headphones,audio,north,store_3,120.0,0,14,2,5,4
2024-06-05,headphones,audio,north,store_3,120.0,0,20,2,6,7
2024-06-06,headphones,audio,north,store_3,120.0,0,19,3,6,7
2024-06-17,headphones,audio,north,store_3,108.0,1,35,0,6,8
2024-07-03,headphones,audio,north,store_3,120.0,0,24,2,7,7
2024-07-04,headphones,audio,north,store_3,108.0,1,42,3,7,14
2024-07-06,headphones,audio,north,store_3,120.0,0,21,5,7,8
2024-07-20,headphones,audio,north,store_3,120.0,0,23,5,7,5
2024-07-25,headphones,audio,north,store_3,108.0,1,22,3,7,11
2024-09-02,headphones,audio,north,store_3,120.0,0,32,0,9,7
2024-09-06,headphones,audio,north,store_3,120.0,0,29,4,9,7
2024-09-11,headphones,audio,north,store_3,120.0,0,28,2,9,11
2024-10-23,headphones,audio,north,store_3,120.0,0,33,2,10,6
2024-11-02,headphones,audio,north,store_3,120.0,0,29,5,11,9
2024-11-13,headphones,audio,north,store_3,120.0,0,31,2,11,8
2024-11-17,headphones,audio,north,store_3,120.0,0,36,6,11,9
2024-12-04,headphones,audio,north,store_3,120.0,0,30,2,12,12
2024-12-07,headphones,audio,north,store_3,120.0,0,20,5,12,10
2024-12-13,headphones,audio,north,store_3,108.0,1,20,4,12,12
2023-02-02,mouse,accessories,north,store_2,25.0,0,34,3,2,15
2023-02-04,mouse,accessories,north,store_2,22.5,1,57,5,2,31
2023-02-15,mouse,accessories,north,store_2,25.0,0,47,2,2,20
2023-02-16,mouse,accessories,north,store_2,22.5,1,35,3,2,27
2023-02-27,mouse,accessories,north,store_2,25.0,0,31,0,2,20
2023-03-13,mouse,accessories,north,store_2,25.0,0,40,0,3,20
2023-04-07,mouse,accessories,north,store_2,25.0,0,38,4,4,16
2023-04-11,mouse,accessories,north,store_2,25.0,0,25,1,4,15
2023-04-20,mouse,accessories,north,store_2,22.5,1,47,3,4,26
2023-04-23,mouse,accessories,north,store_2,22.5,1,37,6,4,25
2023-04-29,mouse,accessories,north,store_2,22.5,1,36,5,4,27
2023-05-12,mouse,accessories,north,store_2,25.0,0,48,4,5,19
2023-05-19,mouse,accessories,north,store_2,25.0,0,24,4,5,17
2023-06-13,mouse,accessories,north,store_2,25.0,0,32,1,6,21
2023-07-09,mouse,accessories,north,store_2,22.5,1,38,6,7,28
2023-07-23,mouse,accessories,north,store_2,25.0,0,50,6,7,25
2023-07-30,mouse,accessories,north,store_2,25.0,0,28,6,7,19
2023-08-01,mouse,accessories,north,store_2,25.0,0,38,1,8,21
2023-08-10,mouse,accessories,north,store_2,25.0,0,31,3,8,18
2023-08-23,mouse,accessories,north,store_2,25.0,0,31,2,8,19
2023-08-27,mouse,accessories,north,store_2,25.0,0,35,6,8,22
2023-08-29,mouse,accessories,north,store_2,25.0,0,40,1,8,17
2023-09-03,mouse,accessories,north,store_2,25.0,0,44,6,9,21
2023-09-18,mouse,accessories,north,store_2,25.0,0,37,0,9,20
2023-10-01,mouse,accessories,north,store_2,25.0,0,41,6,10,21
2023-10-06,mouse,accessories,north,store_2,22.5,1,46,4,10,24
2023-10-11,mouse,accessories,north,store_2,25.0,0,25,2,10,17
2023-10-29,mouse,accessories,north,store_2,25.0,0,47,6,10,21
2023-11-16,mouse,accessories,north,store_2,25.0,0,33,3,11,24
2023-11-21,mouse,accessories,north,store_2,25.0,0,49,1,11,23
2023-11-28,mouse,accessories,north,store_2,25.0,0,43,1,11,23
2023-12-06,mouse,accessories,north,store_2,22.5,1,33,2,12,28
2023-12-25,mouse,accessories,north,store_2,25.0,0,40,0,12,24
2024-01-04,mouse,accessories,north,store_2,25.0,0,33,3,1,20
2024-01-16,mouse,accessories,north,store_2,25.0,0,31,1,1,21
2024-01-28,mouse,accessories,north,store_2,25.0,0,51,6,1,23
2024-01-31,mouse,accessories,north,store_2,25.0,0,32,2,1,19
2024-02-05,mouse,accessories,north,store_2,25.0,0,49,0,2,21
2024-02-06,mouse,accessories,north,store_2,25.0,0,37,1,2,19
2024-02-22,mouse,accessories,north,store_2,25.0,0,32,3,2,21
2024-03-23,mouse,accessories,north,store_2,25.0,0,46,5,3,23
2024-04-02,mouse,accessories,north,store_2,25.0,0,51,1,4,25
2024-04-06,mouse,accessories,north,store_2,25.0,0,47,5,4,21
2024-04-14,mouse,accessories,north,store_2,25.0,0,32,6,4,23
2024-04-20,mouse,accessories,north,store_2,25.0,0,42,5,4,24
2024-04-25,mouse,accessories,north,store_2,25.0,0,44,3,4,19
2024-04-27,mouse,accessories,north,store_2,25.0,0,44,5,4,20
2024-06-08,mouse,accessories,north,store_2,25.0,0,45,5,6,23
2024-06-12,mouse,accessories,north,store_2,25.0,0,44,2,6,18
2024-06-23,mouse,accessories,north,store_2,25.0,0,38,6,6,24
2024-07-10,mouse,accessories,north,store_2,25.0,0,38,2,7,18
2024-07-21,mouse,accessories,north,store_2,25.0,0,44,6,7,20
2024-08-10,mouse,accessories,north,store_2,25.0,0,51,5,8,24
2024-08-13,mouse,accessories,north,store_2,25.0,0,45,1,8,18
2024-08-17,mouse,accessories,north,store_2,25.0,0,35,5,8,25
2024-09-12,mouse,accessories,north,store_2,25.0,0,39,3,9,17
2024-09-14,mouse,accessories,north,store_2,25.0,0,46,5,9,25
2024-09-27,mouse,accessories,north,store_2,25.0,0,45,4,9,20
2024-10-17,mouse,accessories,north,store_2,25.0,0,43,3,10,21
2024-11-01,mouse,accessories,north,store_2,25.0,0,32,4,11,23
2024-11-16,mouse,accessories,north,store_2,25.0,0,44,5,11,30
2024-11-20,mouse,accessories,north,store_2,25.0,0,36,2,11,21
2024-11-25,mouse,accessories,north,store_2,22.5,1,54,0,11,27
2024-12-10,mouse,accessories,north,store_2,22.5,1,43,1,12,27
2024-12-15,mouse,accessories,north,store_2,22.5,1,39,6,12,34
2023-02-10,laptop,computers,south,store_1,810.0,1,40,4,2,15
2023-03-11,laptop,computers,south,store_1,810.0,1,35,5,3,11
2023-04-10,laptop,computers,south,store_1,900.0,0,22,0,4,8
2023-04-24,laptop,computers,south,store_1,900.0,0,22,0,4,7
2023-04-26,laptop,computers,south,store_1,900.0,0,12,2,4,6
2023-04-27,laptop,computers,south,store_1,900.0,0,19,3,4,3
2023-04-29,laptop,computers,south,store_1,900.0,0,11,5,4,2
2023-05-01,laptop,computers,south,store_1,900.0,0,30,0,5,7
2023-05-12,laptop,computers,south,store_1,900.0,0,20,4,5,6
2023-05-26,laptop,computers,south,store_1,900.0,0,30,4,5,7
2023-06-07,laptop,computers,south,store_1,900.0,0,16,2,6,3
2023-06-20,laptop,computers,south,store_1,900.0,0,26,1,6,4
2023-06-23,laptop,computers,south,store_1,900.0,0,27,4,6,5
2023-06-27,laptop,computers,south,store_1,900.0,0,26,1,6,2
2023-07-05,laptop,computers,south,store_1,810.0,1,32,2,7,6
2023-07-09,laptop,computers,south,store_1,810.0,1,19,6,7,9
2023-07-14,laptop,computers,south,store_1,900.0,0,12,4,7,5
2023-07-26,laptop,computers,south,store_1,900.0,0,28,2,7,8
2023-07-27,laptop,computers,south,store_1,900.0,0,14,3,7,6
2023-08-05,laptop,computers,south,store_1,810.0,1,23,5,8,8
2023-08-19,laptop,computers,south,store_1,900.0,0,18,5,8,4
2023-08-22,laptop,computers,south,store_1,900.0,0,29,1,8,2
2023-09-02,laptop,computers,south,store_1,900.0,0,14,5,9,5
2023-09-16,laptop,computers,south,store_1,900.0,0,17,5,9,6
2023-09-24,laptop,computers,south,store_1,900.0,0,13,6,9,3
2023-10-06,laptop,computers,south,store_1,900.0,0,27,4,10,5
2023-11-07,laptop,computers,south,store_1,900.0,0,19,1,11,7
2023-11-09,laptop,computers,south,store_1,900.0,0,36,3,11,7
2023-11-17,laptop,computers,south,store_1,810.0,1,19,4,11,11
2023-12-05,laptop,computers,south,store_1,900.0,0,16,1,12,4
2023-12-09,laptop,computers,south,store_1,810.0,1,26,5,12,15
2024-01-01,laptop,computers,south,store_1,810.0,1,23,0,1,10
2024-01-09,laptop,computers,south,store_1,900.0,0,21,1,1,4
2024-01-14,laptop,computers,south,store_1,900.0,0,12,6,1,6
2024-01-19,laptop,computers,south,store_1,900.0,0,24,4,1,1
2024-01-23,laptop,computers,south,store_1,900.0,0,14,1,1,4
2024-01-24,laptop,computers,south,store_1,900.0,0,34,2,1,7
2024-02-15,laptop,computers,south,store_1,900.0,0,14,3,2,6
2024-02-18,laptop,computers,south,store_1,810.0,1,19,6,2,12
2024-02-21,laptop,computers,south,store_1,810.0,1,36,2,2,9
2024-02-24,laptop,computers,south,store_1,900.0,0,25,5,2,3
2024-03-24,laptop,computers,south,store_1,900.0,0,23,6,3,4
2024-04-11,laptop,computers,south,store_1,900.0,0,28,3,4,5
2024-04-27,laptop,computers,south,store_1,900.0,0,34,5,4,5
2024-05-17,laptop,computers,south,store_1,900.0,0,15,4,5,1
2024-07-04,laptop,computers,south,store_1,900.0,0,29,3,7,7
2024-07-07,laptop,computers,south,store_1,810.0,1,38,6,7,12
2024-07-13,laptop,computers,south,store_1,900.0,0,22,5,7,8
2024-08-05,laptop,computers,south,store_1,810.0,1,37,0,8,10
2024-08-18,laptop,computers,south,store_1,810.0,1,22,6,8,13
2024-09-09,laptop,computers,south,store_1,810.0,1,22,0,9,9
2024-09-14,laptop,computers,south,store_1,900.0,0,17,5,9,7
2024-10-02,laptop,computers,south,store_1,900.0,0,16,2,10,6
2024-10-06,laptop,computers,south,store_1,900.0,0,13,6,10,3
2024-10-14,laptop,computers,south,store_1,900.0,0,11,0,10,2
2024-10-17,laptop,computers,south,store_1,810.0,1,28,3,10,9
2024-11-03,laptop,computers,south,store_1,900.0,0,20,6,11,6
2024-11-07,laptop,computers,south,store_1,900.0,0,11,3,11,4
2024-11-28,laptop,computers,south,store_1,900.0,0,7,3,11,2
2024-12-21,laptop,computers,south,store_1,900.0,0,20,5,12,7
